
> labe_designer@0.0.0 build
> vite build

[36mvite v8.0.2 [32mbuilding client environment for production...[36m[39m
[2K
transforming...Γ£ô 2106 modules transformed.
node.exe : [31mΓ£ù[39m Build failed in 3.61s
At line:1 char:1
+ & "D:\SOFTWARES\NODE/node.exe" 
"C:\Users\gutta\AppData\Roaming\npm/no ...
+ ~~~~~~~~~~~~~~~~~~~~~~~~~~~~~~~~~~~~~~~~~~~~~~~~~~~~~~~~~~~~~~~~~~~~~
    + CategoryInfo          : NotSpecified: ([31mΓ£ù[39m Build faile 
   d in 3.61s:String) [], RemoteException
    + FullyQualifiedErrorId : NativeCommandError
 
[31merror during build:
[31mBuild failed with 3 errors:

[31m[ILLEGAL_REASSIGNMENT] Error:[0m Unexpected re-assignment of 
const variable `genericError`
     [38;5;246mΓò¡[0m[38;5;246mΓöÇ[0m[38;5;246m[[0m 
src/pages/UserManagement.jsx:209:5 [38;5;246m][0m
     [38;5;246mΓöé[0m
 [38;5;246m200 Γöé[0m [38;5;249m [0m[38;5;249m [0m[38;5;249m 
[0m[38;5;249m [0m[38;5;249m [0m[38;5;249m [0m[38;5;249m 
[0m[38;5;249m [0m[38;5;249m [0m[38;5;249mc[0m[38;5;249mo[0m[3
8;5;249mn[0m[38;5;249ms[0m[38;5;249mt[0m[38;5;249m 
[0mgenericError[38;5;249m [0m[38;5;249m=[0m[38;5;249m [0m[38;5;
249m`[0m[38;5;249mF[0m[38;5;249ma[0m[38;5;249mi[0m[38;5;249ml[
0m[38;5;249me[0m[38;5;249md[0m[38;5;249m 
[0m[38;5;249mt[0m[38;5;249mo[0m[38;5;249m [0m[38;5;249m$[0m[3
8;5;249m{[0m[38;5;249mi[0m[38;5;249ms[0m[38;5;249mE[0m[38;5;249
md[0m[38;5;249mi[0m[38;5;249mt[0m[38;5;249mi[0m[38;5;249mn[0m
[38;5;249mg[0m[38;5;249m [0m[38;5;249m?[0m[38;5;249m [0m[38;5;2
49m"[0m[38;5;249mu[0m[38;5;249mp[0m[38;5;249md[0m[38;5;249ma[0
m[38;5;249mt[0m[38;5;249me[0m[38;5;249m"[0m[38;5;249m 
[0m[38;5;249m:[0m[38;5;249m [0m[38;5;249m"[0m[38;5;249mc[0m[3
8;5;249mr[0m[38;5;249me[0m[38;5;249ma[0m[38;5;249mt[0m[38;5;249
me[0m[38;5;249m"[0m[38;5;249m}[0m[38;5;249m [0m[38;5;249mu[0m
[38;5;249ms[0m[38;5;249me[0m[38;5;249mr[0m[38;5;249m:[0m[38;5;2
49m [0m[38;5;249m$[0m[38;5;249m{[0m[38;5;249mr[0m[38;5;249ma[0
m[38;5;249mw[0m[38;5;249mM[0m[38;5;249ms[0m[38;5;249mg[0m[38;5
;249m}[0m[38;5;249m`[0m[38;5;249m;[0m
 [38;5;240m    Γöé[0m                
ΓöÇΓöÇΓöÇΓöÇΓöÇΓöÇΓö¼ΓöÇΓöÇΓöÇΓöÇΓöÇ  
 [38;5;240m    Γöé[0m                      Γò░ΓöÇΓöÇΓöÇΓöÇΓöÇΓöÇΓöÇ 
`genericError` is declared here as const
 [38;5;240m    Γöé[0m 
 [38;5;246m209 Γöé[0m [38;5;249m [0m[38;5;249m [0m[38;5;249m 
[0m[38;5;249m [0m[38;5;249m [0m[38;5;249m [0m[38;5;249m 
[0m[38;5;249m [0m[38;5;249m [0m[38;5;249m 
[0mgenericError[38;5;249m [0m[38;5;249m=[0m[38;5;249m [0m[38;5;
249m"[0m[38;5;249mP[0m[38;5;249me[0m[38;5;249mr[0m[38;5;249mm[
0m[38;5;249mi[0m[38;5;249ms[0m[38;5;249ms[0m[38;5;249mi[0m[38;
5;249mo[0m[38;5;249mn[0m[38;5;249m [0m[38;5;249mD[0m[38;5;249me
[0m[38;5;249mn[0m[38;5;249mi[0m[38;5;249me[0m[38;5;249md[0m[3
8;5;249m:[0m[38;5;249m 
[0m[38;5;249mY[0m[38;5;249mo[0m[38;5;249mu[0m[38;5;249m 
[0m[38;5;249md[0m[38;5;249mo[0m[38;5;249m 
[0m[38;5;249mn[0m[38;5;249mo[0m[38;5;249mt[0m[38;5;249m [0m[3
8;5;249mh[0m[38;5;249ma[0m[38;5;249mv[0m[38;5;249me[0m[38;5;249
m [0m[38;5;249mp[0m[38;5;249me[0m[38;5;249mr[0m[38;5;249mm[0m
[38;5;249mi[0m[38;5;249ms[0m[38;5;249ms[0m[38;5;249mi[0m[38;5;2
49mo[0m[38;5;249mn[0m[38;5;249m 
[0m[38;5;249mt[0m[38;5;249mo[0m[38;5;249m [0m[38;5;249mm[0m[3
8;5;249ma[0m[38;5;249mn[0m[38;5;249ma[0m[38;5;249mg[0m[38;5;249
me[0m[38;5;249m [0m[38;5;249mu[0m[38;5;249ms[0m[38;5;249me[0m
[38;5;249mr[0m[38;5;249ms[0m[38;5;249m.[0m[38;5;249m"[0m[38;5;2
49m;[0m
 [38;5;240m    Γöé[0m           ΓöÇΓöÇΓöÇΓöÇΓöÇΓöÇΓö¼ΓöÇΓöÇΓöÇΓöÇΓöÇ 
 
 [38;5;240m    Γöé[0m                 Γò░ΓöÇΓöÇΓöÇΓöÇΓöÇΓöÇΓöÇ 
`genericError` is re-assigned here
[38;5;246mΓöÇΓöÇΓöÇΓöÇΓöÇΓò»[0m

[31m[ILLEGAL_REASSIGNMENT] Error:[0m Unexpected re-assignment of 
const variable `genericError`
     [38;5;246mΓò¡[0m[38;5;246mΓöÇ[0m[38;5;246m[[0m 
src/pages/UserManagement.jsx:211:5 [38;5;246m][0m
     [38;5;246mΓöé[0m
 [38;5;246m200 Γöé[0m [38;5;249m [0m[38;5;249m [0m[38;5;249m 
[0m[38;5;249m [0m[38;5;249m [0m[38;5;249m [0m[38;5;249m 
[0m[38;5;249m [0m[38;5;249m [0m[38;5;249mc[0m[38;5;249mo[0m[3
8;5;249mn[0m[38;5;249ms[0m[38;5;249mt[0m[38;5;249m 
[0mgenericError[38;5;249m [0m[38;5;249m=[0m[38;5;249m [0m[38;5;
249m`[0m[38;5;249mF[0m[38;5;249ma[0m[38;5;249mi[0m[38;5;249ml[
0m[38;5;249me[0m[38;5;249md[0m[38;5;249m 
[0m[38;5;249mt[0m[38;5;249mo[0m[38;5;249m [0m[38;5;249m$[0m[3
8;5;249m{[0m[38;5;249mi[0m[38;5;249ms[0m[38;5;249mE[0m[38;5;249
md[0m[38;5;249mi[0m[38;5;249mt[0m[38;5;249mi[0m[38;5;249mn[0m
[38;5;249mg[0m[38;5;249m [0m[38;5;249m?[0m[38;5;249m [0m[38;5;2
49m"[0m[38;5;249mu[0m[38;5;249mp[0m[38;5;249md[0m[38;5;249ma[0
m[38;5;249mt[0m[38;5;249me[0m[38;5;249m"[0m[38;5;249m 
[0m[38;5;249m:[0m[38;5;249m [0m[38;5;249m"[0m[38;5;249mc[0m[3
8;5;249mr[0m[38;5;249me[0m[38;5;249ma[0m[38;5;249mt[0m[38;5;249
me[0m[38;5;249m"[0m[38;5;249m}[0m[38;5;249m [0m[38;5;249mu[0m
[38;5;249ms[0m[38;5;249me[0m[38;5;249mr[0m[38;5;249m:[0m[38;5;2
49m [0m[38;5;249m$[0m[38;5;249m{[0m[38;5;249mr[0m[38;5;249ma[0
m[38;5;249mw[0m[38;5;249mM[0m[38;5;249ms[0m[38;5;249mg[0m[38;5
;249m}[0m[38;5;249m`[0m[38;5;249m;[0m
 [38;5;240m    Γöé[0m                
ΓöÇΓöÇΓöÇΓöÇΓöÇΓöÇΓö¼ΓöÇΓöÇΓöÇΓöÇΓöÇ  
 [38;5;240m    Γöé[0m                      Γò░ΓöÇΓöÇΓöÇΓöÇΓöÇΓöÇΓöÇ 
`genericError` is declared here as const
 [38;5;240m    Γöé[0m 
 [38;5;246m211 Γöé[0m [38;5;249m [0m[38;5;249m [0m[38;5;249m 
[0m[38;5;249m [0m[38;5;249m [0m[38;5;249m [0m[38;5;249m 
[0m[38;5;249m [0m[38;5;249m [0m[38;5;249m 
[0mgenericError[38;5;249m [0m[38;5;249m=[0m[38;5;249m [0m[38;5;
249m"[0m[38;5;249mC[0m[38;5;249mo[0m[38;5;249mu[0m[38;5;249ml[
0m[38;5;249md[0m[38;5;249m 
[0m[38;5;249mn[0m[38;5;249mo[0m[38;5;249mt[0m[38;5;249m [0m[3
8;5;249ms[0m[38;5;249ma[0m[38;5;249mv[0m[38;5;249me[0m[38;5;249
m [0m[38;5;249mu[0m[38;5;249ms[0m[38;5;249me[0m[38;5;249mr[0m
[38;5;249m.[0m[38;5;249m [0m[38;5;249mC[0m[38;5;249mh[0m[38;5;2
49me[0m[38;5;249mc[0m[38;5;249mk[0m[38;5;249m 
[0m[38;5;249mf[0m[38;5;249mo[0m[38;5;249mr[0m[38;5;249m [0m[3
8;5;249md[0m[38;5;249mu[0m[38;5;249mp[0m[38;5;249ml[0m[38;5;249
mi[0m[38;5;249mc[0m[38;5;249ma[0m[38;5;249mt[0m[38;5;249me[0m
[38;5;249m [0m[38;5;249md[0m[38;5;249me[0m[38;5;249mt[0m[38;5;2
49ma[0m[38;5;249mi[0m[38;5;249ml[0m[38;5;249ms[0m[38;5;249m.[0
m[38;5;249m"[0m[38;5;249m;[0m
 [38;5;240m    Γöé[0m           ΓöÇΓöÇΓöÇΓöÇΓöÇΓöÇΓö¼ΓöÇΓöÇΓöÇΓöÇΓöÇ 
 
 [38;5;240m    Γöé[0m                 Γò░ΓöÇΓöÇΓöÇΓöÇΓöÇΓöÇΓöÇ 
`genericError` is re-assigned here
[38;5;246mΓöÇΓöÇΓöÇΓöÇΓöÇΓò»[0m

[31m[ILLEGAL_REASSIGNMENT] Error:[0m Unexpected re-assignment of 
const variable `genericError`
     [38;5;246mΓò¡[0m[38;5;246mΓöÇ[0m[38;5;246m[[0m 
src/pages/UserManagement.jsx:213:5 [38;5;246m][0m
     [38;5;246mΓöé[0m
 [38;5;246m200 Γöé[0m [38;5;249m [0m[38;5;249m [0m[38;5;249m 
[0m[38;5;249m [0m[38;5;249m [0m[38;5;249m [0m[38;5;249m 
[0m[38;5;249m [0m[38;5;249m [0m[38;5;249mc[0m[38;5;249mo[0m[3
8;5;249mn[0m[38;5;249ms[0m[38;5;249mt[0m[38;5;249m 
[0mgenericError[38;5;249m [0m[38;5;249m=[0m[38;5;249m [0m[38;5;
249m`[0m[38;5;249mF[0m[38;5;249ma[0m[38;5;249mi[0m[38;5;249ml[
0m[38;5;249me[0m[38;5;249md[0m[38;5;249m 
[0m[38;5;249mt[0m[38;5;249mo[0m[38;5;249m [0m[38;5;249m$[0m[3
8;5;249m{[0m[38;5;249mi[0m[38;5;249ms[0m[38;5;249mE[0m[38;5;249
md[0m[38;5;249mi[0m[38;5;249mt[0m[38;5;249mi[0m[38;5;249mn[0m
[38;5;249mg[0m[38;5;249m [0m[38;5;249m?[0m[38;5;249m [0m[38;5;2
49m"[0m[38;5;249mu[0m[38;5;249mp[0m[38;5;249md[0m[38;5;249ma[0
m[38;5;249mt[0m[38;5;249me[0m[38;5;249m"[0m[38;5;249m 
[0m[38;5;249m:[0m[38;5;249m [0m[38;5;249m"[0m[38;5;249mc[0m[3
8;5;249mr[0m[38;5;249me[0m[38;5;249ma[0m[38;5;249mt[0m[38;5;249
me[0m[38;5;249m"[0m[38;5;249m}[0m[38;5;249m [0m[38;5;249mu[0m
[38;5;249ms[0m[38;5;249me[0m[38;5;249mr[0m[38;5;249m:[0m[38;5;2
49m [0m[38;5;249m$[0m[38;5;249m{[0m[38;5;249mr[0m[38;5;249ma[0
m[38;5;249mw[0m[38;5;249mM[0m[38;5;249ms[0m[38;5;249mg[0m[38;5
;249m}[0m[38;5;249m`[0m[38;5;249m;[0m
 [38;5;240m    Γöé[0m                
ΓöÇΓöÇΓöÇΓöÇΓöÇΓöÇΓö¼ΓöÇΓöÇΓöÇΓöÇΓöÇ  
 [38;5;240m    Γöé[0m                      Γò░ΓöÇΓöÇΓöÇΓöÇΓöÇΓöÇΓöÇ 
`genericError` is declared here as const
 [38;5;240m    Γöé[0m 
 [38;5;246m213 Γöé[0m [38;5;249m [0m[38;5;249m [0m[38;5;249m 
[0m[38;5;249m [0m[38;5;249m [0m[38;5;249m [0m[38;5;249m 
[0m[38;5;249m [0m[38;5;249m [0m[38;5;249m 
[0mgenericError[38;5;249m [0m[38;5;249m=[0m[38;5;249m [0m[38;5;
249mr[0m[38;5;249ma[0m[38;5;249mw[0m[38;5;249mM[0m[38;5;249ms[
0m[38;5;249mg[0m[38;5;249m;[0m
 [38;5;240m    Γöé[0m           ΓöÇΓöÇΓöÇΓöÇΓöÇΓöÇΓö¼ΓöÇΓöÇΓöÇΓöÇΓöÇ 
 
 [38;5;240m    Γöé[0m                 Γò░ΓöÇΓöÇΓöÇΓöÇΓöÇΓöÇΓöÇ 
`genericError` is re-assigned here
[38;5;246mΓöÇΓöÇΓöÇΓöÇΓöÇΓò»[0m
[31m
    at aggregateBindingErrorsIntoJsError (file:///D:/PROJECTS/pharma%20
label%20designer/frontend/node_modules/rolldown/dist/shared/error-D8cGy
rC7.mjs:48:18)
    at unwrapBindingResult (file:///D:/PROJECTS/pharma%20label%20design
er/frontend/node_modules/rolldown/dist/shared/error-D8cGyrC7.mjs:18:128
)
    at #build (file:///D:/PROJECTS/pharma%20label%20designer/frontend/n
ode_modules/rolldown/dist/shared/rolldown-build-CL9PyQ2E.mjs:3313:34)
    at async buildEnvironment (file:///D:/PROJECTS/pharma%20label%20des
igner/frontend/node_modules/vite/dist/node/chunks/node.js:32829:64)
    at async Object.build (file:///D:/PROJECTS/pharma%20label%20designe
r/frontend/node_modules/vite/dist/node/chunks/node.js:33251:19)
    at async Object.buildApp (file:///D:/PROJECTS/pharma%20label%20desi
gner/frontend/node_modules/vite/dist/node/chunks/node.js:33248:153)
    at async CAC.<anonymous> (file:///D:/PROJECTS/pharma%20label%20desi
gner/frontend/node_modules/vite/dist/node/cli.js:778:3) {
  errors: [Getter/Setter]
}[39m
