[INFO] Scanning for projects...
[INFO] 
[INFO] ------------------------< com.pharmalabel:api >-------------------------
[INFO] Building api 0.0.1-SNAPSHOT
[INFO]   from pom.xml
[INFO] --------------------------------[ jar ]---------------------------------
Downloading from central: https://repo.maven.apache.org/maven2/com/fasterxml/jackson/core/jackson-databind/2.21.2/jackson-databind-2.21.2.pom
Progress (1): 969 B
Progress (1): 1.9 kB
Progress (1): 3.3 kB
Progress (1): 5.4 kB
Progress (1): 7.1 kB
Progress (1): 9.1 kB
Progress (1): 11 kB 
Progress (1): 12 kB
Progress (1): 16 kB
Progress (1): 19 kB
Progress (1): 21 kB
Progress (1): 22 kB
Progress (1): 23 kB
                   
Downloaded from central: https://repo.maven.apache.org/maven2/com/fasterxml/jackson/core/jackson-databind/2.21.2/jackson-databind-2.21.2.pom (23 kB at 21 kB/s)
Downloading from central: https://repo.maven.apache.org/maven2/com/fasterxml/jackson/jackson-base/2.21.2/jackson-base-2.21.2.pom
Progress (1): 922 B
Progress (1): 2.1 kB
Progress (1): 4.0 kB
Progress (1): 5.7 kB
Progress (1): 7.3 kB
Progress (1): 9.3 kB
Progress (1): 12 kB 
Progress (1): 13 kB
Progress (1): 13 kB
                   
Downloaded from central: https://repo.maven.apache.org/maven2/com/fasterxml/jackson/jackson-base/2.21.2/jackson-base-2.21.2.pom (13 kB at 38 kB/s)
Downloading from central: https://repo.maven.apache.org/maven2/com/fasterxml/jackson/core/jackson-core/2.21.2/jackson-core-2.21.2.pom
Progress (1): 950 B
Progress (1): 2.7 kB
Progress (1): 7.5 kB
Progress (1): 9.8 kB
Progress (1): 10 kB 
                   
Downloaded from central: https://repo.maven.apache.org/maven2/com/fasterxml/jackson/core/jackson-core/2.21.2/jackson-core-2.21.2.pom (10 kB at 34 kB/s)
Downloading from central: https://repo.maven.apache.org/maven2/com/fasterxml/jackson/core/jackson-databind/2.21.2/jackson-databind-2.21.2.jar
Progress (1): 0/1.7 MB
Progress (1): 0/1.7 MB
Progress (1): 0/1.7 MB
Progress (1): 0/1.7 MB
Progress (1): 0/1.7 MB
Progress (1): 0/1.7 MB
Progress (1): 0/1.7 MB
Progress (1): 0/1.7 MB
Progress (1): 0/1.7 MB
Progress (1): 0/1.7 MB
Progress (1): 0/1.7 MB
Progress (1): 0/1.7 MB
Progress (1): 0/1.7 MB
Progress (1): 0/1.7 MB
Progress (1): 0/1.7 MB
Progress (1): 0/1.7 MB
Progress (1): 0/1.7 MB
Progress (1): 0/1.7 MB
Progress (1): 0/1.7 MB
Progress (1): 0/1.7 MB
Progress (1): 0/1.7 MB
Progress (1): 0/1.7 MB
Progress (1): 0/1.7 MB
Progress (1): 0/1.7 MB
Progress (1): 0/1.7 MB
Progress (1): 0/1.7 MB
Progress (1): 0/1.7 MB
Progress (1): 0/1.7 MB
Progress (1): 0/1.7 MB
Progress (1): 0/1.7 MB
Progress (1): 0.1/1.7 MB
Progress (1): 0.1/1.7 MB
Progress (1): 0.1/1.7 MB
Progress (1): 0.1/1.7 MB
Progress (1): 0.1/1.7 MB
Progress (1): 0.1/1.7 MB
Progress (1): 0.1/1.7 MB
Progress (1): 0.1/1.7 MB
Progress (1): 0.1/1.7 MB
Progress (1): 0.1/1.7 MB
Progress (1): 0.1/1.7 MB
Progress (1): 0.1/1.7 MB
Progress (1): 0.1/1.7 MB
Progress (1): 0.1/1.7 MB
Progress (1): 0.1/1.7 MB
Progress (1): 0.1/1.7 MB
Progress (1): 0.1/1.7 MB
Progress (1): 0.1/1.7 MB
Progress (1): 0.1/1.7 MB
Progress (1): 0.1/1.7 MB
Progress (1): 0.1/1.7 MB
Progress (1): 0.1/1.7 MB
Progress (1): 0.1/1.7 MB
Progress (1): 0.1/1.7 MB
Progress (1): 0.2/1.7 MB
Progress (1): 0.2/1.7 MB
Progress (1): 0.2/1.7 MB
Progress (1): 0.2/1.7 MB
Progress (1): 0.2/1.7 MB
Progress (1): 0.2/1.7 MB
Progress (1): 0.2/1.7 MB
Progress (1): 0.2/1.7 MB
Progress (1): 0.2/1.7 MB
Progress (1): 0.2/1.7 MB
Progress (1): 0.2/1.7 MB
Progress (1): 0.2/1.7 MB
Progress (1): 0.2/1.7 MB
Progress (1): 0.2/1.7 MB
Progress (1): 0.2/1.7 MB
Progress (1): 0.3/1.7 MB
Progress (1): 0.3/1.7 MB
Progress (1): 0.3/1.7 MB
Progress (1): 0.3/1.7 MB
Progress (1): 0.3/1.7 MB
Progress (1): 0.3/1.7 MB
Progress (1): 0.3/1.7 MB
Progress (1): 0.4/1.7 MB
Progress (1): 0.4/1.7 MB
Progress (1): 0.4/1.7 MB
Progress (1): 0.4/1.7 MB
Progress (1): 0.4/1.7 MB
Progress (1): 0.4/1.7 MB
Progress (1): 0.4/1.7 MB
Progress (1): 0.5/1.7 MB
Progress (1): 0.5/1.7 MB
Progress (1): 0.5/1.7 MB
Progress (1): 0.5/1.7 MB
Progress (1): 0.5/1.7 MB
Progress (1): 0.5/1.7 MB
Progress (1): 0.6/1.7 MB
Progress (1): 0.6/1.7 MB
Progress (1): 0.6/1.7 MB
Progress (1): 0.6/1.7 MB
Progress (1): 0.6/1.7 MB
Progress (1): 0.6/1.7 MB
Progress (1): 0.7/1.7 MB
Progress (1): 0.7/1.7 MB
Progress (1): 0.7/1.7 MB
Progress (1): 0.7/1.7 MB
Progress (1): 0.7/1.7 MB
Progress (1): 0.7/1.7 MB
Progress (1): 0.8/1.7 MB
Progress (1): 0.8/1.7 MB
Progress (1): 0.8/1.7 MB
Progress (1): 0.8/1.7 MB
Progress (1): 0.8/1.7 MB
Progress (1): 0.8/1.7 MB
Progress (1): 0.9/1.7 MB
Progress (1): 0.9/1.7 MB
Progress (1): 0.9/1.7 MB
Progress (1): 0.9/1.7 MB
Progress (1): 0.9/1.7 MB
Progress (1): 0.9/1.7 MB
Progress (1): 1.0/1.7 MB
Progress (1): 1.0/1.7 MB
Progress (1): 1.0/1.7 MB
Progress (1): 1.0/1.7 MB
Progress (1): 1.0/1.7 MB
Progress (1): 1.0/1.7 MB
Progress (1): 1.1/1.7 MB
Progress (1): 1.1/1.7 MB
Progress (1): 1.1/1.7 MB
Progress (1): 1.1/1.7 MB
Progress (1): 1.1/1.7 MB
Progress (1): 1.1/1.7 MB
Progress (1): 1.1/1.7 MB
Progress (1): 1.2/1.7 MB
Progress (1): 1.2/1.7 MB
Progress (1): 1.2/1.7 MB
Progress (1): 1.2/1.7 MB
Progress (1): 1.2/1.7 MB
Progress (1): 1.2/1.7 MB
Progress (1): 1.3/1.7 MB
Progress (1): 1.3/1.7 MB
Progress (1): 1.3/1.7 MB
Progress (1): 1.3/1.7 MB
Progress (1): 1.3/1.7 MB
Progress (1): 1.3/1.7 MB
Progress (1): 1.4/1.7 MB
Progress (1): 1.4/1.7 MB
Progress (1): 1.4/1.7 MB
Progress (1): 1.4/1.7 MB
Progress (1): 1.4/1.7 MB
Progress (1): 1.4/1.7 MB
Progress (1): 1.5/1.7 MB
Progress (1): 1.5/1.7 MB
Progress (1): 1.5/1.7 MB
Progress (1): 1.5/1.7 MB
Progress (1): 1.5/1.7 MB
Progress (1): 1.5/1.7 MB
Progress (1): 1.6/1.7 MB
Progress (1): 1.6/1.7 MB
Progress (1): 1.6/1.7 MB
Progress (1): 1.6/1.7 MB
Progress (1): 1.6/1.7 MB
Progress (1): 1.6/1.7 MB
Progress (1): 1.7/1.7 MB
Progress (1): 1.7/1.7 MB
Progress (1): 1.7/1.7 MB
Progress (1): 1.7/1.7 MB
Progress (1): 1.7 MB    
                    
Downloaded from central: https://repo.maven.apache.org/maven2/com/fasterxml/jackson/core/jackson-databind/2.21.2/jackson-databind-2.21.2.jar (1.7 MB at 2.0 MB/s)
Downloading from central: https://repo.maven.apache.org/maven2/com/fasterxml/jackson/core/jackson-core/2.21.2/jackson-core-2.21.2.jar
Progress (1): 7.7/596 kB
Progress (1): 16/596 kB 
Progress (1): 25/596 kB
Progress (1): 41/596 kB
Progress (1): 57/596 kB
Progress (1): 74/596 kB
Progress (1): 90/596 kB
Progress (1): 106/596 kB
Progress (1): 123/596 kB
Progress (1): 139/596 kB
Progress (1): 156/596 kB
Progress (1): 172/596 kB
Progress (1): 188/596 kB
Progress (1): 205/596 kB
Progress (1): 221/596 kB
Progress (1): 238/596 kB
Progress (1): 254/596 kB
Progress (1): 270/596 kB
Progress (1): 287/596 kB
Progress (1): 303/596 kB
Progress (1): 319/596 kB
Progress (1): 336/596 kB
Progress (1): 352/596 kB
Progress (1): 369/596 kB
Progress (1): 385/596 kB
Progress (1): 401/596 kB
Progress (1): 418/596 kB
Progress (1): 434/596 kB
Progress (1): 451/596 kB
Progress (1): 467/596 kB
Progress (1): 483/596 kB
Progress (1): 500/596 kB
Progress (1): 516/596 kB
Progress (1): 532/596 kB
Progress (1): 549/596 kB
Progress (1): 565/596 kB
Progress (1): 582/596 kB
Progress (1): 596 kB    
                    
Downloaded from central: https://repo.maven.apache.org/maven2/com/fasterxml/jackson/core/jackson-core/2.21.2/jackson-core-2.21.2.jar (596 kB at 4.6 MB/s)
[INFO] 
[INFO] --- clean:3.5.0:clean (default-clean) @ api ---
[INFO] Deleting D:\PROJECTS\pharma label designer\backend\target
[INFO] 
[INFO] --- resources:3.3.1:resources (default-resources) @ api ---
[INFO] Copying 2 resources from src\main\resources to target\classes
[INFO] Copying 0 resource from src\main\resources to target\classes
[INFO] 
[INFO] --- compiler:3.14.1:compile (default-compile) @ api ---
[INFO] Recompiling the module because of changed dependency.
[INFO] Compiling 19 source files with javac [debug parameters release 17] to target\classes
[INFO] 
[INFO] --- resources:3.3.1:testResources (default-testResources) @ api ---
[INFO] skip non existing resourceDirectory D:\PROJECTS\pharma label designer\backend\src\test\resources
[INFO] 
[INFO] --- compiler:3.14.1:testCompile (default-testCompile) @ api ---
[INFO] Recompiling the module because of changed dependency.
[INFO] Compiling 1 source file with javac [debug parameters release 17] to target\test-classes
[INFO] 
[INFO] --- surefire:3.5.5:test (default-test) @ api ---
Downloading from central: https://repo.maven.apache.org/maven2/org/apache/maven/surefire/surefire-api/3.5.5/surefire-api-3.5.5.pom
Progress (1): 833 B
Progress (1): 2.9 kB
Progress (1): 3.7 kB
                    
Downloaded from central: https://repo.maven.apache.org/maven2/org/apache/maven/surefire/surefire-api/3.5.5/surefire-api-3.5.5.pom (3.7 kB at 20 kB/s)
Downloading from central: https://repo.maven.apache.org/maven2/org/apache/maven/surefire/surefire-logger-api/3.5.5/surefire-logger-api-3.5.5.pom
Progress (1): 826 B
Progress (1): 2.5 kB
Progress (1): 3.5 kB
                    
Downloaded from central: https://repo.maven.apache.org/maven2/org/apache/maven/surefire/surefire-logger-api/3.5.5/surefire-logger-api-3.5.5.pom (3.5 kB at 33 kB/s)
Downloading from central: https://repo.maven.apache.org/maven2/org/apache/maven/surefire/surefire-shared-utils/3.5.5/surefire-shared-utils-3.5.5.pom
Progress (1): 1.1 kB
Progress (1): 4.0 kB
                    
Downloaded from central: https://repo.maven.apache.org/maven2/org/apache/maven/surefire/surefire-shared-utils/3.5.5/surefire-shared-utils-3.5.5.pom (4.0 kB at 41 kB/s)
Downloading from central: https://repo.maven.apache.org/maven2/org/apache/maven/surefire/surefire-extensions-api/3.5.5/surefire-extensions-api-3.5.5.pom
Progress (1): 833 B
Progress (1): 3.1 kB
Progress (1): 3.6 kB
                    
Downloaded from central: https://repo.maven.apache.org/maven2/org/apache/maven/surefire/surefire-extensions-api/3.5.5/surefire-extensions-api-3.5.5.pom (3.6 kB at 40 kB/s)
Downloading from central: https://repo.maven.apache.org/maven2/org/apache/maven/surefire/maven-surefire-common/3.5.5/maven-surefire-common-3.5.5.pom
Progress (1): 822 B
Progress (1): 4.1 kB
Progress (1): 7.2 kB
Progress (1): 7.3 kB
                    
Downloaded from central: https://repo.maven.apache.org/maven2/org/apache/maven/surefire/maven-surefire-common/3.5.5/maven-surefire-common-3.5.5.pom (7.3 kB at 76 kB/s)
Downloading from central: https://repo.maven.apache.org/maven2/org/apache/maven/surefire/surefire-booter/3.5.5/surefire-booter-3.5.5.pom
Progress (1): 830 B
Progress (1): 3.6 kB
Progress (1): 5.1 kB
                    
Downloaded from central: https://repo.maven.apache.org/maven2/org/apache/maven/surefire/surefire-booter/3.5.5/surefire-booter-3.5.5.pom (5.1 kB at 50 kB/s)
Downloading from central: https://repo.maven.apache.org/maven2/org/apache/maven/surefire/surefire-extensions-spi/3.5.5/surefire-extensions-spi-3.5.5.pom
Progress (1): 872 B
Progress (1): 1.7 kB
                    
Downloaded from central: https://repo.maven.apache.org/maven2/org/apache/maven/surefire/surefire-extensions-spi/3.5.5/surefire-extensions-spi-3.5.5.pom (1.7 kB at 27 kB/s)
Downloading from central: https://repo.maven.apache.org/maven2/org/apache/maven/resolver/maven-resolver-util/1.4.1/maven-resolver-util-1.4.1.pom
Progress (1): 825 B
Progress (1): 2.8 kB
Progress (1): 2.8 kB
                    
Downloaded from central: https://repo.maven.apache.org/maven2/org/apache/maven/resolver/maven-resolver-util/1.4.1/maven-resolver-util-1.4.1.pom (2.8 kB at 45 kB/s)
Downloading from central: https://repo.maven.apache.org/maven2/org/apache/maven/resolver/maven-resolver/1.4.1/maven-resolver-1.4.1.pom
Progress (1): 774 B
Progress (1): 2.2 kB
Progress (1): 6.0 kB
Progress (1): 9.6 kB
Progress (1): 13 kB 
Progress (1): 16 kB
Progress (1): 18 kB
                   
Downloaded from central: https://repo.maven.apache.org/maven2/org/apache/maven/resolver/maven-resolver/1.4.1/maven-resolver-1.4.1.pom (18 kB at 187 kB/s)
Downloading from central: https://repo.maven.apache.org/maven2/org/apache/maven/maven-parent/33/maven-parent-33.pom
Progress (1): 717 B
Progress (1): 1.9 kB
Progress (1): 5.4 kB
Progress (1): 9.9 kB
Progress (1): 14 kB 
Progress (1): 19 kB
Progress (1): 23 kB
Progress (1): 26 kB
Progress (1): 27 kB
Progress (1): 30 kB
Progress (1): 34 kB
Progress (1): 36 kB
Progress (1): 39 kB
Progress (1): 44 kB
                   
Downloaded from central: https://repo.maven.apache.org/maven2/org/apache/maven/maven-parent/33/maven-parent-33.pom (44 kB at 381 kB/s)
Downloading from central: https://repo.maven.apache.org/maven2/org/apache/apache/21/apache-21.pom
Progress (1): 753 B
Progress (1): 2.1 kB
Progress (1): 3.9 kB
Progress (1): 8.3 kB
Progress (1): 13 kB 
Progress (1): 16 kB
Progress (1): 17 kB
                   
Downloaded from central: https://repo.maven.apache.org/maven2/org/apache/apache/21/apache-21.pom (17 kB at 204 kB/s)
Downloading from central: https://repo.maven.apache.org/maven2/org/apache/maven/resolver/maven-resolver-api/1.4.1/maven-resolver-api-1.4.1.pom
Progress (1): 843 B
Progress (1): 2.6 kB
Progress (1): 2.6 kB
                    
Downloaded from central: https://repo.maven.apache.org/maven2/org/apache/maven/resolver/maven-resolver-api/1.4.1/maven-resolver-api-1.4.1.pom (2.6 kB at 29 kB/s)
Downloading from central: https://repo.maven.apache.org/maven2/org/apache/maven/shared/maven-common-artifact-filters/3.4.0/maven-common-artifact-filters-3.4.0.pom
Progress (1): 798 B
Progress (1): 2.3 kB
Progress (1): 5.4 kB
Progress (1): 5.4 kB
                    
Downloaded from central: https://repo.maven.apache.org/maven2/org/apache/maven/shared/maven-common-artifact-filters/3.4.0/maven-common-artifact-filters-3.4.0.pom (5.4 kB at 67 kB/s)
Downloading from central: https://repo.maven.apache.org/maven2/org/apache/maven/shared/maven-shared-components/42/maven-shared-components-42.pom
Progress (1): 811 B
Progress (1): 2.3 kB
Progress (1): 3.8 kB
                    
Downloaded from central: https://repo.maven.apache.org/maven2/org/apache/maven/shared/maven-shared-components/42/maven-shared-components-42.pom (3.8 kB at 48 kB/s)
Downloading from central: https://repo.maven.apache.org/maven2/org/codehaus/plexus/plexus-java/1.5.2/plexus-java-1.5.2.pom
Progress (1): 1.9 kB
Progress (1): 4.1 kB
                    
Downloaded from central: https://repo.maven.apache.org/maven2/org/codehaus/plexus/plexus-java/1.5.2/plexus-java-1.5.2.pom (4.1 kB at 66 kB/s)
Downloading from central: https://repo.maven.apache.org/maven2/org/codehaus/plexus/plexus-languages/1.5.2/plexus-languages-1.5.2.pom
Progress (1): 1.4 kB
Progress (1): 3.9 kB
                    
Downloaded from central: https://repo.maven.apache.org/maven2/org/codehaus/plexus/plexus-languages/1.5.2/plexus-languages-1.5.2.pom (3.9 kB at 49 kB/s)
Downloading from central: https://repo.maven.apache.org/maven2/org/codehaus/plexus/plexus/24/plexus-24.pom
Progress (1): 689 B
Progress (1): 2.5 kB
Progress (1): 6.4 kB
Progress (1): 8.8 kB
Progress (1): 11 kB 
Progress (1): 12 kB
Progress (1): 16 kB
Progress (1): 21 kB
Progress (1): 23 kB
Progress (1): 28 kB
Progress (1): 31 kB
                   
Downloaded from central: https://repo.maven.apache.org/maven2/org/codehaus/plexus/plexus/24/plexus-24.pom (31 kB at 314 kB/s)
Downloading from central: https://repo.maven.apache.org/maven2/org/ow2/asm/asm/9.9.1/asm-9.9.1.pom
Progress (1): 1.3 kB
Progress (1): 2.4 kB
                    
Downloaded from central: https://repo.maven.apache.org/maven2/org/ow2/asm/asm/9.9.1/asm-9.9.1.pom (2.4 kB at 17 kB/s)
Downloading from central: https://repo.maven.apache.org/maven2/org/apache/maven/surefire/surefire-api/3.5.5/surefire-api-3.5.5.jar
Progress (1): 7.7/174 kB
Progress (1): 16/174 kB 
Progress (1): 25/174 kB
Progress (1): 41/174 kB
Progress (1): 57/174 kB
Progress (1): 74/174 kB
Progress (1): 90/174 kB
Progress (1): 106/174 kB
Progress (1): 123/174 kB
Progress (1): 139/174 kB
Progress (1): 156/174 kB
Progress (1): 172/174 kB
Progress (1): 174 kB    
                    
Downloaded from central: https://repo.maven.apache.org/maven2/org/apache/maven/surefire/surefire-api/3.5.5/surefire-api-3.5.5.jar (174 kB at 1.2 MB/s)
Downloading from central: https://repo.maven.apache.org/maven2/org/apache/maven/surefire/surefire-logger-api/3.5.5/surefire-logger-api-3.5.5.jar
Downloading from central: https://repo.maven.apache.org/maven2/org/apache/maven/surefire/surefire-shared-utils/3.5.5/surefire-shared-utils-3.5.5.jar
Downloading from central: https://repo.maven.apache.org/maven2/org/apache/maven/surefire/surefire-extensions-api/3.5.5/surefire-extensions-api-3.5.5.jar
Downloading from central: https://repo.maven.apache.org/maven2/org/apache/maven/surefire/maven-surefire-common/3.5.5/maven-surefire-common-3.5.5.jar
Downloading from central: https://repo.maven.apache.org/maven2/org/apache/maven/surefire/surefire-booter/3.5.5/surefire-booter-3.5.5.jar
Progress (1): 0/3.0 MB
Progress (1): 0/3.0 MB
Progress (1): 0/3.0 MB
Progress (1): 0/3.0 MB
Progress (1): 0.1/3.0 MB
Progress (1): 0.1/3.0 MB
Progress (1): 0.1/3.0 MB
Progress (1): 0.1/3.0 MB
Progress (1): 0.1/3.0 MB
Progress (1): 0.1/3.0 MB
Progress (1): 0.2/3.0 MB
Progress (1): 0.2/3.0 MB
Progress (1): 0.2/3.0 MB
Progress (1): 0.2/3.0 MB
Progress (1): 0.2/3.0 MB
Progress (1): 0.2/3.0 MB
Progress (1): 0.3/3.0 MB
Progress (1): 0.3/3.0 MB
Progress (1): 0.3/3.0 MB
Progress (1): 0.3/3.0 MB
Progress (1): 0.3/3.0 MB
Progress (1): 0.3/3.0 MB
Progress (1): 0.4/3.0 MB
Progress (1): 0.4/3.0 MB
Progress (1): 0.4/3.0 MB
Progress (1): 0.4/3.0 MB
Progress (1): 0.4/3.0 MB
Progress (1): 0.4/3.0 MB
Progress (1): 0.5/3.0 MB
Progress (1): 0.5/3.0 MB
Progress (1): 0.5/3.0 MB
Progress (1): 0.5/3.0 MB
Progress (1): 0.5/3.0 MB
Progress (1): 0.5/3.0 MB
Progress (1): 0.5/3.0 MB
Progress (1): 0.6/3.0 MB
Progress (1): 0.6/3.0 MB
Progress (1): 0.6/3.0 MB
Progress (1): 0.6/3.0 MB
Progress (1): 0.6/3.0 MB
Progress (1): 0.6/3.0 MB
Progress (1): 0.7/3.0 MB
Progress (1): 0.7/3.0 MB
Progress (1): 0.7/3.0 MB
Progress (1): 0.7/3.0 MB
Progress (1): 0.7/3.0 MB
Progress (1): 0.7/3.0 MB
Progress (1): 0.8/3.0 MB
Progress (1): 0.8/3.0 MB
Progress (1): 0.8/3.0 MB
Progress (1): 0.8/3.0 MB
Progress (1): 0.8/3.0 MB
Progress (1): 0.8/3.0 MB
Progress (1): 0.9/3.0 MB
Progress (1): 0.9/3.0 MB
Progress (1): 0.9/3.0 MB
Progress (1): 0.9/3.0 MB
Progress (1): 0.9/3.0 MB
Progress (1): 0.9/3.0 MB
Progress (1): 1.0/3.0 MB
Progress (1): 1.0/3.0 MB
Progress (1): 1.0/3.0 MB
Progress (1): 1.0/3.0 MB
Progress (1): 1.0/3.0 MB
Progress (1): 1.0/3.0 MB
Progress (1): 1.1/3.0 MB
Progress (1): 1.1/3.0 MB
Progress (1): 1.1/3.0 MB
Progress (1): 1.1/3.0 MB
Progress (1): 1.1/3.0 MB
Progress (1): 1.1/3.0 MB
Progress (1): 1.2/3.0 MB
Progress (1): 1.2/3.0 MB
Progress (1): 1.2/3.0 MB
Progress (1): 1.2/3.0 MB
Progress (1): 1.2/3.0 MB
Progress (1): 1.2/3.0 MB
Progress (1): 1.3/3.0 MB
Progress (1): 1.3/3.0 MB
Progress (1): 1.3/3.0 MB
Progress (1): 1.3/3.0 MB
Progress (1): 1.3/3.0 MB
Progress (1): 1.3/3.0 MB
Progress (1): 1.4/3.0 MB
Progress (1): 1.4/3.0 MB
Progress (1): 1.4/3.0 MB
Progress (1): 1.4/3.0 MB
Progress (1): 1.4/3.0 MB
Progress (1): 1.4/3.0 MB
Progress (1): 1.4/3.0 MB
Progress (1): 1.5/3.0 MB
Progress (1): 1.5/3.0 MB
Progress (1): 1.5/3.0 MB
Progress (1): 1.5/3.0 MB
Progress (1): 1.5/3.0 MB
Progress (1): 1.5/3.0 MB
Progress (1): 1.5/3.0 MB
Progress (1): 1.6/3.0 MB
Progress (1): 1.6/3.0 MB
Progress (1): 1.6/3.0 MB
Progress (1): 1.6/3.0 MB
Progress (1): 1.6/3.0 MB
Progress (1): 1.6/3.0 MB
Progress (1): 1.7/3.0 MB
Progress (1): 1.7/3.0 MB
Progress (1): 1.7/3.0 MB
Progress (1): 1.7/3.0 MB
Progress (1): 1.7/3.0 MB
Progress (1): 1.7/3.0 MB
Progress (1): 1.8/3.0 MB
Progress (1): 1.8/3.0 MB
Progress (1): 1.8/3.0 MB
Progress (1): 1.8/3.0 MB
Progress (1): 1.8/3.0 MB
Progress (1): 1.8/3.0 MB
Progress (1): 1.9/3.0 MB
Progress (1): 1.9/3.0 MB
Progress (1): 1.9/3.0 MB
Progress (1): 1.9/3.0 MB
Progress (1): 1.9/3.0 MB
Progress (1): 1.9/3.0 MB
Progress (1): 2.0/3.0 MB
Progress (1): 2.0/3.0 MB
Progress (1): 2.0/3.0 MB
Progress (1): 2.0/3.0 MB
Progress (1): 2.0/3.0 MB
Progress (1): 2.0/3.0 MB
Progress (1): 2.1/3.0 MB
Progress (1): 2.1/3.0 MB
Progress (1): 2.1/3.0 MB
Progress (1): 2.1/3.0 MB
Progress (1): 2.1/3.0 MB
Progress (1): 2.1/3.0 MB
Progress (1): 2.1/3.0 MB
Progress (1): 2.2/3.0 MB
Progress (1): 2.2/3.0 MB
Progress (1): 2.2/3.0 MB
Progress (1): 2.2/3.0 MB
Progress (1): 2.2/3.0 MB
Progress (1): 2.2/3.0 MB
Progress (1): 2.3/3.0 MB
Progress (1): 2.3/3.0 MB
Progress (1): 2.3/3.0 MB
Progress (1): 2.3/3.0 MB
Progress (1): 2.3/3.0 MB
Progress (1): 2.3/3.0 MB
Progress (1): 2.4/3.0 MB
Progress (1): 2.4/3.0 MB
Progress (1): 2.4/3.0 MB
Progress (1): 2.4/3.0 MB
Progress (1): 2.4/3.0 MB
Progress (1): 2.4/3.0 MB
Progress (1): 2.5/3.0 MB
Progress (1): 2.5/3.0 MB
Progress (2): 2.5/3.0 MB | 0.9/26 kB
Progress (3): 2.5/3.0 MB | 0.9/26 kB | 0.9/123 kB
Progress (3): 2.5/3.0 MB | 2.3/26 kB | 0.9/123 kB
Progress (4): 2.5/3.0 MB | 2.3/26 kB | 0.9/123 kB | 0.9/14 kB
Progress (4): 2.5/3.0 MB | 3.6/26 kB | 0.9/123 kB | 0.9/14 kB
Progress (4): 2.5/3.0 MB | 3.6/26 kB | 0.9/123 kB | 2.3/14 kB
Progress (4): 2.5/3.0 MB | 3.6/26 kB | 2.3/123 kB | 2.3/14 kB
Progress (4): 2.5/3.0 MB | 5.0/26 kB | 2.3/123 kB | 2.3/14 kB
Progress (4): 2.5/3.0 MB | 5.0/26 kB | 3.6/123 kB | 2.3/14 kB
Progress (4): 2.5/3.0 MB | 6.4/26 kB | 3.6/123 kB | 2.3/14 kB
Progress (4): 2.5/3.0 MB | 7.7/26 kB | 3.6/123 kB | 2.3/14 kB
Progress (4): 2.5/3.0 MB | 7.7/26 kB | 3.6/123 kB | 2.3/14 kB
Progress (4): 2.5/3.0 MB | 7.7/26 kB | 5.0/123 kB | 2.3/14 kB
Progress (4): 2.5/3.0 MB | 9.1/26 kB | 5.0/123 kB | 2.3/14 kB
Progress (4): 2.5/3.0 MB | 9.1/26 kB | 6.4/123 kB | 2.3/14 kB
Progress (4): 2.5/3.0 MB | 9.1/26 kB | 7.7/123 kB | 2.3/14 kB
Progress (4): 2.5/3.0 MB | 9.1/26 kB | 9.1/123 kB | 2.3/14 kB
Progress (4): 2.5/3.0 MB | 9.1/26 kB | 10/123 kB | 2.3/14 kB 
Progress (4): 2.5/3.0 MB | 9.1/26 kB | 12/123 kB | 2.3/14 kB
Progress (4): 2.5/3.0 MB | 9.1/26 kB | 12/123 kB | 2.3/14 kB
Progress (4): 2.5/3.0 MB | 9.1/26 kB | 14/123 kB | 2.3/14 kB
Progress (4): 2.5/3.0 MB | 9.1/26 kB | 15/123 kB | 2.3/14 kB
Progress (4): 2.5/3.0 MB | 9.1/26 kB | 15/123 kB | 2.3/14 kB
Progress (4): 2.5/3.0 MB | 9.1/26 kB | 16/123 kB | 2.3/14 kB
Progress (4): 2.5/3.0 MB | 9.1/26 kB | 18/123 kB | 2.3/14 kB
Progress (4): 2.5/3.0 MB | 9.1/26 kB | 19/123 kB | 2.3/14 kB
Progress (4): 2.5/3.0 MB | 9.1/26 kB | 21/123 kB | 2.3/14 kB
Progress (4): 2.5/3.0 MB | 9.1/26 kB | 22/123 kB | 2.3/14 kB
Progress (4): 2.5/3.0 MB | 9.1/26 kB | 22/123 kB | 2.3/14 kB
Progress (4): 2.5/3.0 MB | 9.1/26 kB | 23/123 kB | 2.3/14 kB
Progress (4): 2.5/3.0 MB | 9.1/26 kB | 25/123 kB | 2.3/14 kB
Progress (4): 2.5/3.0 MB | 9.1/26 kB | 26/123 kB | 2.3/14 kB
Progress (4): 2.5/3.0 MB | 9.1/26 kB | 27/123 kB | 2.3/14 kB
Progress (4): 2.5/3.0 MB | 9.1/26 kB | 29/123 kB | 2.3/14 kB
Progress (4): 2.5/3.0 MB | 9.1/26 kB | 29/123 kB | 2.3/14 kB
Progress (4): 2.5/3.0 MB | 9.1/26 kB | 30/123 kB | 2.3/14 kB
Progress (4): 2.5/3.0 MB | 9.1/26 kB | 31/123 kB | 2.3/14 kB
Progress (4): 2.5/3.0 MB | 9.1/26 kB | 33/123 kB | 2.3/14 kB
Progress (4): 2.5/3.0 MB | 9.1/26 kB | 34/123 kB | 2.3/14 kB
Progress (4): 2.5/3.0 MB | 9.1/26 kB | 36/123 kB | 2.3/14 kB
Progress (4): 2.5/3.0 MB | 9.1/26 kB | 37/123 kB | 2.3/14 kB
Progress (4): 2.5/3.0 MB | 9.1/26 kB | 38/123 kB | 2.3/14 kB
Progress (4): 2.6/3.0 MB | 9.1/26 kB | 38/123 kB | 2.3/14 kB
Progress (4): 2.6/3.0 MB | 9.1/26 kB | 40/123 kB | 2.3/14 kB
Progress (4): 2.6/3.0 MB | 10/26 kB | 40/123 kB | 2.3/14 kB 
Progress (4): 2.6/3.0 MB | 10/26 kB | 41/123 kB | 2.3/14 kB
Progress (4): 2.6/3.0 MB | 10/26 kB | 42/123 kB | 2.3/14 kB
Progress (4): 2.6/3.0 MB | 12/26 kB | 42/123 kB | 2.3/14 kB
Progress (4): 2.6/3.0 MB | 12/26 kB | 44/123 kB | 2.3/14 kB
Progress (4): 2.6/3.0 MB | 13/26 kB | 44/123 kB | 2.3/14 kB
Progress (4): 2.6/3.0 MB | 13/26 kB | 45/123 kB | 2.3/14 kB
Progress (4): 2.6/3.0 MB | 14/26 kB | 45/123 kB | 2.3/14 kB
Progress (4): 2.6/3.0 MB | 14/26 kB | 47/123 kB | 2.3/14 kB
Progress (4): 2.6/3.0 MB | 16/26 kB | 47/123 kB | 2.3/14 kB
Progress (4): 2.6/3.0 MB | 16/26 kB | 48/123 kB | 2.3/14 kB
Progress (4): 2.6/3.0 MB | 16/26 kB | 48/123 kB | 2.3/14 kB
Progress (4): 2.6/3.0 MB | 17/26 kB | 48/123 kB | 2.3/14 kB
Progress (4): 2.6/3.0 MB | 17/26 kB | 49/123 kB | 2.3/14 kB
Progress (4): 2.6/3.0 MB | 18/26 kB | 49/123 kB | 2.3/14 kB
Progress (4): 2.6/3.0 MB | 18/26 kB | 51/123 kB | 2.3/14 kB
Progress (4): 2.6/3.0 MB | 20/26 kB | 51/123 kB | 2.3/14 kB
Progress (4): 2.6/3.0 MB | 21/26 kB | 51/123 kB | 2.3/14 kB
Progress (4): 2.6/3.0 MB | 21/26 kB | 52/123 kB | 2.3/14 kB
Progress (4): 2.6/3.0 MB | 22/26 kB | 52/123 kB | 2.3/14 kB
Progress (4): 2.6/3.0 MB | 22/26 kB | 53/123 kB | 2.3/14 kB
Progress (4): 2.6/3.0 MB | 24/26 kB | 53/123 kB | 2.3/14 kB
Progress (4): 2.6/3.0 MB | 24/26 kB | 53/123 kB | 2.3/14 kB
Progress (4): 2.6/3.0 MB | 24/26 kB | 55/123 kB | 2.3/14 kB
Progress (4): 2.6/3.0 MB | 25/26 kB | 55/123 kB | 2.3/14 kB
Progress (4): 2.6/3.0 MB | 26 kB | 55/123 kB | 2.3/14 kB   
Progress (4): 2.6/3.0 MB | 26 kB | 55/123 kB | 3.6/14 kB
Progress (4): 2.6/3.0 MB | 26 kB | 55/123 kB | 5.0/14 kB
Progress (4): 2.6/3.0 MB | 26 kB | 55/123 kB | 6.4/14 kB
Progress (4): 2.6/3.0 MB | 26 kB | 55/123 kB | 7.7/14 kB
Progress (4): 2.6/3.0 MB | 26 kB | 55/123 kB | 8.2/14 kB
Progress (4): 2.6/3.0 MB | 26 kB | 55/123 kB | 9.6/14 kB
Progress (4): 2.6/3.0 MB | 26 kB | 55/123 kB | 11/14 kB 
Progress (4): 2.6/3.0 MB | 26 kB | 55/123 kB | 11/14 kB
Progress (4): 2.6/3.0 MB | 26 kB | 55/123 kB | 12/14 kB
Progress (4): 2.6/3.0 MB | 26 kB | 55/123 kB | 14 kB   
Progress (4): 2.6/3.0 MB | 26 kB | 55/123 kB | 14 kB
Progress (4): 2.6/3.0 MB | 26 kB | 55/123 kB | 14 kB
Progress (5): 2.6/3.0 MB | 26 kB | 55/123 kB | 14 kB | 0.9/316 kB
Progress (5): 2.6/3.0 MB | 26 kB | 55/123 kB | 14 kB | 2.3/316 kB
Progress (5): 2.6/3.0 MB | 26 kB | 55/123 kB | 14 kB | 3.6/316 kB
Progress (5): 2.6/3.0 MB | 26 kB | 55/123 kB | 14 kB | 5.0/316 kB
Progress (5): 2.6/3.0 MB | 26 kB | 55/123 kB | 14 kB | 6.4/316 kB
Progress (5): 2.7/3.0 MB | 26 kB | 55/123 kB | 14 kB | 6.4/316 kB
Progress (5): 2.7/3.0 MB | 26 kB | 55/123 kB | 14 kB | 7.7/316 kB
Progress (5): 2.7/3.0 MB | 26 kB | 55/123 kB | 14 kB | 9.1/316 kB
Progress (5): 2.7/3.0 MB | 26 kB | 55/123 kB | 14 kB | 10/316 kB 
Progress (5): 2.7/3.0 MB | 26 kB | 55/123 kB | 14 kB | 12/316 kB
Progress (5): 2.7/3.0 MB | 26 kB | 55/123 kB | 14 kB | 12/316 kB
Progress (5): 2.7/3.0 MB | 26 kB | 55/123 kB | 14 kB | 14/316 kB
Progress (5): 2.7/3.0 MB | 26 kB | 55/123 kB | 14 kB | 15/316 kB
Progress (5): 2.7/3.0 MB | 26 kB | 55/123 kB | 14 kB | 15/316 kB
Progress (5): 2.7/3.0 MB | 26 kB | 55/123 kB | 14 kB | 16/316 kB
Progress (5): 2.7/3.0 MB | 26 kB | 55/123 kB | 14 kB | 18/316 kB
Progress (5): 2.7/3.0 MB | 26 kB | 55/123 kB | 14 kB | 19/316 kB
Progress (5): 2.7/3.0 MB | 26 kB | 55/123 kB | 14 kB | 21/316 kB
Progress (5): 2.7/3.0 MB | 26 kB | 55/123 kB | 14 kB | 22/316 kB
Progress (5): 2.7/3.0 MB | 26 kB | 55/123 kB | 14 kB | 23/316 kB
Progress (5): 2.7/3.0 MB | 26 kB | 55/123 kB | 14 kB | 25/316 kB
Progress (5): 2.7/3.0 MB | 26 kB | 55/123 kB | 14 kB | 25/316 kB
Progress (5): 2.7/3.0 MB | 26 kB | 55/123 kB | 14 kB | 26/316 kB
Progress (5): 2.7/3.0 MB | 26 kB | 55/123 kB | 14 kB | 27/316 kB
                                                                
Downloaded from central: https://repo.maven.apache.org/maven2/org/apache/maven/surefire/surefire-extensions-api/3.5.5/surefire-extensions-api-3.5.5.jar (26 kB at 86 kB/s)
Downloading from central: https://repo.maven.apache.org/maven2/org/apache/maven/surefire/surefire-extensions-spi/3.5.5/surefire-extensions-spi-3.5.5.jar
Progress (4): 2.7/3.0 MB | 55/123 kB | 14 kB | 29/316 kB
Progress (4): 2.7/3.0 MB | 55/123 kB | 14 kB | 30/316 kB
Progress (4): 2.7/3.0 MB | 55/123 kB | 14 kB | 31/316 kB
Progress (4): 2.7/3.0 MB | 55/123 kB | 14 kB | 33/316 kB
Progress (4): 2.7/3.0 MB | 55/123 kB | 14 kB | 33/316 kB
Progress (4): 2.7/3.0 MB | 55/123 kB | 14 kB | 34/316 kB
Progress (4): 2.7/3.0 MB | 55/123 kB | 14 kB | 36/316 kB
Progress (4): 2.7/3.0 MB | 55/123 kB | 14 kB | 37/316 kB
Progress (4): 2.7/3.0 MB | 55/123 kB | 14 kB | 38/316 kB
Progress (4): 2.7/3.0 MB | 55/123 kB | 14 kB | 40/316 kB
                                                        
Downloaded from central: https://repo.maven.apache.org/maven2/org/apache/maven/surefire/surefire-logger-api/3.5.5/surefire-logger-api-3.5.5.jar (14 kB at 45 kB/s)
Downloading from central: https://repo.maven.apache.org/maven2/org/apache/maven/resolver/maven-resolver-util/1.4.1/maven-resolver-util-1.4.1.jar
Progress (3): 2.7/3.0 MB | 55/123 kB | 41/316 kB
Progress (3): 2.7/3.0 MB | 55/123 kB | 41/316 kB
Progress (3): 2.7/3.0 MB | 55/123 kB | 42/316 kB
Progress (3): 2.7/3.0 MB | 55/123 kB | 44/316 kB
Progress (3): 2.7/3.0 MB | 55/123 kB | 45/316 kB
Progress (3): 2.7/3.0 MB | 55/123 kB | 47/316 kB
Progress (3): 2.7/3.0 MB | 55/123 kB | 48/316 kB
Progress (3): 2.7/3.0 MB | 55/123 kB | 49/316 kB
Progress (3): 2.7/3.0 MB | 55/123 kB | 51/316 kB
Progress (3): 2.7/3.0 MB | 55/123 kB | 52/316 kB
Progress (3): 2.7/3.0 MB | 55/123 kB | 53/316 kB
Progress (3): 2.7/3.0 MB | 55/123 kB | 55/316 kB
Progress (3): 2.7/3.0 MB | 55/123 kB | 59/316 kB
Progress (3): 2.7/3.0 MB | 55/123 kB | 59/316 kB
Progress (3): 2.8/3.0 MB | 55/123 kB | 59/316 kB
Progress (3): 2.8/3.0 MB | 55/123 kB | 59/316 kB
Progress (3): 2.8/3.0 MB | 55/123 kB | 59/316 kB
Progress (3): 2.8/3.0 MB | 55/123 kB | 59/316 kB
Progress (3): 2.8/3.0 MB | 55/123 kB | 59/316 kB
Progress (3): 2.8/3.0 MB | 55/123 kB | 59/316 kB
Progress (3): 2.9/3.0 MB | 55/123 kB | 59/316 kB
Progress (3): 2.9/3.0 MB | 55/123 kB | 59/316 kB
Progress (3): 2.9/3.0 MB | 55/123 kB | 59/316 kB
Progress (3): 2.9/3.0 MB | 55/123 kB | 59/316 kB
Progress (3): 2.9/3.0 MB | 59/123 kB | 59/316 kB
Progress (3): 2.9/3.0 MB | 59/123 kB | 59/316 kB
Progress (3): 2.9/3.0 MB | 59/123 kB | 59/316 kB
Progress (3): 2.9/3.0 MB | 59/123 kB | 59/316 kB
Progress (3): 3.0/3.0 MB | 59/123 kB | 59/316 kB
Progress (3): 3.0 MB | 59/123 kB | 59/316 kB    
Progress (3): 3.0 MB | 63/123 kB | 59/316 kB
Progress (3): 3.0 MB | 67/123 kB | 59/316 kB
Progress (3): 3.0 MB | 72/123 kB | 59/316 kB
Progress (3): 3.0 MB | 76/123 kB | 59/316 kB
                                            
Downloaded from central: https://repo.maven.apache.org/maven2/org/apache/maven/surefire/surefire-shared-utils/3.5.5/surefire-shared-utils-3.5.5.jar (3.0 MB at 9.3 MB/s)
Downloading from central: https://repo.maven.apache.org/maven2/org/apache/maven/resolver/maven-resolver-api/1.4.1/maven-resolver-api-1.4.1.jar
Progress (2): 80/123 kB | 59/316 kB
Progress (2): 84/123 kB | 59/316 kB
Progress (2): 89/123 kB | 59/316 kB
Progress (2): 89/123 kB | 63/316 kB
Progress (2): 93/123 kB | 63/316 kB
Progress (2): 97/123 kB | 63/316 kB
Progress (2): 101/123 kB | 63/316 kB
Progress (2): 105/123 kB | 63/316 kB
Progress (2): 110/123 kB | 63/316 kB
Progress (2): 110/123 kB | 67/316 kB
Progress (2): 114/123 kB | 67/316 kB
Progress (2): 118/123 kB | 67/316 kB
Progress (2): 118/123 kB | 72/316 kB
Progress (2): 122/123 kB | 72/316 kB
Progress (2): 123 kB | 72/316 kB    
Progress (2): 123 kB | 76/316 kB
Progress (2): 123 kB | 80/316 kB
Progress (2): 123 kB | 84/316 kB
Progress (2): 123 kB | 89/316 kB
Progress (2): 123 kB | 93/316 kB
Progress (2): 123 kB | 97/316 kB
Progress (2): 123 kB | 101/316 kB
Progress (2): 123 kB | 105/316 kB
Progress (2): 123 kB | 110/316 kB
Progress (2): 123 kB | 114/316 kB
Progress (2): 123 kB | 118/316 kB
Progress (2): 123 kB | 122/316 kB
                                 
Downloaded from central: https://repo.maven.apache.org/maven2/org/apache/maven/surefire/surefire-booter/3.5.5/surefire-booter-3.5.5.jar (123 kB at 363 kB/s)
Downloading from central: https://repo.maven.apache.org/maven2/org/apache/maven/shared/maven-common-artifact-filters/3.4.0/maven-common-artifact-filters-3.4.0.jar
Progress (2): 122/316 kB | 0.9/168 kB
Progress (2): 122/316 kB | 2.3/168 kB
Progress (2): 122/316 kB | 3.6/168 kB
Progress (2): 122/316 kB | 5.0/168 kB
Progress (2): 122/316 kB | 6.4/168 kB
Progress (2): 122/316 kB | 7.7/168 kB
Progress (2): 122/316 kB | 8.2/168 kB
Progress (2): 122/316 kB | 9.6/168 kB
Progress (2): 122/316 kB | 11/168 kB 
Progress (2): 122/316 kB | 12/168 kB
Progress (2): 122/316 kB | 14/168 kB
Progress (2): 122/316 kB | 15/168 kB
Progress (2): 122/316 kB | 16/168 kB
Progress (2): 122/316 kB | 18/168 kB
Progress (2): 122/316 kB | 19/168 kB
Progress (2): 122/316 kB | 21/168 kB
Progress (2): 122/316 kB | 22/168 kB
Progress (2): 122/316 kB | 23/168 kB
Progress (2): 122/316 kB | 25/168 kB
Progress (2): 122/316 kB | 26/168 kB
Progress (2): 122/316 kB | 27/168 kB
Progress (2): 122/316 kB | 32/168 kB
Progress (2): 122/316 kB | 36/168 kB
Progress (2): 122/316 kB | 40/168 kB
Progress (3): 122/316 kB | 40/168 kB | 0.9/8.2 kB
Progress (3): 122/316 kB | 40/168 kB | 2.3/8.2 kB
Progress (3): 122/316 kB | 40/168 kB | 3.6/8.2 kB
Progress (3): 122/316 kB | 40/168 kB | 5.0/8.2 kB
Progress (3): 122/316 kB | 40/168 kB | 6.4/8.2 kB
Progress (3): 122/316 kB | 44/168 kB | 6.4/8.2 kB
Progress (3): 122/316 kB | 44/168 kB | 7.7/8.2 kB
Progress (3): 122/316 kB | 44/168 kB | 8.2 kB    
Progress (3): 122/316 kB | 49/168 kB | 8.2 kB
Progress (3): 122/316 kB | 53/168 kB | 8.2 kB
Progress (3): 122/316 kB | 57/168 kB | 8.2 kB
Progress (3): 122/316 kB | 61/168 kB | 8.2 kB
Progress (3): 127/316 kB | 61/168 kB | 8.2 kB
                                             
Downloaded from central: https://repo.maven.apache.org/maven2/org/apache/maven/surefire/surefire-extensions-spi/3.5.5/surefire-extensions-spi-3.5.5.jar (8.2 kB at 20 kB/s)
Downloading from central: https://repo.maven.apache.org/maven2/org/codehaus/plexus/plexus-java/1.5.2/plexus-java-1.5.2.jar
Progress (3): 127/316 kB | 61/168 kB | 7.7/149 kB
Progress (3): 127/316 kB | 61/168 kB | 16/149 kB 
Progress (3): 127/316 kB | 61/168 kB | 24/149 kB
Progress (3): 127/316 kB | 61/168 kB | 40/149 kB
Progress (3): 127/316 kB | 61/168 kB | 57/149 kB
Progress (3): 127/316 kB | 61/168 kB | 73/149 kB
Progress (3): 127/316 kB | 61/168 kB | 90/149 kB
Progress (3): 127/316 kB | 61/168 kB | 106/149 kB
Progress (3): 127/316 kB | 61/168 kB | 122/149 kB
Progress (3): 131/316 kB | 61/168 kB | 122/149 kB
Progress (3): 131/316 kB | 61/168 kB | 139/149 kB
Progress (3): 135/316 kB | 61/168 kB | 139/149 kB
Progress (3): 135/316 kB | 61/168 kB | 149 kB    
Progress (3): 139/316 kB | 61/168 kB | 149 kB
Progress (3): 143/316 kB | 61/168 kB | 149 kB
Progress (3): 148/316 kB | 61/168 kB | 149 kB
Progress (3): 152/316 kB | 61/168 kB | 149 kB
Progress (3): 156/316 kB | 61/168 kB | 149 kB
Progress (3): 160/316 kB | 61/168 kB | 149 kB
Progress (3): 165/316 kB | 61/168 kB | 149 kB
Progress (3): 169/316 kB | 61/168 kB | 149 kB
Progress (3): 173/316 kB | 61/168 kB | 149 kB
Progress (3): 177/316 kB | 61/168 kB | 149 kB
Progress (3): 181/316 kB | 61/168 kB | 149 kB
Progress (3): 186/316 kB | 61/168 kB | 149 kB
Progress (3): 190/316 kB | 61/168 kB | 149 kB
                                             
Downloaded from central: https://repo.maven.apache.org/maven2/org/apache/maven/resolver/maven-resolver-api/1.4.1/maven-resolver-api-1.4.1.jar (149 kB at 339 kB/s)
Downloading from central: https://repo.maven.apache.org/maven2/org/ow2/asm/asm/9.9.1/asm-9.9.1.jar
Progress (2): 194/316 kB | 61/168 kB
Progress (2): 198/316 kB | 61/168 kB
Progress (2): 203/316 kB | 61/168 kB
Progress (2): 207/316 kB | 61/168 kB
Progress (2): 211/316 kB | 61/168 kB
Progress (2): 211/316 kB | 65/168 kB
Progress (2): 215/316 kB | 65/168 kB
Progress (2): 215/316 kB | 70/168 kB
Progress (2): 215/316 kB | 74/168 kB
Progress (2): 215/316 kB | 78/168 kB
Progress (2): 215/316 kB | 82/168 kB
Progress (2): 215/316 kB | 87/168 kB
Progress (2): 215/316 kB | 91/168 kB
Progress (2): 215/316 kB | 95/168 kB
Progress (2): 215/316 kB | 99/168 kB
Progress (2): 215/316 kB | 103/168 kB
Progress (2): 215/316 kB | 108/168 kB
Progress (2): 219/316 kB | 108/168 kB
Progress (2): 219/316 kB | 112/168 kB
Progress (2): 219/316 kB | 116/168 kB
Progress (2): 219/316 kB | 120/168 kB
Progress (2): 219/316 kB | 125/168 kB
Progress (2): 219/316 kB | 129/168 kB
Progress (3): 219/316 kB | 129/168 kB | 3.8/58 kB
Progress (3): 219/316 kB | 133/168 kB | 3.8/58 kB
Progress (3): 219/316 kB | 133/168 kB | 8.0/58 kB
Progress (3): 219/316 kB | 133/168 kB | 12/58 kB 
Progress (3): 219/316 kB | 133/168 kB | 12/58 kB
Progress (3): 219/316 kB | 133/168 kB | 17/58 kB
Progress (3): 219/316 kB | 133/168 kB | 21/58 kB
Progress (3): 219/316 kB | 133/168 kB | 25/58 kB
Progress (3): 219/316 kB | 133/168 kB | 29/58 kB
Progress (3): 219/316 kB | 133/168 kB | 33/58 kB
Progress (3): 219/316 kB | 133/168 kB | 38/58 kB
Progress (3): 219/316 kB | 133/168 kB | 42/58 kB
Progress (3): 219/316 kB | 133/168 kB | 46/58 kB
Progress (3): 219/316 kB | 133/168 kB | 50/58 kB
Progress (3): 219/316 kB | 133/168 kB | 55/58 kB
Progress (3): 219/316 kB | 133/168 kB | 58 kB   
                                             
Downloaded from central: https://repo.maven.apache.org/maven2/org/apache/maven/shared/maven-common-artifact-filters/3.4.0/maven-common-artifact-filters-3.4.0.jar (58 kB at 118 kB/s)
Progress (3): 219/316 kB | 133/168 kB | 0.9/57 kB
Progress (3): 219/316 kB | 133/168 kB | 2.3/57 kB
Progress (3): 219/316 kB | 133/168 kB | 3.6/57 kB
Progress (3): 219/316 kB | 133/168 kB | 5.0/57 kB
Progress (3): 219/316 kB | 133/168 kB | 6.4/57 kB
Progress (3): 219/316 kB | 133/168 kB | 7.7/57 kB
Progress (3): 219/316 kB | 133/168 kB | 9.1/57 kB
Progress (3): 219/316 kB | 133/168 kB | 10/57 kB 
Progress (3): 219/316 kB | 133/168 kB | 12/57 kB
Progress (3): 219/316 kB | 133/168 kB | 13/57 kB
Progress (3): 219/316 kB | 133/168 kB | 14/57 kB
Progress (3): 219/316 kB | 133/168 kB | 16/57 kB
Progress (3): 219/316 kB | 133/168 kB | 17/57 kB
Progress (3): 219/316 kB | 133/168 kB | 18/57 kB
Progress (3): 219/316 kB | 133/168 kB | 20/57 kB
Progress (3): 219/316 kB | 133/168 kB | 21/57 kB
Progress (3): 219/316 kB | 133/168 kB | 22/57 kB
Progress (3): 219/316 kB | 133/168 kB | 24/57 kB
Progress (3): 219/316 kB | 133/168 kB | 25/57 kB
Progress (3): 219/316 kB | 133/168 kB | 27/57 kB
Progress (3): 219/316 kB | 133/168 kB | 28/57 kB
Progress (3): 219/316 kB | 133/168 kB | 29/57 kB
Progress (3): 219/316 kB | 133/168 kB | 31/57 kB
Progress (3): 219/316 kB | 133/168 kB | 35/57 kB
Progress (3): 219/316 kB | 133/168 kB | 39/57 kB
Progress (3): 219/316 kB | 133/168 kB | 43/57 kB
Progress (3): 219/316 kB | 133/168 kB | 48/57 kB
Progress (3): 219/316 kB | 133/168 kB | 52/57 kB
Progress (3): 219/316 kB | 133/168 kB | 56/57 kB
Progress (3): 219/316 kB | 133/168 kB | 57 kB   
                                             
Downloaded from central: https://repo.maven.apache.org/maven2/org/codehaus/plexus/plexus-java/1.5.2/plexus-java-1.5.2.jar (57 kB at 111 kB/s)
Progress (2): 224/316 kB | 133/168 kB
Progress (2): 240/316 kB | 133/168 kB
Progress (2): 256/316 kB | 133/168 kB
Progress (2): 273/316 kB | 133/168 kB
Progress (2): 274/316 kB | 133/168 kB
Progress (2): 291/316 kB | 133/168 kB
Progress (2): 291/316 kB | 137/168 kB
Progress (2): 291/316 kB | 139/168 kB
Progress (2): 291/316 kB | 143/168 kB
Progress (2): 291/316 kB | 148/168 kB
Progress (2): 291/316 kB | 152/168 kB
Progress (2): 307/316 kB | 152/168 kB
Progress (2): 307/316 kB | 156/168 kB
Progress (2): 307/316 kB | 160/168 kB
Progress (2): 307/316 kB | 165/168 kB
Progress (2): 307/316 kB | 168 kB    
                                 
Downloaded from central: https://repo.maven.apache.org/maven2/org/apache/maven/resolver/maven-resolver-util/1.4.1/maven-resolver-util-1.4.1.jar (168 kB at 268 kB/s)
Progress (1): 316 kB
Progress (2): 316 kB | 7.7/126 kB
Progress (2): 316 kB | 16/126 kB 
Progress (2): 316 kB | 32/126 kB
Progress (2): 316 kB | 48/126 kB
Progress (2): 316 kB | 65/126 kB
Progress (2): 316 kB | 81/126 kB
Progress (2): 316 kB | 98/126 kB
Progress (2): 316 kB | 114/126 kB
Progress (2): 316 kB | 126 kB    
                             
Downloaded from central: https://repo.maven.apache.org/maven2/org/apache/maven/surefire/maven-surefire-common/3.5.5/maven-surefire-common-3.5.5.jar (316 kB at 498 kB/s)
Downloaded from central: https://repo.maven.apache.org/maven2/org/ow2/asm/asm/9.9.1/asm-9.9.1.jar (126 kB at 198 kB/s)
[INFO] Tests are skipped.
[INFO] 
[INFO] --- jar:3.4.2:jar (default-jar) @ api ---
Downloading from central: https://repo.maven.apache.org/maven2/org/apache/maven/shared/file-management/3.1.0/file-management-3.1.0.pom
Progress (1): 794 B
Progress (1): 2.2 kB
Progress (1): 4.4 kB
Progress (1): 4.5 kB
                    
Downloaded from central: https://repo.maven.apache.org/maven2/org/apache/maven/shared/file-management/3.1.0/file-management-3.1.0.pom (4.5 kB at 38 kB/s)
Downloading from central: https://repo.maven.apache.org/maven2/org/apache/maven/shared/maven-shared-components/36/maven-shared-components-36.pom
Progress (1): 781 B
Progress (1): 2.3 kB
Progress (1): 4.5 kB
Progress (1): 4.9 kB
                    
Downloaded from central: https://repo.maven.apache.org/maven2/org/apache/maven/shared/maven-shared-components/36/maven-shared-components-36.pom (4.9 kB at 63 kB/s)
Downloading from central: https://repo.maven.apache.org/maven2/org/apache/maven/maven-parent/36/maven-parent-36.pom
Progress (1): 725 B
Progress (1): 1.9 kB
Progress (1): 5.4 kB
Progress (1): 9.7 kB
Progress (1): 14 kB 
Progress (1): 19 kB
Progress (1): 23 kB
Progress (1): 26 kB
Progress (1): 28 kB
Progress (1): 30 kB
Progress (1): 34 kB
Progress (1): 37 kB
Progress (1): 40 kB
Progress (1): 45 kB
Progress (1): 45 kB
                   
Downloaded from central: https://repo.maven.apache.org/maven2/org/apache/maven/maven-parent/36/maven-parent-36.pom (45 kB at 583 kB/s)
Downloading from central: https://repo.maven.apache.org/maven2/org/apache/apache/26/apache-26.pom
Progress (1): 744 B
Progress (1): 2.1 kB
Progress (1): 3.9 kB
Progress (1): 7.3 kB
Progress (1): 12 kB 
Progress (1): 16 kB
Progress (1): 19 kB
Progress (1): 21 kB
                   
Downloaded from central: https://repo.maven.apache.org/maven2/org/apache/apache/26/apache-26.pom (21 kB at 207 kB/s)
Downloading from central: https://repo.maven.apache.org/maven2/org/codehaus/plexus/plexus-utils/4.0.1/plexus-utils-4.0.1.pom
Progress (1): 729 B
Progress (1): 2.2 kB
Progress (1): 4.3 kB
Progress (1): 7.8 kB
                    
Downloaded from central: https://repo.maven.apache.org/maven2/org/codehaus/plexus/plexus-utils/4.0.1/plexus-utils-4.0.1.pom (7.8 kB at 140 kB/s)
Downloading from central: https://repo.maven.apache.org/maven2/commons-io/commons-io/2.16.1/commons-io-2.16.1.pom
Progress (1): 762 B
Progress (1): 2.0 kB
Progress (1): 4.9 kB
Progress (1): 6.7 kB
Progress (1): 8.8 kB
Progress (1): 12 kB 
Progress (1): 15 kB
Progress (1): 18 kB
Progress (1): 20 kB
                   
Downloaded from central: https://repo.maven.apache.org/maven2/commons-io/commons-io/2.16.1/commons-io-2.16.1.pom (20 kB at 265 kB/s)
Downloading from central: https://repo.maven.apache.org/maven2/org/apache/commons/commons-parent/69/commons-parent-69.pom
Progress (1): 708 B
Progress (1): 1.9 kB
Progress (1): 3.1 kB
Progress (1): 4.7 kB
Progress (1): 6.4 kB
Progress (1): 8.4 kB
Progress (1): 10 kB 
Progress (1): 13 kB
Progress (1): 14 kB
Progress (1): 17 kB
Progress (1): 19 kB
Progress (1): 22 kB
Progress (1): 25 kB
Progress (1): 28 kB
Progress (1): 31 kB
Progress (1): 31 kB
Progress (1): 35 kB
Progress (1): 40 kB
Progress (1): 43 kB
Progress (1): 45 kB
Progress (1): 48 kB
Progress (1): 51 kB
Progress (1): 55 kB
Progress (1): 57 kB
Progress (1): 59 kB
Progress (1): 63 kB
Progress (1): 67 kB
Progress (1): 70 kB
Progress (1): 73 kB
Progress (1): 75 kB
Progress (1): 77 kB
                   
Downloaded from central: https://repo.maven.apache.org/maven2/org/apache/commons/commons-parent/69/commons-parent-69.pom (77 kB at 1.1 MB/s)
Downloading from central: https://repo.maven.apache.org/maven2/org/apache/apache/31/apache-31.pom
Progress (1): 739 B
Progress (1): 2.1 kB
Progress (1): 3.9 kB
Progress (1): 6.2 kB
Progress (1): 11 kB 
Progress (1): 16 kB
Progress (1): 20 kB
Progress (1): 22 kB
Progress (1): 24 kB
                   
Downloaded from central: https://repo.maven.apache.org/maven2/org/apache/apache/31/apache-31.pom (24 kB at 235 kB/s)
Downloading from central: https://repo.maven.apache.org/maven2/org/apache/maven/maven-archiver/3.6.2/maven-archiver-3.6.2.pom
Progress (1): 801 B
Progress (1): 2.3 kB
Progress (1): 4.4 kB
                    
Downloaded from central: https://repo.maven.apache.org/maven2/org/apache/maven/maven-archiver/3.6.2/maven-archiver-3.6.2.pom (4.4 kB at 43 kB/s)
Downloading from central: https://repo.maven.apache.org/maven2/org/apache/maven/shared/maven-shared-components/41/maven-shared-components-41.pom
Progress (1): 815 B
Progress (1): 2.3 kB
Progress (1): 3.2 kB
                    
Downloaded from central: https://repo.maven.apache.org/maven2/org/apache/maven/shared/maven-shared-components/41/maven-shared-components-41.pom (3.2 kB at 60 kB/s)
Downloading from central: https://repo.maven.apache.org/maven2/org/apache/maven/maven-parent/41/maven-parent-41.pom
Progress (1): 724 B
Progress (1): 1.9 kB
Progress (1): 5.5 kB
Progress (1): 9.9 kB
Progress (1): 14 kB 
Progress (1): 19 kB
Progress (1): 23 kB
Progress (1): 27 kB
Progress (1): 28 kB
Progress (1): 31 kB
Progress (1): 34 kB
Progress (1): 37 kB
Progress (1): 40 kB
Progress (1): 43 kB
Progress (1): 48 kB
Progress (1): 48 kB
Progress (1): 50 kB
                   
Downloaded from central: https://repo.maven.apache.org/maven2/org/apache/maven/maven-parent/41/maven-parent-41.pom (50 kB at 656 kB/s)
Downloading from central: https://repo.maven.apache.org/maven2/org/codehaus/plexus/plexus-archiver/4.9.2/plexus-archiver-4.9.2.pom
Progress (1): 1.3 kB
Progress (1): 4.1 kB
Progress (1): 6.0 kB
                    
Downloaded from central: https://repo.maven.apache.org/maven2/org/codehaus/plexus/plexus-archiver/4.9.2/plexus-archiver-4.9.2.pom (6.0 kB at 105 kB/s)
Downloading from central: https://repo.maven.apache.org/maven2/org/codehaus/plexus/plexus-io/3.4.2/plexus-io-3.4.2.pom
Progress (1): 1.2 kB
Progress (1): 3.9 kB
                    
Downloaded from central: https://repo.maven.apache.org/maven2/org/codehaus/plexus/plexus-io/3.4.2/plexus-io-3.4.2.pom (3.9 kB at 57 kB/s)
Downloading from central: https://repo.maven.apache.org/maven2/org/codehaus/plexus/plexus/16/plexus-16.pom
Progress (1): 692 B
Progress (1): 2.7 kB
Progress (1): 6.4 kB
Progress (1): 8.9 kB
Progress (1): 11 kB 
Progress (1): 14 kB
Progress (1): 18 kB
Progress (1): 21 kB
Progress (1): 25 kB
Progress (1): 28 kB
                   
Downloaded from central: https://repo.maven.apache.org/maven2/org/codehaus/plexus/plexus/16/plexus-16.pom (28 kB at 468 kB/s)
Downloading from central: https://repo.maven.apache.org/maven2/org/junit/junit-bom/5.10.1/junit-bom-5.10.1.pom
Progress (1): 908 B
Progress (1): 4.1 kB
Progress (1): 5.6 kB
                    
Downloaded from central: https://repo.maven.apache.org/maven2/org/junit/junit-bom/5.10.1/junit-bom-5.10.1.pom (5.6 kB at 81 kB/s)
Downloading from central: https://repo.maven.apache.org/maven2/org/apache/commons/commons-compress/1.26.1/commons-compress-1.26.1.pom
Progress (1): 758 B
Progress (1): 1.9 kB
Progress (1): 3.7 kB
Progress (1): 5.9 kB
Progress (1): 9.2 kB
Progress (1): 12 kB 
Progress (1): 15 kB
Progress (1): 19 kB
Progress (1): 21 kB
Progress (1): 22 kB
                   
Downloaded from central: https://repo.maven.apache.org/maven2/org/apache/commons/commons-compress/1.26.1/commons-compress-1.26.1.pom (22 kB at 320 kB/s)
Downloading from central: https://repo.maven.apache.org/maven2/org/apache/commons/commons-parent/66/commons-parent-66.pom
Progress (1): 708 B
Progress (1): 1.9 kB
Progress (1): 3.1 kB
Progress (1): 4.7 kB
Progress (1): 6.5 kB
Progress (1): 8.5 kB
Progress (1): 10 kB 
Progress (1): 13 kB
Progress (1): 14 kB
Progress (1): 17 kB
Progress (1): 19 kB
Progress (1): 22 kB
Progress (1): 25 kB
Progress (1): 28 kB
Progress (1): 31 kB
Progress (1): 32 kB
Progress (1): 35 kB
Progress (1): 40 kB
Progress (1): 43 kB
Progress (1): 46 kB
Progress (1): 48 kB
Progress (1): 51 kB
Progress (1): 55 kB
Progress (1): 57 kB
Progress (1): 60 kB
Progress (1): 63 kB
Progress (1): 67 kB
Progress (1): 70 kB
Progress (1): 73 kB
Progress (1): 75 kB
Progress (1): 77 kB
                   
Downloaded from central: https://repo.maven.apache.org/maven2/org/apache/commons/commons-parent/66/commons-parent-66.pom (77 kB at 1.0 MB/s)
Downloading from central: https://repo.maven.apache.org/maven2/commons-codec/commons-codec/1.16.1/commons-codec-1.16.1.pom
Progress (1): 749 B
Progress (1): 1.9 kB
Progress (1): 3.8 kB
Progress (1): 6.3 kB
Progress (1): 8.7 kB
Progress (1): 11 kB 
Progress (1): 13 kB
Progress (1): 16 kB
                   
Downloaded from central: https://repo.maven.apache.org/maven2/commons-codec/commons-codec/1.16.1/commons-codec-1.16.1.pom (16 kB at 285 kB/s)
Downloading from central: https://repo.maven.apache.org/maven2/org/apache/commons/commons-lang3/3.14.0/commons-lang3-3.14.0.pom
Progress (1): 747 B
Progress (1): 2.1 kB
Progress (1): 4.7 kB
Progress (1): 8.4 kB
Progress (1): 12 kB 
Progress (1): 15 kB
Progress (1): 17 kB
Progress (1): 18 kB
Progress (1): 21 kB
Progress (1): 24 kB
Progress (1): 28 kB
Progress (1): 30 kB
Progress (1): 31 kB
                   
Downloaded from central: https://repo.maven.apache.org/maven2/org/apache/commons/commons-lang3/3.14.0/commons-lang3-3.14.0.pom (31 kB at 377 kB/s)
Downloading from central: https://repo.maven.apache.org/maven2/org/apache/commons/commons-parent/64/commons-parent-64.pom
Progress (1): 706 B
Progress (1): 1.9 kB
Progress (1): 3.1 kB
Progress (1): 4.7 kB
Progress (1): 6.4 kB
Progress (1): 8.4 kB
Progress (1): 10 kB 
Progress (1): 13 kB
Progress (1): 15 kB
Progress (1): 18 kB
Progress (1): 19 kB
Progress (1): 23 kB
Progress (1): 25 kB
Progress (1): 28 kB
Progress (1): 32 kB
Progress (1): 32 kB
Progress (1): 35 kB
Progress (1): 41 kB
Progress (1): 44 kB
Progress (1): 46 kB
Progress (1): 49 kB
Progress (1): 51 kB
Progress (1): 54 kB
Progress (1): 58 kB
Progress (1): 60 kB
Progress (1): 64 kB
Progress (1): 67 kB
Progress (1): 71 kB
Progress (1): 74 kB
Progress (1): 76 kB
Progress (1): 78 kB
                   
Downloaded from central: https://repo.maven.apache.org/maven2/org/apache/commons/commons-parent/64/commons-parent-64.pom (78 kB at 1.2 MB/s)
Downloading from central: https://repo.maven.apache.org/maven2/org/apache/apache/30/apache-30.pom
Progress (1): 743 B
Progress (1): 2.1 kB
Progress (1): 4.0 kB
Progress (1): 6.3 kB
Progress (1): 11 kB 
Progress (1): 16 kB
Progress (1): 20 kB
Progress (1): 22 kB
Progress (1): 23 kB
                   
Downloaded from central: https://repo.maven.apache.org/maven2/org/apache/apache/30/apache-30.pom (23 kB at 318 kB/s)
Downloading from central: https://repo.maven.apache.org/maven2/org/junit/junit-bom/5.10.0/junit-bom-5.10.0.pom
Progress (1): 913 B
Progress (1): 4.1 kB
Progress (1): 5.6 kB
                    
Downloaded from central: https://repo.maven.apache.org/maven2/org/junit/junit-bom/5.10.0/junit-bom-5.10.0.pom (5.6 kB at 103 kB/s)
Downloading from central: https://repo.maven.apache.org/maven2/org/iq80/snappy/snappy/0.4/snappy-0.4.pom
Progress (1): 1.2 kB
Progress (1): 3.7 kB
Progress (1): 8.5 kB
Progress (1): 12 kB 
Progress (1): 15 kB
                   
Downloaded from central: https://repo.maven.apache.org/maven2/org/iq80/snappy/snappy/0.4/snappy-0.4.pom (15 kB at 153 kB/s)
Downloading from central: https://repo.maven.apache.org/maven2/org/tukaani/xz/1.9/xz-1.9.pom
Progress (1): 1.1 kB
Progress (1): 2.0 kB
                    
Downloaded from central: https://repo.maven.apache.org/maven2/org/tukaani/xz/1.9/xz-1.9.pom (2.0 kB at 19 kB/s)
Downloading from central: https://repo.maven.apache.org/maven2/com/github/luben/zstd-jni/1.5.5-11/zstd-jni-1.5.5-11.pom
Progress (1): 1.1 kB
Progress (1): 2.0 kB
                    
Downloaded from central: https://repo.maven.apache.org/maven2/com/github/luben/zstd-jni/1.5.5-11/zstd-jni-1.5.5-11.pom (2.0 kB at 37 kB/s)
Downloading from central: https://repo.maven.apache.org/maven2/org/codehaus/plexus/plexus-interpolation/1.27/plexus-interpolation-1.27.pom
Progress (1): 1.3 kB
Progress (1): 3.0 kB
                    
Downloaded from central: https://repo.maven.apache.org/maven2/org/codehaus/plexus/plexus-interpolation/1.27/plexus-interpolation-1.27.pom (3.0 kB at 18 kB/s)
Downloading from central: https://repo.maven.apache.org/maven2/org/apache/maven/shared/file-management/3.1.0/file-management-3.1.0.jar
Progress (1): 7.7/36 kB
Progress (1): 16/36 kB 
Progress (1): 32/36 kB
Progress (1): 36 kB   
                   
Downloaded from central: https://repo.maven.apache.org/maven2/org/apache/maven/shared/file-management/3.1.0/file-management-3.1.0.jar (36 kB at 443 kB/s)
Downloading from central: https://repo.maven.apache.org/maven2/org/codehaus/plexus/plexus-utils/4.0.1/plexus-utils-4.0.1.jar
Downloading from central: https://repo.maven.apache.org/maven2/commons-io/commons-io/2.16.1/commons-io-2.16.1.jar
Downloading from central: https://repo.maven.apache.org/maven2/org/apache/maven/maven-archiver/3.6.2/maven-archiver-3.6.2.jar
Downloading from central: https://repo.maven.apache.org/maven2/org/codehaus/plexus/plexus-interpolation/1.27/plexus-interpolation-1.27.jar
Downloading from central: https://repo.maven.apache.org/maven2/org/codehaus/plexus/plexus-archiver/4.9.2/plexus-archiver-4.9.2.jar
Progress (1): 7.7/193 kB
Progress (1): 7.7/193 kB
Progress (1): 24/193 kB 
Progress (1): 40/193 kB
Progress (1): 57/193 kB
Progress (1): 73/193 kB
Progress (1): 90/193 kB
Progress (1): 106/193 kB
Progress (1): 122/193 kB
Progress (1): 139/193 kB
Progress (2): 139/193 kB | 3.8/27 kB
Progress (2): 155/193 kB | 3.8/27 kB
Progress (2): 172/193 kB | 3.8/27 kB
Progress (2): 188/193 kB | 3.8/27 kB
Progress (2): 193 kB | 3.8/27 kB    
Progress (2): 193 kB | 8.0/27 kB
Progress (2): 193 kB | 12/27 kB 
Progress (2): 193 kB | 16/27 kB
Progress (2): 193 kB | 20/27 kB
Progress (2): 193 kB | 24/27 kB
Progress (2): 193 kB | 27 kB   
Progress (3): 193 kB | 27 kB | 3.8/86 kB
Progress (3): 193 kB | 27 kB | 8.0/86 kB
Progress (3): 193 kB | 27 kB | 12/86 kB 
Progress (3): 193 kB | 27 kB | 16/86 kB
Progress (3): 193 kB | 27 kB | 21/86 kB
Progress (3): 193 kB | 27 kB | 25/86 kB
Progress (3): 193 kB | 27 kB | 29/86 kB
Progress (3): 193 kB | 27 kB | 33/86 kB
Progress (3): 193 kB | 27 kB | 49/86 kB
Progress (4): 193 kB | 27 kB | 49/86 kB | 3.4/225 kB
Progress (4): 193 kB | 27 kB | 66/86 kB | 3.4/225 kB
Progress (4): 193 kB | 27 kB | 66/86 kB | 7.6/225 kB
Progress (4): 193 kB | 27 kB | 66/86 kB | 12/225 kB 
Progress (4): 193 kB | 27 kB | 66/86 kB | 16/225 kB
                                                   
Downloaded from central: https://repo.maven.apache.org/maven2/org/apache/maven/maven-archiver/3.6.2/maven-archiver-3.6.2.jar (27 kB at 327 kB/s)
Downloading from central: https://repo.maven.apache.org/maven2/org/codehaus/plexus/plexus-io/3.4.2/plexus-io-3.4.2.jar
Progress (3): 193 kB | 66/86 kB | 20/225 kB
Progress (3): 193 kB | 82/86 kB | 20/225 kB
Progress (3): 193 kB | 82/86 kB | 25/225 kB
Progress (3): 193 kB | 86 kB | 25/225 kB   
Progress (3): 193 kB | 86 kB | 29/225 kB
                                        
Downloaded from central: https://repo.maven.apache.org/maven2/org/codehaus/plexus/plexus-utils/4.0.1/plexus-utils-4.0.1.jar (193 kB at 2.3 MB/s)
Downloading from central: https://repo.maven.apache.org/maven2/org/apache/commons/commons-compress/1.26.1/commons-compress-1.26.1.jar
Progress (2): 86 kB | 33/225 kB
Progress (2): 86 kB | 37/225 kB
Progress (2): 86 kB | 41/225 kB
Progress (2): 86 kB | 46/225 kB
Progress (2): 86 kB | 50/225 kB
Progress (2): 86 kB | 54/225 kB
Progress (2): 86 kB | 58/225 kB
Progress (2): 86 kB | 63/225 kB
Progress (2): 86 kB | 67/225 kB
Progress (3): 86 kB | 67/225 kB | 7.7/509 kB
Progress (3): 86 kB | 67/225 kB | 16/509 kB 
                                           
Downloaded from central: https://repo.maven.apache.org/maven2/org/codehaus/plexus/plexus-interpolation/1.27/plexus-interpolation-1.27.jar (86 kB at 944 kB/s)
Downloading from central: https://repo.maven.apache.org/maven2/org/apache/commons/commons-lang3/3.14.0/commons-lang3-3.14.0.jar
Progress (2): 67/225 kB | 32/509 kB
Progress (2): 67/225 kB | 49/509 kB
Progress (2): 67/225 kB | 57/509 kB
Progress (2): 67/225 kB | 74/509 kB
Progress (2): 67/225 kB | 90/509 kB
Progress (2): 67/225 kB | 106/509 kB
Progress (2): 71/225 kB | 106/509 kB
Progress (2): 75/225 kB | 106/509 kB
Progress (2): 79/225 kB | 106/509 kB
Progress (2): 84/225 kB | 106/509 kB
Progress (2): 88/225 kB | 106/509 kB
Progress (2): 92/225 kB | 106/509 kB
Progress (2): 96/225 kB | 106/509 kB
Progress (2): 101/225 kB | 106/509 kB
Progress (2): 105/225 kB | 106/509 kB
Progress (2): 109/225 kB | 106/509 kB
Progress (2): 113/225 kB | 106/509 kB
Progress (2): 118/225 kB | 106/509 kB
Progress (2): 122/225 kB | 106/509 kB
Progress (2): 122/225 kB | 123/509 kB
Progress (2): 126/225 kB | 123/509 kB
Progress (2): 126/225 kB | 123/509 kB
Progress (2): 130/225 kB | 123/509 kB
Progress (2): 135/225 kB | 123/509 kB
Progress (2): 135/225 kB | 139/509 kB
Progress (2): 135/225 kB | 156/509 kB
Progress (2): 135/225 kB | 172/509 kB
Progress (2): 151/225 kB | 172/509 kB
Progress (2): 167/225 kB | 172/509 kB
Progress (3): 167/225 kB | 172/509 kB | 7.7/79 kB
Progress (3): 167/225 kB | 172/509 kB | 16/79 kB 
Progress (3): 167/225 kB | 172/509 kB | 25/79 kB
Progress (3): 167/225 kB | 172/509 kB | 41/79 kB
Progress (3): 167/225 kB | 188/509 kB | 41/79 kB
Progress (3): 167/225 kB | 188/509 kB | 57/79 kB
Progress (3): 184/225 kB | 188/509 kB | 57/79 kB
Progress (3): 184/225 kB | 188/509 kB | 74/79 kB
Progress (3): 184/225 kB | 188/509 kB | 79 kB   
Progress (4): 184/225 kB | 188/509 kB | 79 kB | 7.7/658 kB
Progress (4): 184/225 kB | 188/509 kB | 79 kB | 12/658 kB 
Progress (4): 184/225 kB | 188/509 kB | 79 kB | 28/658 kB
Progress (4): 184/225 kB | 188/509 kB | 79 kB | 44/658 kB
                                                         
Downloaded from central: https://repo.maven.apache.org/maven2/org/codehaus/plexus/plexus-io/3.4.2/plexus-io-3.4.2.jar (79 kB at 273 kB/s)
Downloading from central: https://repo.maven.apache.org/maven2/commons-codec/commons-codec/1.16.1/commons-codec-1.16.1.jar
Progress (3): 184/225 kB | 188/509 kB | 61/658 kB
Progress (3): 184/225 kB | 188/509 kB | 77/658 kB
Progress (3): 200/225 kB | 188/509 kB | 77/658 kB
Progress (3): 200/225 kB | 188/509 kB | 93/658 kB
Progress (3): 200/225 kB | 188/509 kB | 110/658 kB
Progress (3): 200/225 kB | 188/509 kB | 126/658 kB
Progress (3): 200/225 kB | 188/509 kB | 143/658 kB
Progress (4): 200/225 kB | 188/509 kB | 143/658 kB | 0/1.1 MB
Progress (4): 200/225 kB | 188/509 kB | 159/658 kB | 0/1.1 MB
Progress (4): 200/225 kB | 188/509 kB | 175/658 kB | 0/1.1 MB
Progress (4): 200/225 kB | 188/509 kB | 192/658 kB | 0/1.1 MB
Progress (4): 200/225 kB | 188/509 kB | 208/658 kB | 0/1.1 MB
Progress (4): 200/225 kB | 188/509 kB | 225/658 kB | 0/1.1 MB
Progress (4): 200/225 kB | 188/509 kB | 241/658 kB | 0/1.1 MB
Progress (4): 200/225 kB | 205/509 kB | 241/658 kB | 0/1.1 MB
Progress (4): 200/225 kB | 205/509 kB | 257/658 kB | 0/1.1 MB
Progress (4): 200/225 kB | 205/509 kB | 257/658 kB | 0/1.1 MB
Progress (4): 200/225 kB | 205/509 kB | 274/658 kB | 0/1.1 MB
Progress (4): 200/225 kB | 205/509 kB | 290/658 kB | 0/1.1 MB
Progress (4): 200/225 kB | 205/509 kB | 306/658 kB | 0/1.1 MB
Progress (4): 200/225 kB | 205/509 kB | 323/658 kB | 0/1.1 MB
Progress (4): 200/225 kB | 205/509 kB | 339/658 kB | 0/1.1 MB
Progress (4): 200/225 kB | 205/509 kB | 356/658 kB | 0/1.1 MB
Progress (4): 200/225 kB | 205/509 kB | 360/658 kB | 0/1.1 MB
Progress (4): 200/225 kB | 205/509 kB | 377/658 kB | 0/1.1 MB
Progress (4): 200/225 kB | 205/509 kB | 393/658 kB | 0/1.1 MB
Progress (4): 200/225 kB | 205/509 kB | 410/658 kB | 0/1.1 MB
Progress (4): 200/225 kB | 205/509 kB | 426/658 kB | 0/1.1 MB
Progress (4): 200/225 kB | 205/509 kB | 426/658 kB | 0/1.1 MB
Progress (4): 200/225 kB | 205/509 kB | 442/658 kB | 0/1.1 MB
Progress (4): 200/225 kB | 205/509 kB | 459/658 kB | 0/1.1 MB
Progress (4): 200/225 kB | 205/509 kB | 475/658 kB | 0/1.1 MB
Progress (4): 200/225 kB | 205/509 kB | 475/658 kB | 0.1/1.1 MB
Progress (4): 200/225 kB | 205/509 kB | 492/658 kB | 0.1/1.1 MB
Progress (4): 200/225 kB | 205/509 kB | 508/658 kB | 0.1/1.1 MB
Progress (4): 200/225 kB | 205/509 kB | 524/658 kB | 0.1/1.1 MB
Progress (4): 200/225 kB | 205/509 kB | 541/658 kB | 0.1/1.1 MB
Progress (4): 200/225 kB | 205/509 kB | 557/658 kB | 0.1/1.1 MB
Progress (4): 200/225 kB | 205/509 kB | 573/658 kB | 0.1/1.1 MB
Progress (4): 200/225 kB | 205/509 kB | 590/658 kB | 0.1/1.1 MB
Progress (4): 200/225 kB | 205/509 kB | 606/658 kB | 0.1/1.1 MB
Progress (4): 200/225 kB | 205/509 kB | 623/658 kB | 0.1/1.1 MB
Progress (4): 200/225 kB | 205/509 kB | 639/658 kB | 0.1/1.1 MB
Progress (4): 200/225 kB | 205/509 kB | 655/658 kB | 0.1/1.1 MB
Progress (4): 200/225 kB | 205/509 kB | 658 kB | 0.1/1.1 MB    
Progress (4): 200/225 kB | 221/509 kB | 658 kB | 0.1/1.1 MB
Progress (4): 217/225 kB | 221/509 kB | 658 kB | 0.1/1.1 MB
Progress (4): 217/225 kB | 238/509 kB | 658 kB | 0.1/1.1 MB
Progress (4): 225 kB | 238/509 kB | 658 kB | 0.1/1.1 MB    
Progress (4): 225 kB | 254/509 kB | 658 kB | 0.1/1.1 MB
Progress (4): 225 kB | 270/509 kB | 658 kB | 0.1/1.1 MB
                                                       
Downloaded from central: https://repo.maven.apache.org/maven2/org/apache/commons/commons-lang3/3.14.0/commons-lang3-3.14.0.jar (658 kB at 1.8 MB/s)
Downloading from central: https://repo.maven.apache.org/maven2/org/iq80/snappy/snappy/0.4/snappy-0.4.jar
Downloaded from central: https://repo.maven.apache.org/maven2/org/codehaus/plexus/plexus-archiver/4.9.2/plexus-archiver-4.9.2.jar (225 kB at 619 kB/s)
Downloading from central: https://repo.maven.apache.org/maven2/org/tukaani/xz/1.9/xz-1.9.jar
Progress (2): 270/509 kB | 0.1/1.1 MB
Progress (2): 287/509 kB | 0.1/1.1 MB
Progress (2): 287/509 kB | 0.1/1.1 MB
Progress (2): 303/509 kB | 0.1/1.1 MB
Progress (2): 303/509 kB | 0.1/1.1 MB
Progress (2): 319/509 kB | 0.1/1.1 MB
Progress (2): 336/509 kB | 0.1/1.1 MB
Progress (2): 336/509 kB | 0.1/1.1 MB
Progress (2): 352/509 kB | 0.1/1.1 MB
Progress (2): 352/509 kB | 0.1/1.1 MB
Progress (3): 352/509 kB | 0.1/1.1 MB | 7.7/365 kB
Progress (3): 352/509 kB | 0.1/1.1 MB | 16/365 kB 
Progress (3): 352/509 kB | 0.1/1.1 MB | 32/365 kB
Progress (3): 352/509 kB | 0.1/1.1 MB | 48/365 kB
Progress (3): 369/509 kB | 0.1/1.1 MB | 48/365 kB
Progress (3): 369/509 kB | 0.1/1.1 MB | 65/365 kB
Progress (3): 369/509 kB | 0.1/1.1 MB | 81/365 kB
Progress (3): 369/509 kB | 0.1/1.1 MB | 98/365 kB
Progress (3): 369/509 kB | 0.1/1.1 MB | 114/365 kB
Progress (3): 385/509 kB | 0.1/1.1 MB | 114/365 kB
Progress (3): 401/509 kB | 0.1/1.1 MB | 114/365 kB
Progress (3): 418/509 kB | 0.1/1.1 MB | 114/365 kB
Progress (3): 434/509 kB | 0.1/1.1 MB | 114/365 kB
Progress (3): 434/509 kB | 0.2/1.1 MB | 114/365 kB
Progress (3): 451/509 kB | 0.2/1.1 MB | 114/365 kB
Progress (3): 451/509 kB | 0.2/1.1 MB | 114/365 kB
Progress (3): 451/509 kB | 0.2/1.1 MB | 114/365 kB
Progress (3): 451/509 kB | 0.2/1.1 MB | 114/365 kB
Progress (3): 467/509 kB | 0.2/1.1 MB | 114/365 kB
Progress (4): 467/509 kB | 0.2/1.1 MB | 114/365 kB | 7.7/116 kB
Progress (4): 467/509 kB | 0.2/1.1 MB | 114/365 kB | 16/116 kB 
Progress (4): 467/509 kB | 0.2/1.1 MB | 114/365 kB | 24/116 kB
Progress (4): 467/509 kB | 0.2/1.1 MB | 114/365 kB | 40/116 kB
Progress (4): 467/509 kB | 0.2/1.1 MB | 114/365 kB | 57/116 kB
Progress (4): 467/509 kB | 0.2/1.1 MB | 114/365 kB | 73/116 kB
Progress (4): 467/509 kB | 0.2/1.1 MB | 114/365 kB | 90/116 kB
Progress (4): 467/509 kB | 0.2/1.1 MB | 114/365 kB | 106/116 kB
Progress (4): 483/509 kB | 0.2/1.1 MB | 114/365 kB | 106/116 kB
Progress (4): 483/509 kB | 0.2/1.1 MB | 114/365 kB | 116 kB    
                                                           
Downloaded from central: https://repo.maven.apache.org/maven2/org/tukaani/xz/1.9/xz-1.9.jar (116 kB at 252 kB/s)
Downloading from central: https://repo.maven.apache.org/maven2/com/github/luben/zstd-jni/1.5.5-11/zstd-jni-1.5.5-11.jar
Progress (3): 483/509 kB | 0.2/1.1 MB | 130/365 kB
Progress (3): 483/509 kB | 0.2/1.1 MB | 130/365 kB
Progress (3): 483/509 kB | 0.2/1.1 MB | 147/365 kB
Progress (3): 483/509 kB | 0.2/1.1 MB | 147/365 kB
Progress (3): 483/509 kB | 0.2/1.1 MB | 163/365 kB
Progress (3): 500/509 kB | 0.2/1.1 MB | 163/365 kB
Progress (3): 500/509 kB | 0.2/1.1 MB | 179/365 kB
Progress (3): 509 kB | 0.2/1.1 MB | 179/365 kB    
Progress (3): 509 kB | 0.2/1.1 MB | 196/365 kB
Progress (4): 509 kB | 0.2/1.1 MB | 196/365 kB | 7.7/58 kB
Progress (4): 509 kB | 0.2/1.1 MB | 196/365 kB | 12/58 kB 
Progress (4): 509 kB | 0.2/1.1 MB | 196/365 kB | 28/58 kB
Progress (4): 509 kB | 0.2/1.1 MB | 212/365 kB | 28/58 kB
Progress (4): 509 kB | 0.2/1.1 MB | 212/365 kB | 44/58 kB
Progress (4): 509 kB | 0.2/1.1 MB | 229/365 kB | 44/58 kB
Progress (4): 509 kB | 0.2/1.1 MB | 229/365 kB | 58 kB   
Progress (4): 509 kB | 0.3/1.1 MB | 229/365 kB | 58 kB
Progress (4): 509 kB | 0.3/1.1 MB | 245/365 kB | 58 kB
Progress (4): 509 kB | 0.3/1.1 MB | 245/365 kB | 58 kB
Progress (4): 509 kB | 0.3/1.1 MB | 245/365 kB | 58 kB
Progress (4): 509 kB | 0.3/1.1 MB | 245/365 kB | 58 kB
                                                      
Downloaded from central: https://repo.maven.apache.org/maven2/org/iq80/snappy/snappy/0.4/snappy-0.4.jar (58 kB at 121 kB/s)
Downloaded from central: https://repo.maven.apache.org/maven2/commons-io/commons-io/2.16.1/commons-io-2.16.1.jar (509 kB at 1.1 MB/s)
Progress (2): 0.3/1.1 MB | 245/365 kB
Progress (2): 0.3/1.1 MB | 245/365 kB
Progress (2): 0.3/1.1 MB | 261/365 kB
Progress (2): 0.4/1.1 MB | 261/365 kB
Progress (2): 0.4/1.1 MB | 261/365 kB
Progress (2): 0.4/1.1 MB | 261/365 kB
Progress (2): 0.4/1.1 MB | 278/365 kB
Progress (2): 0.4/1.1 MB | 294/365 kB
Progress (2): 0.4/1.1 MB | 294/365 kB
Progress (2): 0.4/1.1 MB | 311/365 kB
Progress (2): 0.4/1.1 MB | 311/365 kB
Progress (2): 0.4/1.1 MB | 311/365 kB
Progress (2): 0.4/1.1 MB | 327/365 kB
Progress (2): 0.4/1.1 MB | 343/365 kB
Progress (3): 0.4/1.1 MB | 343/365 kB | 0/6.8 MB
Progress (3): 0.4/1.1 MB | 343/365 kB | 0/6.8 MB
Progress (3): 0.4/1.1 MB | 343/365 kB | 0/6.8 MB
Progress (3): 0.4/1.1 MB | 343/365 kB | 0/6.8 MB
Progress (3): 0.4/1.1 MB | 343/365 kB | 0/6.8 MB
Progress (3): 0.4/1.1 MB | 343/365 kB | 0.1/6.8 MB
Progress (3): 0.4/1.1 MB | 343/365 kB | 0.1/6.8 MB
Progress (3): 0.4/1.1 MB | 343/365 kB | 0.1/6.8 MB
Progress (3): 0.4/1.1 MB | 343/365 kB | 0.1/6.8 MB
Progress (3): 0.4/1.1 MB | 343/365 kB | 0.1/6.8 MB
Progress (3): 0.4/1.1 MB | 343/365 kB | 0.1/6.8 MB
Progress (3): 0.4/1.1 MB | 343/365 kB | 0.2/6.8 MB
Progress (3): 0.4/1.1 MB | 360/365 kB | 0.2/6.8 MB
Progress (3): 0.5/1.1 MB | 360/365 kB | 0.2/6.8 MB
Progress (3): 0.5/1.1 MB | 360/365 kB | 0.2/6.8 MB
Progress (3): 0.5/1.1 MB | 360/365 kB | 0.2/6.8 MB
Progress (3): 0.5/1.1 MB | 360/365 kB | 0.2/6.8 MB
Progress (3): 0.5/1.1 MB | 360/365 kB | 0.2/6.8 MB
Progress (3): 0.5/1.1 MB | 360/365 kB | 0.2/6.8 MB
Progress (3): 0.5/1.1 MB | 360/365 kB | 0.3/6.8 MB
Progress (3): 0.5/1.1 MB | 360/365 kB | 0.3/6.8 MB
Progress (3): 0.5/1.1 MB | 365 kB | 0.3/6.8 MB    
Progress (3): 0.5/1.1 MB | 365 kB | 0.3/6.8 MB
Progress (3): 0.5/1.1 MB | 365 kB | 0.3/6.8 MB
Progress (3): 0.5/1.1 MB | 365 kB | 0.3/6.8 MB
                                              
Downloaded from central: https://repo.maven.apache.org/maven2/commons-codec/commons-codec/1.16.1/commons-codec-1.16.1.jar (365 kB at 677 kB/s)
Progress (2): 0.5/1.1 MB | 0.3/6.8 MB
Progress (2): 0.5/1.1 MB | 0.3/6.8 MB
Progress (2): 0.5/1.1 MB | 0.3/6.8 MB
Progress (2): 0.5/1.1 MB | 0.4/6.8 MB
Progress (2): 0.5/1.1 MB | 0.4/6.8 MB
Progress (2): 0.5/1.1 MB | 0.4/6.8 MB
Progress (2): 0.5/1.1 MB | 0.4/6.8 MB
Progress (2): 0.5/1.1 MB | 0.4/6.8 MB
Progress (2): 0.5/1.1 MB | 0.4/6.8 MB
Progress (2): 0.5/1.1 MB | 0.5/6.8 MB
Progress (2): 0.5/1.1 MB | 0.5/6.8 MB
Progress (2): 0.5/1.1 MB | 0.5/6.8 MB
Progress (2): 0.5/1.1 MB | 0.5/6.8 MB
Progress (2): 0.5/1.1 MB | 0.5/6.8 MB
Progress (2): 0.5/1.1 MB | 0.5/6.8 MB
Progress (2): 0.5/1.1 MB | 0.5/6.8 MB
Progress (2): 0.5/1.1 MB | 0.6/6.8 MB
Progress (2): 0.5/1.1 MB | 0.6/6.8 MB
Progress (2): 0.5/1.1 MB | 0.6/6.8 MB
Progress (2): 0.5/1.1 MB | 0.6/6.8 MB
Progress (2): 0.5/1.1 MB | 0.6/6.8 MB
Progress (2): 0.5/1.1 MB | 0.6/6.8 MB
Progress (2): 0.5/1.1 MB | 0.7/6.8 MB
Progress (2): 0.5/1.1 MB | 0.7/6.8 MB
Progress (2): 0.5/1.1 MB | 0.7/6.8 MB
Progress (2): 0.5/1.1 MB | 0.7/6.8 MB
Progress (2): 0.5/1.1 MB | 0.7/6.8 MB
Progress (2): 0.5/1.1 MB | 0.7/6.8 MB
Progress (2): 0.5/1.1 MB | 0.8/6.8 MB
Progress (2): 0.5/1.1 MB | 0.8/6.8 MB
Progress (2): 0.5/1.1 MB | 0.8/6.8 MB
Progress (2): 0.5/1.1 MB | 0.8/6.8 MB
Progress (2): 0.5/1.1 MB | 0.8/6.8 MB
Progress (2): 0.5/1.1 MB | 0.8/6.8 MB
Progress (2): 0.5/1.1 MB | 0.9/6.8 MB
Progress (2): 0.5/1.1 MB | 0.9/6.8 MB
Progress (2): 0.5/1.1 MB | 0.9/6.8 MB
Progress (2): 0.5/1.1 MB | 0.9/6.8 MB
Progress (2): 0.5/1.1 MB | 0.9/6.8 MB
Progress (2): 0.5/1.1 MB | 0.9/6.8 MB
Progress (2): 0.5/1.1 MB | 0.9/6.8 MB
Progress (2): 0.5/1.1 MB | 1.0/6.8 MB
Progress (2): 0.5/1.1 MB | 1.0/6.8 MB
Progress (2): 0.5/1.1 MB | 1.0/6.8 MB
Progress (2): 0.5/1.1 MB | 1.0/6.8 MB
Progress (2): 0.5/1.1 MB | 1.0/6.8 MB
Progress (2): 0.5/1.1 MB | 1.0/6.8 MB
Progress (2): 0.5/1.1 MB | 1.1/6.8 MB
Progress (2): 0.5/1.1 MB | 1.1/6.8 MB
Progress (2): 0.5/1.1 MB | 1.1/6.8 MB
Progress (2): 0.5/1.1 MB | 1.1/6.8 MB
Progress (2): 0.5/1.1 MB | 1.1/6.8 MB
Progress (2): 0.5/1.1 MB | 1.1/6.8 MB
Progress (2): 0.5/1.1 MB | 1.2/6.8 MB
Progress (2): 0.5/1.1 MB | 1.2/6.8 MB
Progress (2): 0.5/1.1 MB | 1.2/6.8 MB
Progress (2): 0.5/1.1 MB | 1.2/6.8 MB
Progress (2): 0.5/1.1 MB | 1.2/6.8 MB
Progress (2): 0.5/1.1 MB | 1.2/6.8 MB
Progress (2): 0.5/1.1 MB | 1.3/6.8 MB
Progress (2): 0.5/1.1 MB | 1.3/6.8 MB
Progress (2): 0.5/1.1 MB | 1.3/6.8 MB
Progress (2): 0.5/1.1 MB | 1.3/6.8 MB
Progress (2): 0.5/1.1 MB | 1.3/6.8 MB
Progress (2): 0.5/1.1 MB | 1.3/6.8 MB
Progress (2): 0.5/1.1 MB | 1.4/6.8 MB
Progress (2): 0.5/1.1 MB | 1.4/6.8 MB
Progress (2): 0.5/1.1 MB | 1.4/6.8 MB
Progress (2): 0.5/1.1 MB | 1.4/6.8 MB
Progress (2): 0.5/1.1 MB | 1.4/6.8 MB
Progress (2): 0.5/1.1 MB | 1.4/6.8 MB
Progress (2): 0.5/1.1 MB | 1.5/6.8 MB
Progress (2): 0.5/1.1 MB | 1.5/6.8 MB
Progress (2): 0.5/1.1 MB | 1.5/6.8 MB
Progress (2): 0.5/1.1 MB | 1.5/6.8 MB
Progress (2): 0.5/1.1 MB | 1.5/6.8 MB
Progress (2): 0.5/1.1 MB | 1.5/6.8 MB
Progress (2): 0.5/1.1 MB | 1.5/6.8 MB
Progress (2): 0.5/1.1 MB | 1.5/6.8 MB
Progress (2): 0.5/1.1 MB | 1.6/6.8 MB
Progress (2): 0.5/1.1 MB | 1.6/6.8 MB
Progress (2): 0.5/1.1 MB | 1.6/6.8 MB
Progress (2): 0.6/1.1 MB | 1.6/6.8 MB
Progress (2): 0.6/1.1 MB | 1.6/6.8 MB
Progress (2): 0.6/1.1 MB | 1.6/6.8 MB
Progress (2): 0.6/1.1 MB | 1.6/6.8 MB
Progress (2): 0.6/1.1 MB | 1.6/6.8 MB
Progress (2): 0.6/1.1 MB | 1.6/6.8 MB
Progress (2): 0.6/1.1 MB | 1.7/6.8 MB
Progress (2): 0.6/1.1 MB | 1.7/6.8 MB
Progress (2): 0.6/1.1 MB | 1.7/6.8 MB
Progress (2): 0.6/1.1 MB | 1.7/6.8 MB
Progress (2): 0.6/1.1 MB | 1.7/6.8 MB
Progress (2): 0.6/1.1 MB | 1.7/6.8 MB
Progress (2): 0.6/1.1 MB | 1.7/6.8 MB
Progress (2): 0.6/1.1 MB | 1.7/6.8 MB
Progress (2): 0.6/1.1 MB | 1.8/6.8 MB
Progress (2): 0.6/1.1 MB | 1.8/6.8 MB
Progress (2): 0.6/1.1 MB | 1.8/6.8 MB
Progress (2): 0.6/1.1 MB | 1.8/6.8 MB
Progress (2): 0.6/1.1 MB | 1.8/6.8 MB
Progress (2): 0.6/1.1 MB | 1.8/6.8 MB
Progress (2): 0.6/1.1 MB | 1.8/6.8 MB
Progress (2): 0.6/1.1 MB | 1.9/6.8 MB
Progress (2): 0.6/1.1 MB | 1.9/6.8 MB
Progress (2): 0.6/1.1 MB | 1.9/6.8 MB
Progress (2): 0.6/1.1 MB | 1.9/6.8 MB
Progress (2): 0.6/1.1 MB | 1.9/6.8 MB
Progress (2): 0.6/1.1 MB | 1.9/6.8 MB
Progress (2): 0.7/1.1 MB | 1.9/6.8 MB
Progress (2): 0.7/1.1 MB | 1.9/6.8 MB
Progress (2): 0.7/1.1 MB | 1.9/6.8 MB
Progress (2): 0.7/1.1 MB | 2.0/6.8 MB
Progress (2): 0.7/1.1 MB | 2.0/6.8 MB
Progress (2): 0.7/1.1 MB | 2.0/6.8 MB
Progress (2): 0.7/1.1 MB | 2.0/6.8 MB
Progress (2): 0.7/1.1 MB | 2.0/6.8 MB
Progress (2): 0.7/1.1 MB | 2.0/6.8 MB
Progress (2): 0.7/1.1 MB | 2.1/6.8 MB
Progress (2): 0.7/1.1 MB | 2.1/6.8 MB
Progress (2): 0.7/1.1 MB | 2.1/6.8 MB
Progress (2): 0.7/1.1 MB | 2.1/6.8 MB
Progress (2): 0.7/1.1 MB | 2.1/6.8 MB
Progress (2): 0.7/1.1 MB | 2.1/6.8 MB
Progress (2): 0.7/1.1 MB | 2.2/6.8 MB
Progress (2): 0.7/1.1 MB | 2.2/6.8 MB
Progress (2): 0.7/1.1 MB | 2.2/6.8 MB
Progress (2): 0.7/1.1 MB | 2.2/6.8 MB
Progress (2): 0.7/1.1 MB | 2.2/6.8 MB
Progress (2): 0.7/1.1 MB | 2.2/6.8 MB
Progress (2): 0.7/1.1 MB | 2.3/6.8 MB
Progress (2): 0.7/1.1 MB | 2.3/6.8 MB
Progress (2): 0.7/1.1 MB | 2.3/6.8 MB
Progress (2): 0.7/1.1 MB | 2.3/6.8 MB
Progress (2): 0.7/1.1 MB | 2.3/6.8 MB
Progress (2): 0.7/1.1 MB | 2.3/6.8 MB
Progress (2): 0.7/1.1 MB | 2.4/6.8 MB
Progress (2): 0.7/1.1 MB | 2.4/6.8 MB
Progress (2): 0.7/1.1 MB | 2.4/6.8 MB
Progress (2): 0.7/1.1 MB | 2.4/6.8 MB
Progress (2): 0.7/1.1 MB | 2.4/6.8 MB
Progress (2): 0.7/1.1 MB | 2.4/6.8 MB
Progress (2): 0.7/1.1 MB | 2.5/6.8 MB
Progress (2): 0.7/1.1 MB | 2.5/6.8 MB
Progress (2): 0.7/1.1 MB | 2.5/6.8 MB
Progress (2): 0.7/1.1 MB | 2.5/6.8 MB
Progress (2): 0.7/1.1 MB | 2.5/6.8 MB
Progress (2): 0.7/1.1 MB | 2.5/6.8 MB
Progress (2): 0.7/1.1 MB | 2.6/6.8 MB
Progress (2): 0.7/1.1 MB | 2.6/6.8 MB
Progress (2): 0.7/1.1 MB | 2.6/6.8 MB
Progress (2): 0.7/1.1 MB | 2.6/6.8 MB
Progress (2): 0.7/1.1 MB | 2.6/6.8 MB
Progress (2): 0.7/1.1 MB | 2.6/6.8 MB
Progress (2): 0.7/1.1 MB | 2.7/6.8 MB
Progress (2): 0.7/1.1 MB | 2.7/6.8 MB
Progress (2): 0.7/1.1 MB | 2.7/6.8 MB
Progress (2): 0.7/1.1 MB | 2.7/6.8 MB
Progress (2): 0.7/1.1 MB | 2.7/6.8 MB
Progress (2): 0.7/1.1 MB | 2.7/6.8 MB
Progress (2): 0.7/1.1 MB | 2.8/6.8 MB
Progress (2): 0.7/1.1 MB | 2.8/6.8 MB
Progress (2): 0.7/1.1 MB | 2.8/6.8 MB
Progress (2): 0.7/1.1 MB | 2.8/6.8 MB
Progress (2): 0.7/1.1 MB | 2.8/6.8 MB
Progress (2): 0.7/1.1 MB | 2.8/6.8 MB
Progress (2): 0.7/1.1 MB | 2.8/6.8 MB
Progress (2): 0.7/1.1 MB | 2.8/6.8 MB
Progress (2): 0.7/1.1 MB | 2.9/6.8 MB
Progress (2): 0.7/1.1 MB | 2.9/6.8 MB
Progress (2): 0.7/1.1 MB | 2.9/6.8 MB
Progress (2): 0.7/1.1 MB | 2.9/6.8 MB
Progress (2): 0.7/1.1 MB | 2.9/6.8 MB
Progress (2): 0.7/1.1 MB | 2.9/6.8 MB
Progress (2): 0.7/1.1 MB | 2.9/6.8 MB
Progress (2): 0.7/1.1 MB | 3.0/6.8 MB
Progress (2): 0.7/1.1 MB | 3.0/6.8 MB
Progress (2): 0.7/1.1 MB | 3.0/6.8 MB
Progress (2): 0.7/1.1 MB | 3.0/6.8 MB
Progress (2): 0.7/1.1 MB | 3.0/6.8 MB
Progress (2): 0.7/1.1 MB | 3.0/6.8 MB
Progress (2): 0.7/1.1 MB | 3.0/6.8 MB
Progress (2): 0.7/1.1 MB | 3.0/6.8 MB
Progress (2): 0.7/1.1 MB | 3.1/6.8 MB
Progress (2): 0.7/1.1 MB | 3.1/6.8 MB
Progress (2): 0.7/1.1 MB | 3.1/6.8 MB
Progress (2): 0.7/1.1 MB | 3.1/6.8 MB
Progress (2): 0.7/1.1 MB | 3.1/6.8 MB
Progress (2): 0.7/1.1 MB | 3.1/6.8 MB
Progress (2): 0.8/1.1 MB | 3.1/6.8 MB
Progress (2): 0.8/1.1 MB | 3.1/6.8 MB
Progress (2): 0.8/1.1 MB | 3.1/6.8 MB
Progress (2): 0.8/1.1 MB | 3.2/6.8 MB
Progress (2): 0.8/1.1 MB | 3.2/6.8 MB
Progress (2): 0.8/1.1 MB | 3.2/6.8 MB
Progress (2): 0.8/1.1 MB | 3.2/6.8 MB
Progress (2): 0.8/1.1 MB | 3.2/6.8 MB
Progress (2): 0.8/1.1 MB | 3.2/6.8 MB
Progress (2): 0.8/1.1 MB | 3.2/6.8 MB
Progress (2): 0.8/1.1 MB | 3.2/6.8 MB
Progress (2): 0.8/1.1 MB | 3.3/6.8 MB
Progress (2): 0.8/1.1 MB | 3.3/6.8 MB
Progress (2): 0.8/1.1 MB | 3.3/6.8 MB
Progress (2): 0.8/1.1 MB | 3.3/6.8 MB
Progress (2): 0.8/1.1 MB | 3.3/6.8 MB
Progress (2): 0.8/1.1 MB | 3.3/6.8 MB
Progress (2): 0.8/1.1 MB | 3.3/6.8 MB
Progress (2): 0.8/1.1 MB | 3.3/6.8 MB
Progress (2): 0.8/1.1 MB | 3.4/6.8 MB
Progress (2): 0.8/1.1 MB | 3.4/6.8 MB
Progress (2): 0.8/1.1 MB | 3.4/6.8 MB
Progress (2): 0.8/1.1 MB | 3.4/6.8 MB
Progress (2): 0.8/1.1 MB | 3.4/6.8 MB
Progress (2): 0.8/1.1 MB | 3.4/6.8 MB
Progress (2): 0.8/1.1 MB | 3.5/6.8 MB
Progress (2): 0.8/1.1 MB | 3.5/6.8 MB
Progress (2): 0.8/1.1 MB | 3.5/6.8 MB
Progress (2): 0.8/1.1 MB | 3.5/6.8 MB
Progress (2): 0.8/1.1 MB | 3.5/6.8 MB
Progress (2): 0.8/1.1 MB | 3.5/6.8 MB
Progress (2): 0.8/1.1 MB | 3.6/6.8 MB
Progress (2): 0.8/1.1 MB | 3.6/6.8 MB
Progress (2): 0.8/1.1 MB | 3.6/6.8 MB
Progress (2): 0.8/1.1 MB | 3.6/6.8 MB
Progress (2): 0.8/1.1 MB | 3.6/6.8 MB
Progress (2): 0.8/1.1 MB | 3.6/6.8 MB
Progress (2): 0.8/1.1 MB | 3.7/6.8 MB
Progress (2): 0.8/1.1 MB | 3.7/6.8 MB
Progress (2): 0.8/1.1 MB | 3.7/6.8 MB
Progress (2): 0.8/1.1 MB | 3.7/6.8 MB
Progress (2): 0.8/1.1 MB | 3.7/6.8 MB
Progress (2): 0.8/1.1 MB | 3.7/6.8 MB
Progress (2): 0.8/1.1 MB | 3.8/6.8 MB
Progress (2): 0.8/1.1 MB | 3.8/6.8 MB
Progress (2): 0.8/1.1 MB | 3.8/6.8 MB
Progress (2): 0.8/1.1 MB | 3.8/6.8 MB
Progress (2): 0.8/1.1 MB | 3.8/6.8 MB
Progress (2): 0.8/1.1 MB | 3.8/6.8 MB
Progress (2): 0.8/1.1 MB | 3.8/6.8 MB
Progress (2): 0.8/1.1 MB | 3.9/6.8 MB
Progress (2): 0.8/1.1 MB | 3.9/6.8 MB
Progress (2): 0.8/1.1 MB | 3.9/6.8 MB
Progress (2): 0.8/1.1 MB | 3.9/6.8 MB
Progress (2): 0.8/1.1 MB | 3.9/6.8 MB
Progress (2): 0.8/1.1 MB | 3.9/6.8 MB
Progress (2): 0.8/1.1 MB | 4.0/6.8 MB
Progress (2): 0.8/1.1 MB | 4.0/6.8 MB
Progress (2): 0.8/1.1 MB | 4.0/6.8 MB
Progress (2): 0.8/1.1 MB | 4.0/6.8 MB
Progress (2): 0.8/1.1 MB | 4.0/6.8 MB
Progress (2): 0.8/1.1 MB | 4.0/6.8 MB
Progress (2): 0.8/1.1 MB | 4.1/6.8 MB
Progress (2): 0.8/1.1 MB | 4.1/6.8 MB
Progress (2): 0.8/1.1 MB | 4.1/6.8 MB
Progress (2): 0.8/1.1 MB | 4.1/6.8 MB
Progress (2): 0.8/1.1 MB | 4.1/6.8 MB
Progress (2): 0.8/1.1 MB | 4.1/6.8 MB
Progress (2): 0.8/1.1 MB | 4.2/6.8 MB
Progress (2): 0.8/1.1 MB | 4.2/6.8 MB
Progress (2): 0.8/1.1 MB | 4.2/6.8 MB
Progress (2): 0.8/1.1 MB | 4.2/6.8 MB
Progress (2): 0.8/1.1 MB | 4.2/6.8 MB
Progress (2): 0.8/1.1 MB | 4.2/6.8 MB
Progress (2): 0.8/1.1 MB | 4.3/6.8 MB
Progress (2): 0.8/1.1 MB | 4.3/6.8 MB
Progress (2): 0.8/1.1 MB | 4.3/6.8 MB
Progress (2): 0.8/1.1 MB | 4.3/6.8 MB
Progress (2): 0.8/1.1 MB | 4.3/6.8 MB
Progress (2): 0.8/1.1 MB | 4.3/6.8 MB
Progress (2): 0.8/1.1 MB | 4.3/6.8 MB
Progress (2): 0.9/1.1 MB | 4.3/6.8 MB
Progress (2): 0.9/1.1 MB | 4.4/6.8 MB
Progress (2): 0.9/1.1 MB | 4.4/6.8 MB
Progress (2): 0.9/1.1 MB | 4.4/6.8 MB
Progress (2): 0.9/1.1 MB | 4.4/6.8 MB
Progress (2): 0.9/1.1 MB | 4.4/6.8 MB
Progress (2): 0.9/1.1 MB | 4.4/6.8 MB
Progress (2): 0.9/1.1 MB | 4.5/6.8 MB
Progress (2): 0.9/1.1 MB | 4.5/6.8 MB
Progress (2): 0.9/1.1 MB | 4.5/6.8 MB
Progress (2): 0.9/1.1 MB | 4.5/6.8 MB
Progress (2): 0.9/1.1 MB | 4.5/6.8 MB
Progress (2): 0.9/1.1 MB | 4.5/6.8 MB
Progress (2): 0.9/1.1 MB | 4.5/6.8 MB
Progress (2): 0.9/1.1 MB | 4.5/6.8 MB
Progress (2): 0.9/1.1 MB | 4.5/6.8 MB
Progress (2): 0.9/1.1 MB | 4.6/6.8 MB
Progress (2): 0.9/1.1 MB | 4.6/6.8 MB
Progress (2): 0.9/1.1 MB | 4.6/6.8 MB
Progress (2): 0.9/1.1 MB | 4.6/6.8 MB
Progress (2): 0.9/1.1 MB | 4.6/6.8 MB
Progress (2): 0.9/1.1 MB | 4.6/6.8 MB
Progress (2): 0.9/1.1 MB | 4.6/6.8 MB
Progress (2): 0.9/1.1 MB | 4.6/6.8 MB
Progress (2): 0.9/1.1 MB | 4.7/6.8 MB
Progress (2): 0.9/1.1 MB | 4.7/6.8 MB
Progress (2): 0.9/1.1 MB | 4.7/6.8 MB
Progress (2): 0.9/1.1 MB | 4.7/6.8 MB
Progress (2): 0.9/1.1 MB | 4.7/6.8 MB
Progress (2): 0.9/1.1 MB | 4.7/6.8 MB
Progress (2): 0.9/1.1 MB | 4.7/6.8 MB
Progress (2): 1.0/1.1 MB | 4.7/6.8 MB
Progress (2): 1.0/1.1 MB | 4.8/6.8 MB
Progress (2): 1.0/1.1 MB | 4.8/6.8 MB
Progress (2): 1.0/1.1 MB | 4.8/6.8 MB
Progress (2): 1.0/1.1 MB | 4.8/6.8 MB
Progress (2): 1.0/1.1 MB | 4.8/6.8 MB
Progress (2): 1.0/1.1 MB | 4.8/6.8 MB
Progress (2): 1.0/1.1 MB | 4.9/6.8 MB
Progress (2): 1.0/1.1 MB | 4.9/6.8 MB
Progress (2): 1.0/1.1 MB | 4.9/6.8 MB
Progress (2): 1.0/1.1 MB | 4.9/6.8 MB
Progress (2): 1.0/1.1 MB | 4.9/6.8 MB
Progress (2): 1.0/1.1 MB | 4.9/6.8 MB
Progress (2): 1.0/1.1 MB | 4.9/6.8 MB
Progress (2): 1.0/1.1 MB | 4.9/6.8 MB
Progress (2): 1.0/1.1 MB | 4.9/6.8 MB
Progress (2): 1.0/1.1 MB | 4.9/6.8 MB
Progress (2): 1.0/1.1 MB | 5.0/6.8 MB
Progress (2): 1.0/1.1 MB | 5.0/6.8 MB
Progress (2): 1.0/1.1 MB | 5.0/6.8 MB
Progress (2): 1.0/1.1 MB | 5.0/6.8 MB
Progress (2): 1.0/1.1 MB | 5.0/6.8 MB
Progress (2): 1.0/1.1 MB | 5.0/6.8 MB
Progress (2): 1.0/1.1 MB | 5.1/6.8 MB
Progress (2): 1.0/1.1 MB | 5.1/6.8 MB
Progress (2): 1.0/1.1 MB | 5.1/6.8 MB
Progress (2): 1.0/1.1 MB | 5.1/6.8 MB
Progress (2): 1.0/1.1 MB | 5.1/6.8 MB
Progress (2): 1.0/1.1 MB | 5.1/6.8 MB
Progress (2): 1.0/1.1 MB | 5.2/6.8 MB
Progress (2): 1.0/1.1 MB | 5.2/6.8 MB
Progress (2): 1.0/1.1 MB | 5.2/6.8 MB
Progress (2): 1.0/1.1 MB | 5.2/6.8 MB
Progress (2): 1.0/1.1 MB | 5.2/6.8 MB
Progress (2): 1.0/1.1 MB | 5.2/6.8 MB
Progress (2): 1.0/1.1 MB | 5.3/6.8 MB
Progress (2): 1.0/1.1 MB | 5.3/6.8 MB
Progress (2): 1.0/1.1 MB | 5.3/6.8 MB
Progress (2): 1.0/1.1 MB | 5.3/6.8 MB
Progress (2): 1.0/1.1 MB | 5.3/6.8 MB
Progress (2): 1.0/1.1 MB | 5.3/6.8 MB
Progress (2): 1.0/1.1 MB | 5.4/6.8 MB
Progress (2): 1.0/1.1 MB | 5.4/6.8 MB
Progress (2): 1.0/1.1 MB | 5.4/6.8 MB
Progress (2): 1.0/1.1 MB | 5.4/6.8 MB
Progress (2): 1.0/1.1 MB | 5.4/6.8 MB
Progress (2): 1.0/1.1 MB | 5.4/6.8 MB
Progress (2): 1.0/1.1 MB | 5.4/6.8 MB
Progress (2): 1.0/1.1 MB | 5.5/6.8 MB
Progress (2): 1.0/1.1 MB | 5.5/6.8 MB
Progress (2): 1.0/1.1 MB | 5.5/6.8 MB
Progress (2): 1.0/1.1 MB | 5.5/6.8 MB
Progress (2): 1.0/1.1 MB | 5.5/6.8 MB
Progress (2): 1.0/1.1 MB | 5.5/6.8 MB
Progress (2): 1.0/1.1 MB | 5.5/6.8 MB
Progress (2): 1.0/1.1 MB | 5.6/6.8 MB
Progress (2): 1.0/1.1 MB | 5.6/6.8 MB
Progress (2): 1.0/1.1 MB | 5.6/6.8 MB
Progress (2): 1.0/1.1 MB | 5.6/6.8 MB
Progress (2): 1.0/1.1 MB | 5.6/6.8 MB
Progress (2): 1.0/1.1 MB | 5.6/6.8 MB
Progress (2): 1.0/1.1 MB | 5.6/6.8 MB
Progress (2): 1.0/1.1 MB | 5.7/6.8 MB
Progress (2): 1.0/1.1 MB | 5.7/6.8 MB
Progress (2): 1.0/1.1 MB | 5.7/6.8 MB
Progress (2): 1.0/1.1 MB | 5.7/6.8 MB
Progress (2): 1.0/1.1 MB | 5.7/6.8 MB
Progress (2): 1.0/1.1 MB | 5.7/6.8 MB
Progress (2): 1.0/1.1 MB | 5.8/6.8 MB
Progress (2): 1.0/1.1 MB | 5.8/6.8 MB
Progress (2): 1.0/1.1 MB | 5.8/6.8 MB
Progress (2): 1.0/1.1 MB | 5.8/6.8 MB
Progress (2): 1.0/1.1 MB | 5.8/6.8 MB
Progress (2): 1.0/1.1 MB | 5.8/6.8 MB
Progress (2): 1.0/1.1 MB | 5.8/6.8 MB
Progress (2): 1.0/1.1 MB | 5.9/6.8 MB
Progress (2): 1.0/1.1 MB | 5.9/6.8 MB
Progress (2): 1.0/1.1 MB | 5.9/6.8 MB
Progress (2): 1.0/1.1 MB | 5.9/6.8 MB
Progress (2): 1.0/1.1 MB | 5.9/6.8 MB
Progress (2): 1.0/1.1 MB | 5.9/6.8 MB
Progress (2): 1.0/1.1 MB | 5.9/6.8 MB
Progress (2): 1.0/1.1 MB | 6.0/6.8 MB
Progress (2): 1.0/1.1 MB | 6.0/6.8 MB
Progress (2): 1.0/1.1 MB | 6.0/6.8 MB
Progress (2): 1.0/1.1 MB | 6.0/6.8 MB
Progress (2): 1.0/1.1 MB | 6.0/6.8 MB
Progress (2): 1.1/1.1 MB | 6.0/6.8 MB
Progress (2): 1.1/1.1 MB | 6.0/6.8 MB
Progress (2): 1.1/1.1 MB | 6.0/6.8 MB
Progress (2): 1.1/1.1 MB | 6.0/6.8 MB
Progress (2): 1.1/1.1 MB | 6.1/6.8 MB
Progress (2): 1.1/1.1 MB | 6.1/6.8 MB
Progress (2): 1.1/1.1 MB | 6.1/6.8 MB
Progress (2): 1.1/1.1 MB | 6.1/6.8 MB
Progress (2): 1.1 MB | 6.1/6.8 MB    
Progress (2): 1.1 MB | 6.1/6.8 MB
Progress (2): 1.1 MB | 6.1/6.8 MB
                                 
Downloaded from central: https://repo.maven.apache.org/maven2/org/apache/commons/commons-compress/1.26.1/commons-compress-1.26.1.jar (1.1 MB at 870 kB/s)
Progress (1): 6.2/6.8 MB
Progress (1): 6.2/6.8 MB
Progress (1): 6.2/6.8 MB
Progress (1): 6.2/6.8 MB
Progress (1): 6.2/6.8 MB
Progress (1): 6.2/6.8 MB
Progress (1): 6.3/6.8 MB
Progress (1): 6.3/6.8 MB
Progress (1): 6.3/6.8 MB
Progress (1): 6.3/6.8 MB
Progress (1): 6.3/6.8 MB
Progress (1): 6.3/6.8 MB
Progress (1): 6.3/6.8 MB
Progress (1): 6.4/6.8 MB
Progress (1): 6.4/6.8 MB
Progress (1): 6.4/6.8 MB
Progress (1): 6.4/6.8 MB
Progress (1): 6.4/6.8 MB
Progress (1): 6.4/6.8 MB
Progress (1): 6.5/6.8 MB
Progress (1): 6.5/6.8 MB
Progress (1): 6.5/6.8 MB
Progress (1): 6.5/6.8 MB
Progress (1): 6.5/6.8 MB
Progress (1): 6.5/6.8 MB
Progress (1): 6.6/6.8 MB
Progress (1): 6.6/6.8 MB
Progress (1): 6.6/6.8 MB
Progress (1): 6.6/6.8 MB
Progress (1): 6.6/6.8 MB
Progress (1): 6.6/6.8 MB
Progress (1): 6.6/6.8 MB
Progress (1): 6.7/6.8 MB
Progress (1): 6.7/6.8 MB
Progress (1): 6.7/6.8 MB
Progress (1): 6.7/6.8 MB
Progress (1): 6.7/6.8 MB
Progress (1): 6.7/6.8 MB
Progress (1): 6.8/6.8 MB
Progress (1): 6.8 MB    
                    
Downloaded from central: https://repo.maven.apache.org/maven2/com/github/luben/zstd-jni/1.5.5-11/zstd-jni-1.5.5-11.jar (6.8 MB at 5.2 MB/s)
[INFO] Building jar: D:\PROJECTS\pharma label designer\backend\target\api-0.0.1-SNAPSHOT.jar
[INFO] 
[INFO] --- spring-boot:4.0.5:repackage (repackage) @ api ---
Downloading from central: https://repo.maven.apache.org/maven2/org/springframework/boot/spring-boot-buildpack-platform/4.0.5/spring-boot-buildpack-platform-4.0.5.pom
Progress (1): 1.0 kB
Progress (1): 3.0 kB
                    
Downloaded from central: https://repo.maven.apache.org/maven2/org/springframework/boot/spring-boot-buildpack-platform/4.0.5/spring-boot-buildpack-platform-4.0.5.pom (3.0 kB at 2.5 kB/s)
Downloading from central: https://repo.maven.apache.org/maven2/net/java/dev/jna/jna-platform/5.17.0/jna-platform-5.17.0.pom
Progress (1): 1.3 kB
Progress (1): 2.3 kB
                    
Downloaded from central: https://repo.maven.apache.org/maven2/net/java/dev/jna/jna-platform/5.17.0/jna-platform-5.17.0.pom (2.3 kB at 44 kB/s)
Downloading from central: https://repo.maven.apache.org/maven2/net/java/dev/jna/jna/5.17.0/jna-5.17.0.pom
Progress (1): 1.4 kB
Progress (1): 2.0 kB
                    
Downloaded from central: https://repo.maven.apache.org/maven2/net/java/dev/jna/jna/5.17.0/jna-5.17.0.pom (2.0 kB at 47 kB/s)
Downloading from central: https://repo.maven.apache.org/maven2/org/apache/commons/commons-compress/1.27.1/commons-compress-1.27.1.pom
Progress (1): 749 B
Progress (1): 1.9 kB
Progress (1): 3.8 kB
Progress (1): 5.3 kB
Progress (1): 9.2 kB
Progress (1): 12 kB 
Progress (1): 15 kB
Progress (1): 18 kB
Progress (1): 21 kB
Progress (1): 23 kB
                   
Downloaded from central: https://repo.maven.apache.org/maven2/org/apache/commons/commons-compress/1.27.1/commons-compress-1.27.1.pom (23 kB at 238 kB/s)
Downloading from central: https://repo.maven.apache.org/maven2/org/apache/commons/commons-parent/72/commons-parent-72.pom
Progress (1): 705 B
Progress (1): 1.9 kB
Progress (1): 3.2 kB
Progress (1): 4.7 kB
Progress (1): 6.8 kB
Progress (1): 8.4 kB
Progress (1): 11 kB 
Progress (1): 13 kB
Progress (1): 15 kB
Progress (1): 17 kB
Progress (1): 20 kB
Progress (1): 22 kB
Progress (1): 25 kB
Progress (1): 28 kB
Progress (1): 32 kB
Progress (1): 32 kB
Progress (1): 36 kB
Progress (1): 40 kB
Progress (1): 44 kB
Progress (1): 46 kB
Progress (1): 49 kB
Progress (1): 51 kB
Progress (1): 55 kB
Progress (1): 57 kB
Progress (1): 60 kB
Progress (1): 63 kB
Progress (1): 67 kB
Progress (1): 70 kB
Progress (1): 73 kB
Progress (1): 75 kB
Progress (1): 78 kB
                   
Downloaded from central: https://repo.maven.apache.org/maven2/org/apache/commons/commons-parent/72/commons-parent-72.pom (78 kB at 772 kB/s)
Downloading from central: https://repo.maven.apache.org/maven2/org/junit/junit-bom/5.11.0-M2/junit-bom-5.11.0-M2.pom
Progress (1): 908 B
Progress (1): 4.1 kB
Progress (1): 5.7 kB
                    
Downloaded from central: https://repo.maven.apache.org/maven2/org/junit/junit-bom/5.11.0-M2/junit-bom-5.11.0-M2.pom (5.7 kB at 83 kB/s)
Downloading from central: https://repo.maven.apache.org/maven2/commons-codec/commons-codec/1.17.1/commons-codec-1.17.1.pom
Progress (1): 744 B
Progress (1): 1.9 kB
Progress (1): 4.1 kB
Progress (1): 5.9 kB
Progress (1): 8.4 kB
Progress (1): 12 kB 
Progress (1): 14 kB
Progress (1): 17 kB
Progress (1): 18 kB
                   
Downloaded from central: https://repo.maven.apache.org/maven2/commons-codec/commons-codec/1.17.1/commons-codec-1.17.1.pom (18 kB at 254 kB/s)
Downloading from central: https://repo.maven.apache.org/maven2/org/apache/commons/commons-parent/71/commons-parent-71.pom
Progress (1): 708 B
Progress (1): 1.9 kB
Progress (1): 3.2 kB
Progress (1): 4.6 kB
Progress (1): 6.8 kB
Progress (1): 8.4 kB
Progress (1): 11 kB 
Progress (1): 13 kB
Progress (1): 15 kB
Progress (1): 17 kB
Progress (1): 20 kB
Progress (1): 22 kB
Progress (1): 25 kB
Progress (1): 28 kB
Progress (1): 32 kB
Progress (1): 32 kB
Progress (1): 35 kB
Progress (1): 40 kB
Progress (1): 43 kB
Progress (1): 45 kB
Progress (1): 49 kB
Progress (1): 51 kB
Progress (1): 55 kB
Progress (1): 57 kB
Progress (1): 60 kB
Progress (1): 63 kB
Progress (1): 67 kB
Progress (1): 70 kB
Progress (1): 73 kB
Progress (1): 75 kB
Progress (1): 78 kB
                   
Downloaded from central: https://repo.maven.apache.org/maven2/org/apache/commons/commons-parent/71/commons-parent-71.pom (78 kB at 937 kB/s)
Downloading from central: https://repo.maven.apache.org/maven2/org/apache/commons/commons-lang3/3.16.0/commons-lang3-3.16.0.pom
Progress (1): 744 B
Progress (1): 1.8 kB
Progress (1): 4.1 kB
Progress (1): 5.7 kB
Progress (1): 7.5 kB
Progress (1): 10.0 kB
Progress (1): 13 kB  
Progress (1): 17 kB
Progress (1): 20 kB
Progress (1): 22 kB
Progress (1): 26 kB
Progress (1): 29 kB
Progress (1): 31 kB
                   
Downloaded from central: https://repo.maven.apache.org/maven2/org/apache/commons/commons-lang3/3.16.0/commons-lang3-3.16.0.pom (31 kB at 306 kB/s)
Downloading from central: https://repo.maven.apache.org/maven2/org/apache/httpcomponents/client5/httpclient5/5.5.2/httpclient5-5.5.2.pom
Progress (1): 867 B
Progress (1): 3.2 kB
Progress (1): 5.6 kB
Progress (1): 6.1 kB
                    
Downloaded from central: https://repo.maven.apache.org/maven2/org/apache/httpcomponents/client5/httpclient5/5.5.2/httpclient5-5.5.2.pom (6.1 kB at 91 kB/s)
Downloading from central: https://repo.maven.apache.org/maven2/org/apache/httpcomponents/client5/httpclient5-parent/5.5.2/httpclient5-parent-5.5.2.pom
Progress (1): 837 B
Progress (1): 2.2 kB
Progress (1): 3.9 kB
Progress (1): 8.4 kB
Progress (1): 12 kB 
Progress (1): 15 kB
Progress (1): 17 kB
                   
Downloaded from central: https://repo.maven.apache.org/maven2/org/apache/httpcomponents/client5/httpclient5-parent/5.5.2/httpclient5-parent-5.5.2.pom (17 kB at 257 kB/s)
Downloading from central: https://repo.maven.apache.org/maven2/org/apache/httpcomponents/httpcomponents-parent/14/httpcomponents-parent-14.pom
Progress (1): 805 B
Progress (1): 2.2 kB
Progress (1): 4.0 kB
Progress (1): 5.9 kB
Progress (1): 7.1 kB
Progress (1): 8.5 kB
Progress (1): 13 kB 
Progress (1): 16 kB
Progress (1): 18 kB
Progress (1): 22 kB
Progress (1): 24 kB
Progress (1): 27 kB
Progress (1): 30 kB
Progress (1): 30 kB
                   
Downloaded from central: https://repo.maven.apache.org/maven2/org/apache/httpcomponents/httpcomponents-parent/14/httpcomponents-parent-14.pom (30 kB at 482 kB/s)
Downloading from central: https://repo.maven.apache.org/maven2/org/apache/apache/27/apache-27.pom
Progress (1): 745 B
Progress (1): 2.1 kB
Progress (1): 3.9 kB
Progress (1): 7.3 kB
Progress (1): 12 kB 
Progress (1): 16 kB
Progress (1): 19 kB
Progress (1): 20 kB
                   
Downloaded from central: https://repo.maven.apache.org/maven2/org/apache/apache/27/apache-27.pom (20 kB at 309 kB/s)
Downloading from central: https://repo.maven.apache.org/maven2/org/junit/junit-bom/5.13.3/junit-bom-5.13.3.pom
Progress (1): 908 B
Progress (1): 4.1 kB
Progress (1): 5.7 kB
                    
Downloaded from central: https://repo.maven.apache.org/maven2/org/junit/junit-bom/5.13.3/junit-bom-5.13.3.pom (5.7 kB at 69 kB/s)
Downloading from central: https://repo.maven.apache.org/maven2/org/apache/httpcomponents/core5/httpcore5/5.3.6/httpcore5-5.3.6.pom
Progress (1): 883 B
Progress (1): 2.9 kB
Progress (1): 3.9 kB
                    
Downloaded from central: https://repo.maven.apache.org/maven2/org/apache/httpcomponents/core5/httpcore5/5.3.6/httpcore5-5.3.6.pom (3.9 kB at 59 kB/s)
Downloading from central: https://repo.maven.apache.org/maven2/org/apache/httpcomponents/core5/httpcore5-parent/5.3.6/httpcore5-parent-5.3.6.pom
Progress (1): 846 B
Progress (1): 2.2 kB
Progress (1): 3.9 kB
Progress (1): 7.5 kB
Progress (1): 10 kB 
Progress (1): 14 kB
                   
Downloaded from central: https://repo.maven.apache.org/maven2/org/apache/httpcomponents/core5/httpcore5-parent/5.3.6/httpcore5-parent-5.3.6.pom (14 kB at 245 kB/s)
Downloading from central: https://repo.maven.apache.org/maven2/org/apache/httpcomponents/httpcomponents-parent/13/httpcomponents-parent-13.pom
Progress (1): 805 B
Progress (1): 2.1 kB
Progress (1): 4.1 kB
Progress (1): 5.9 kB
Progress (1): 7.1 kB
Progress (1): 8.5 kB
Progress (1): 12 kB 
Progress (1): 16 kB
Progress (1): 18 kB
Progress (1): 22 kB
Progress (1): 24 kB
Progress (1): 27 kB
Progress (1): 30 kB
Progress (1): 30 kB
                   
Downloaded from central: https://repo.maven.apache.org/maven2/org/apache/httpcomponents/httpcomponents-parent/13/httpcomponents-parent-13.pom (30 kB at 373 kB/s)
Downloading from central: https://repo.maven.apache.org/maven2/org/apache/httpcomponents/core5/httpcore5-h2/5.3.6/httpcore5-h2-5.3.6.pom
Progress (1): 889 B
Progress (1): 3.1 kB
Progress (1): 3.6 kB
                    
Downloaded from central: https://repo.maven.apache.org/maven2/org/apache/httpcomponents/core5/httpcore5-h2/5.3.6/httpcore5-h2-5.3.6.pom (3.6 kB at 53 kB/s)
Downloading from central: https://repo.maven.apache.org/maven2/commons-logging/commons-logging/1.3.5/commons-logging-1.3.5.pom
Progress (1): 740 B
Progress (1): 2.1 kB
Progress (1): 3.9 kB
Progress (1): 5.4 kB
Progress (1): 8.5 kB
Progress (1): 11 kB 
Progress (1): 14 kB
Progress (1): 20 kB
Progress (1): 23 kB
Progress (1): 28 kB
Progress (1): 31 kB
Progress (1): 32 kB
                   
Downloaded from central: https://repo.maven.apache.org/maven2/commons-logging/commons-logging/1.3.5/commons-logging-1.3.5.pom (32 kB at 408 kB/s)
Downloading from central: https://repo.maven.apache.org/maven2/org/apache/commons/commons-parent/81/commons-parent-81.pom
Progress (1): 701 B
Progress (1): 1.9 kB
Progress (1): 3.2 kB
Progress (1): 4.7 kB
Progress (1): 6.8 kB
Progress (1): 9.2 kB
Progress (1): 11 kB 
Progress (1): 13 kB
Progress (1): 16 kB
Progress (1): 18 kB
Progress (1): 21 kB
Progress (1): 23 kB
Progress (1): 25 kB
Progress (1): 29 kB
Progress (1): 32 kB
Progress (1): 32 kB
Progress (1): 37 kB
Progress (1): 41 kB
Progress (1): 45 kB
Progress (1): 47 kB
Progress (1): 50 kB
Progress (1): 52 kB
Progress (1): 56 kB
Progress (1): 58 kB
Progress (1): 61 kB
Progress (1): 64 kB
Progress (1): 69 kB
Progress (1): 71 kB
Progress (1): 74 kB
Progress (1): 76 kB
Progress (1): 78 kB
                   
Downloaded from central: https://repo.maven.apache.org/maven2/org/apache/commons/commons-parent/81/commons-parent-81.pom (78 kB at 1.3 MB/s)
Downloading from central: https://repo.maven.apache.org/maven2/org/tomlj/tomlj/1.0.0/tomlj-1.0.0.pom
Progress (1): 1.2 kB
Progress (1): 2.8 kB
                    
Downloaded from central: https://repo.maven.apache.org/maven2/org/tomlj/tomlj/1.0.0/tomlj-1.0.0.pom (2.8 kB at 38 kB/s)
Downloading from central: https://repo.maven.apache.org/maven2/org/antlr/antlr4-runtime/4.7.2/antlr4-runtime-4.7.2.pom
Progress (1): 915 B
Progress (1): 3.3 kB
Progress (1): 3.6 kB
                    
Downloaded from central: https://repo.maven.apache.org/maven2/org/antlr/antlr4-runtime/4.7.2/antlr4-runtime-4.7.2.pom (3.6 kB at 63 kB/s)
Downloading from central: https://repo.maven.apache.org/maven2/org/antlr/antlr4-master/4.7.2/antlr4-master-4.7.2.pom
Progress (1): 1.0 kB
Progress (1): 2.9 kB
Progress (1): 4.4 kB
                    
Downloaded from central: https://repo.maven.apache.org/maven2/org/antlr/antlr4-master/4.7.2/antlr4-master-4.7.2.pom (4.4 kB at 52 kB/s)
Downloading from central: https://repo.maven.apache.org/maven2/com/google/code/findbugs/jsr305/3.0.2/jsr305-3.0.2.pom
Progress (1): 1.0 kB
Progress (1): 3.7 kB
Progress (1): 4.3 kB
                    
Downloaded from central: https://repo.maven.apache.org/maven2/com/google/code/findbugs/jsr305/3.0.2/jsr305-3.0.2.pom (4.3 kB at 78 kB/s)
Downloading from central: https://repo.maven.apache.org/maven2/org/springframework/boot/spring-boot-loader-tools/4.0.5/spring-boot-loader-tools-4.0.5.pom
Progress (1): 1.0 kB
Progress (1): 2.2 kB
                    
Downloaded from central: https://repo.maven.apache.org/maven2/org/springframework/boot/spring-boot-loader-tools/4.0.5/spring-boot-loader-tools-4.0.5.pom (2.2 kB at 33 kB/s)
Downloading from central: https://repo.maven.apache.org/maven2/org/apache/maven/plugins/maven-shade-plugin/3.6.0/maven-shade-plugin-3.6.0.pom
Progress (1): 773 B
Progress (1): 2.3 kB
Progress (1): 4.9 kB
Progress (1): 8.0 kB
Progress (1): 11 kB 
Progress (1): 12 kB
                   
Downloaded from central: https://repo.maven.apache.org/maven2/org/apache/maven/plugins/maven-shade-plugin/3.6.0/maven-shade-plugin-3.6.0.pom (12 kB at 147 kB/s)
Downloading from central: https://repo.maven.apache.org/maven2/org/ow2/asm/asm/9.7/asm-9.7.pom
Progress (1): 1.3 kB
Progress (1): 2.4 kB
                    
Downloaded from central: https://repo.maven.apache.org/maven2/org/ow2/asm/asm/9.7/asm-9.7.pom (2.4 kB at 34 kB/s)
Downloading from central: https://repo.maven.apache.org/maven2/org/ow2/asm/asm-commons/9.7/asm-commons-9.7.pom
Progress (1): 1.1 kB
Progress (1): 2.8 kB
                    
Downloaded from central: https://repo.maven.apache.org/maven2/org/ow2/asm/asm-commons/9.7/asm-commons-9.7.pom (2.8 kB at 43 kB/s)
Downloading from central: https://repo.maven.apache.org/maven2/org/ow2/asm/asm-tree/9.7/asm-tree-9.7.pom
Progress (1): 1.1 kB
Progress (1): 2.6 kB
                    
Downloaded from central: https://repo.maven.apache.org/maven2/org/ow2/asm/asm-tree/9.7/asm-tree-9.7.pom (2.6 kB at 7.7 kB/s)
Downloading from central: https://repo.maven.apache.org/maven2/org/jdom/jdom2/2.0.6.1/jdom2-2.0.6.1.pom
Progress (1): 956 B
Progress (1): 2.2 kB
Progress (1): 3.2 kB
Progress (1): 4.6 kB
                    
Downloaded from central: https://repo.maven.apache.org/maven2/org/jdom/jdom2/2.0.6.1/jdom2-2.0.6.1.pom (4.6 kB at 15 kB/s)
Downloading from central: https://repo.maven.apache.org/maven2/org/apache/commons/commons-compress/1.26.2/commons-compress-1.26.2.pom
Progress (1): 758 B
Progress (1): 1.9 kB
Progress (1): 3.7 kB
Progress (1): 5.4 kB
Progress (1): 9.3 kB
Progress (1): 12 kB 
Progress (1): 15 kB
Progress (1): 18 kB
Progress (1): 21 kB
Progress (1): 23 kB
                   
Downloaded from central: https://repo.maven.apache.org/maven2/org/apache/commons/commons-compress/1.26.2/commons-compress-1.26.2.pom (23 kB at 280 kB/s)
Downloading from central: https://repo.maven.apache.org/maven2/commons-codec/commons-codec/1.17.0/commons-codec-1.17.0.pom
Progress (1): 745 B
Progress (1): 1.9 kB
Progress (1): 4.0 kB
Progress (1): 5.8 kB
Progress (1): 8.4 kB
Progress (1): 11 kB 
Progress (1): 14 kB
Progress (1): 17 kB
Progress (1): 18 kB
                   
Downloaded from central: https://repo.maven.apache.org/maven2/commons-codec/commons-codec/1.17.0/commons-codec-1.17.0.pom (18 kB at 255 kB/s)
Downloading from central: https://repo.maven.apache.org/maven2/org/vafer/jdependency/2.10/jdependency-2.10.pom
Progress (1): 1.1 kB
Progress (1): 4.9 kB
Progress (1): 8.5 kB
Progress (1): 12 kB 
Progress (1): 14 kB
                   
Downloaded from central: https://repo.maven.apache.org/maven2/org/vafer/jdependency/2.10/jdependency-2.10.pom (14 kB at 209 kB/s)
Downloading from central: https://repo.maven.apache.org/maven2/org/springframework/boot/spring-boot-buildpack-platform/4.0.5/spring-boot-buildpack-platform-4.0.5.jar
Progress (1): 7.7/330 kB
Progress (1): 16/330 kB 
Progress (1): 32/330 kB
Progress (1): 48/330 kB
Progress (1): 65/330 kB
Progress (1): 81/330 kB
Progress (1): 98/330 kB
Progress (1): 114/330 kB
Progress (1): 130/330 kB
Progress (1): 147/330 kB
Progress (1): 163/330 kB
Progress (1): 179/330 kB
Progress (1): 196/330 kB
Progress (1): 212/330 kB
Progress (1): 229/330 kB
Progress (1): 245/330 kB
Progress (1): 261/330 kB
Progress (1): 278/330 kB
Progress (1): 294/330 kB
Progress (1): 311/330 kB
Progress (1): 327/330 kB
Progress (1): 330 kB    
                    
Downloaded from central: https://repo.maven.apache.org/maven2/org/springframework/boot/spring-boot-buildpack-platform/4.0.5/spring-boot-buildpack-platform-4.0.5.jar (330 kB at 2.8 MB/s)
Downloading from central: https://repo.maven.apache.org/maven2/net/java/dev/jna/jna-platform/5.17.0/jna-platform-5.17.0.jar
Downloading from central: https://repo.maven.apache.org/maven2/net/java/dev/jna/jna/5.17.0/jna-5.17.0.jar
Downloading from central: https://repo.maven.apache.org/maven2/org/apache/commons/commons-compress/1.27.1/commons-compress-1.27.1.jar
Downloading from central: https://repo.maven.apache.org/maven2/commons-codec/commons-codec/1.17.1/commons-codec-1.17.1.jar
Downloading from central: https://repo.maven.apache.org/maven2/org/apache/commons/commons-lang3/3.16.0/commons-lang3-3.16.0.jar
Progress (1): 0/1.4 MB
Progress (1): 0/1.4 MB
Progress (1): 0/1.4 MB
Progress (1): 0/1.4 MB
Progress (1): 0.1/1.4 MB
Progress (1): 0.1/1.4 MB
Progress (1): 0.1/1.4 MB
Progress (1): 0.1/1.4 MB
Progress (1): 0.1/1.4 MB
Progress (1): 0.1/1.4 MB
Progress (1): 0.2/1.4 MB
Progress (1): 0.2/1.4 MB
Progress (1): 0.2/1.4 MB
Progress (1): 0.2/1.4 MB
Progress (1): 0.2/1.4 MB
Progress (1): 0.2/1.4 MB
Progress (1): 0.3/1.4 MB
Progress (1): 0.3/1.4 MB
Progress (1): 0.3/1.4 MB
Progress (1): 0.3/1.4 MB
Progress (1): 0.3/1.4 MB
Progress (1): 0.3/1.4 MB
Progress (1): 0.4/1.4 MB
Progress (1): 0.4/1.4 MB
Progress (1): 0.4/1.4 MB
Progress (1): 0.4/1.4 MB
Progress (1): 0.4/1.4 MB
Progress (1): 0.4/1.4 MB
Progress (1): 0.5/1.4 MB
Progress (2): 0.5/1.4 MB | 0/1.1 MB
Progress (2): 0.5/1.4 MB | 0/1.1 MB
Progress (2): 0.5/1.4 MB | 0/1.1 MB
Progress (2): 0.5/1.4 MB | 0/1.1 MB
Progress (2): 0.5/1.4 MB | 0/1.1 MB
Progress (2): 0.5/1.4 MB | 0/1.1 MB
Progress (2): 0.5/1.4 MB | 0/1.1 MB
Progress (2): 0.5/1.4 MB | 0/1.1 MB
Progress (2): 0.5/1.4 MB | 0.1/1.1 MB
Progress (2): 0.5/1.4 MB | 0.1/1.1 MB
Progress (2): 0.5/1.4 MB | 0.1/1.1 MB
Progress (2): 0.6/1.4 MB | 0.1/1.1 MB
Progress (2): 0.6/1.4 MB | 0.1/1.1 MB
Progress (2): 0.6/1.4 MB | 0.1/1.1 MB
Progress (2): 0.6/1.4 MB | 0.1/1.1 MB
Progress (2): 0.6/1.4 MB | 0.1/1.1 MB
Progress (2): 0.6/1.4 MB | 0.1/1.1 MB
Progress (3): 0.6/1.4 MB | 0.1/1.1 MB | 7.7/674 kB
Progress (3): 0.6/1.4 MB | 0.1/1.1 MB | 7.7/674 kB
Progress (3): 0.6/1.4 MB | 0.1/1.1 MB | 12/674 kB 
Progress (3): 0.6/1.4 MB | 0.1/1.1 MB | 12/674 kB
Progress (3): 0.6/1.4 MB | 0.1/1.1 MB | 28/674 kB
Progress (3): 0.6/1.4 MB | 0.1/1.1 MB | 28/674 kB
Progress (3): 0.7/1.4 MB | 0.1/1.1 MB | 28/674 kB
Progress (3): 0.7/1.4 MB | 0.1/1.1 MB | 28/674 kB
Progress (4): 0.7/1.4 MB | 0.1/1.1 MB | 28/674 kB | 7.7/373 kB
Progress (4): 0.7/1.4 MB | 0.1/1.1 MB | 44/674 kB | 7.7/373 kB
Progress (4): 0.7/1.4 MB | 0.1/1.1 MB | 44/674 kB | 7.7/373 kB
Progress (4): 0.7/1.4 MB | 0.1/1.1 MB | 44/674 kB | 12/373 kB 
Progress (4): 0.7/1.4 MB | 0.1/1.1 MB | 44/674 kB | 12/373 kB
Progress (4): 0.7/1.4 MB | 0.1/1.1 MB | 61/674 kB | 12/373 kB
Progress (4): 0.7/1.4 MB | 0.1/1.1 MB | 61/674 kB | 12/373 kB
Progress (4): 0.7/1.4 MB | 0.1/1.1 MB | 61/674 kB | 12/373 kB
Progress (4): 0.7/1.4 MB | 0.1/1.1 MB | 61/674 kB | 12/373 kB
Progress (4): 0.7/1.4 MB | 0.1/1.1 MB | 61/674 kB | 12/373 kB
Progress (4): 0.7/1.4 MB | 0.1/1.1 MB | 77/674 kB | 12/373 kB
Progress (4): 0.8/1.4 MB | 0.1/1.1 MB | 77/674 kB | 12/373 kB
Progress (4): 0.8/1.4 MB | 0.1/1.1 MB | 77/674 kB | 29/373 kB
Progress (5): 0.8/1.4 MB | 0.1/1.1 MB | 77/674 kB | 29/373 kB | 0/2.0 MB
Progress (5): 0.8/1.4 MB | 0.1/1.1 MB | 77/674 kB | 29/373 kB | 0/2.0 MB
Progress (5): 0.8/1.4 MB | 0.1/1.1 MB | 77/674 kB | 29/373 kB | 0/2.0 MB
Progress (5): 0.8/1.4 MB | 0.1/1.1 MB | 93/674 kB | 29/373 kB | 0/2.0 MB
Progress (5): 0.8/1.4 MB | 0.1/1.1 MB | 93/674 kB | 29/373 kB | 0/2.0 MB
Progress (5): 0.8/1.4 MB | 0.1/1.1 MB | 93/674 kB | 29/373 kB | 0/2.0 MB
Progress (5): 0.8/1.4 MB | 0.1/1.1 MB | 93/674 kB | 29/373 kB | 0/2.0 MB
Progress (5): 0.8/1.4 MB | 0.1/1.1 MB | 110/674 kB | 29/373 kB | 0/2.0 MB
Progress (5): 0.8/1.4 MB | 0.1/1.1 MB | 110/674 kB | 29/373 kB | 0/2.0 MB
Progress (5): 0.8/1.4 MB | 0.1/1.1 MB | 126/674 kB | 29/373 kB | 0/2.0 MB
Progress (5): 0.8/1.4 MB | 0.1/1.1 MB | 126/674 kB | 45/373 kB | 0/2.0 MB
Progress (5): 0.8/1.4 MB | 0.1/1.1 MB | 126/674 kB | 45/373 kB | 0/2.0 MB
Progress (5): 0.9/1.4 MB | 0.1/1.1 MB | 126/674 kB | 45/373 kB | 0/2.0 MB
Progress (5): 0.9/1.4 MB | 0.1/1.1 MB | 126/674 kB | 45/373 kB | 0/2.0 MB
Progress (5): 0.9/1.4 MB | 0.1/1.1 MB | 126/674 kB | 45/373 kB | 0/2.0 MB
Progress (5): 0.9/1.4 MB | 0.1/1.1 MB | 143/674 kB | 45/373 kB | 0/2.0 MB
Progress (5): 0.9/1.4 MB | 0.1/1.1 MB | 143/674 kB | 45/373 kB | 0/2.0 MB
Progress (5): 0.9/1.4 MB | 0.1/1.1 MB | 143/674 kB | 45/373 kB | 0/2.0 MB
Progress (5): 0.9/1.4 MB | 0.1/1.1 MB | 143/674 kB | 45/373 kB | 0/2.0 MB
Progress (5): 0.9/1.4 MB | 0.1/1.1 MB | 159/674 kB | 45/373 kB | 0/2.0 MB
Progress (5): 0.9/1.4 MB | 0.1/1.1 MB | 159/674 kB | 45/373 kB | 0/2.0 MB
Progress (5): 0.9/1.4 MB | 0.1/1.1 MB | 159/674 kB | 45/373 kB | 0/2.0 MB
Progress (5): 1.0/1.4 MB | 0.1/1.1 MB | 159/674 kB | 45/373 kB | 0/2.0 MB
Progress (5): 1.0/1.4 MB | 0.1/1.1 MB | 159/674 kB | 45/373 kB | 0/2.0 MB
Progress (5): 1.0/1.4 MB | 0.1/1.1 MB | 159/674 kB | 45/373 kB | 0/2.0 MB
Progress (5): 1.0/1.4 MB | 0.1/1.1 MB | 159/674 kB | 61/373 kB | 0/2.0 MB
Progress (5): 1.0/1.4 MB | 0.1/1.1 MB | 159/674 kB | 61/373 kB | 0/2.0 MB
Progress (5): 1.0/1.4 MB | 0.1/1.1 MB | 159/674 kB | 61/373 kB | 0/2.0 MB
Progress (5): 1.0/1.4 MB | 0.1/1.1 MB | 159/674 kB | 61/373 kB | 0.1/2.0 MB
Progress (5): 1.0/1.4 MB | 0.1/1.1 MB | 159/674 kB | 61/373 kB | 0.1/2.0 MB
Progress (5): 1.1/1.4 MB | 0.1/1.1 MB | 159/674 kB | 61/373 kB | 0.1/2.0 MB
Progress (5): 1.1/1.4 MB | 0.1/1.1 MB | 159/674 kB | 61/373 kB | 0.1/2.0 MB
Progress (5): 1.1/1.4 MB | 0.1/1.1 MB | 159/674 kB | 61/373 kB | 0.1/2.0 MB
Progress (5): 1.1/1.4 MB | 0.2/1.1 MB | 159/674 kB | 61/373 kB | 0.1/2.0 MB
Progress (5): 1.1/1.4 MB | 0.2/1.1 MB | 159/674 kB | 78/373 kB | 0.1/2.0 MB
Progress (5): 1.1/1.4 MB | 0.2/1.1 MB | 159/674 kB | 78/373 kB | 0.1/2.0 MB
Progress (5): 1.1/1.4 MB | 0.2/1.1 MB | 159/674 kB | 78/373 kB | 0.1/2.0 MB
Progress (5): 1.1/1.4 MB | 0.2/1.1 MB | 159/674 kB | 78/373 kB | 0.1/2.0 MB
Progress (5): 1.1/1.4 MB | 0.2/1.1 MB | 159/674 kB | 78/373 kB | 0.1/2.0 MB
Progress (5): 1.1/1.4 MB | 0.2/1.1 MB | 159/674 kB | 78/373 kB | 0.1/2.0 MB
Progress (5): 1.2/1.4 MB | 0.2/1.1 MB | 159/674 kB | 78/373 kB | 0.1/2.0 MB
Progress (5): 1.2/1.4 MB | 0.2/1.1 MB | 159/674 kB | 78/373 kB | 0.1/2.0 MB
Progress (5): 1.2/1.4 MB | 0.2/1.1 MB | 159/674 kB | 78/373 kB | 0.1/2.0 MB
Progress (5): 1.2/1.4 MB | 0.2/1.1 MB | 159/674 kB | 78/373 kB | 0.1/2.0 MB
Progress (5): 1.2/1.4 MB | 0.2/1.1 MB | 159/674 kB | 78/373 kB | 0.1/2.0 MB
Progress (5): 1.2/1.4 MB | 0.2/1.1 MB | 159/674 kB | 78/373 kB | 0.1/2.0 MB
Progress (5): 1.2/1.4 MB | 0.2/1.1 MB | 159/674 kB | 94/373 kB | 0.1/2.0 MB
Progress (5): 1.2/1.4 MB | 0.2/1.1 MB | 159/674 kB | 94/373 kB | 0.1/2.0 MB
Progress (5): 1.2/1.4 MB | 0.2/1.1 MB | 159/674 kB | 94/373 kB | 0.1/2.0 MB
Progress (5): 1.2/1.4 MB | 0.2/1.1 MB | 159/674 kB | 94/373 kB | 0.1/2.0 MB
Progress (5): 1.2/1.4 MB | 0.2/1.1 MB | 159/674 kB | 94/373 kB | 0.1/2.0 MB
Progress (5): 1.3/1.4 MB | 0.2/1.1 MB | 159/674 kB | 94/373 kB | 0.1/2.0 MB
Progress (5): 1.3/1.4 MB | 0.2/1.1 MB | 159/674 kB | 94/373 kB | 0.1/2.0 MB
Progress (5): 1.3/1.4 MB | 0.2/1.1 MB | 175/674 kB | 94/373 kB | 0.1/2.0 MB
Progress (5): 1.3/1.4 MB | 0.2/1.1 MB | 175/674 kB | 94/373 kB | 0.1/2.0 MB
Progress (5): 1.3/1.4 MB | 0.2/1.1 MB | 175/674 kB | 111/373 kB | 0.1/2.0 MB
Progress (5): 1.3/1.4 MB | 0.2/1.1 MB | 175/674 kB | 111/373 kB | 0.1/2.0 MB
Progress (5): 1.3/1.4 MB | 0.2/1.1 MB | 175/674 kB | 111/373 kB | 0.1/2.0 MB
Progress (5): 1.3/1.4 MB | 0.2/1.1 MB | 192/674 kB | 111/373 kB | 0.1/2.0 MB
Progress (5): 1.3/1.4 MB | 0.2/1.1 MB | 192/674 kB | 111/373 kB | 0.1/2.0 MB
Progress (5): 1.3/1.4 MB | 0.2/1.1 MB | 197/674 kB | 111/373 kB | 0.1/2.0 MB
Progress (5): 1.3/1.4 MB | 0.3/1.1 MB | 197/674 kB | 111/373 kB | 0.1/2.0 MB
Progress (5): 1.3/1.4 MB | 0.3/1.1 MB | 197/674 kB | 111/373 kB | 0.1/2.0 MB
Progress (5): 1.3/1.4 MB | 0.3/1.1 MB | 197/674 kB | 111/373 kB | 0.1/2.0 MB
Progress (5): 1.3/1.4 MB | 0.3/1.1 MB | 213/674 kB | 111/373 kB | 0.1/2.0 MB
Progress (5): 1.3/1.4 MB | 0.3/1.1 MB | 213/674 kB | 111/373 kB | 0.1/2.0 MB
Progress (5): 1.4/1.4 MB | 0.3/1.1 MB | 213/674 kB | 111/373 kB | 0.1/2.0 MB
Progress (5): 1.4/1.4 MB | 0.3/1.1 MB | 221/674 kB | 111/373 kB | 0.1/2.0 MB
Progress (5): 1.4/1.4 MB | 0.3/1.1 MB | 221/674 kB | 127/373 kB | 0.1/2.0 MB
Progress (5): 1.4/1.4 MB | 0.3/1.1 MB | 229/674 kB | 127/373 kB | 0.1/2.0 MB
Progress (5): 1.4/1.4 MB | 0.3/1.1 MB | 229/674 kB | 127/373 kB | 0.1/2.0 MB
Progress (5): 1.4 MB | 0.3/1.1 MB | 229/674 kB | 127/373 kB | 0.1/2.0 MB    
Progress (5): 1.4 MB | 0.3/1.1 MB | 246/674 kB | 127/373 kB | 0.1/2.0 MB
Progress (5): 1.4 MB | 0.3/1.1 MB | 246/674 kB | 127/373 kB | 0.1/2.0 MB
Progress (5): 1.4 MB | 0.3/1.1 MB | 246/674 kB | 127/373 kB | 0.1/2.0 MB
Progress (5): 1.4 MB | 0.3/1.1 MB | 246/674 kB | 127/373 kB | 0.1/2.0 MB
Progress (5): 1.4 MB | 0.3/1.1 MB | 246/674 kB | 143/373 kB | 0.1/2.0 MB
Progress (5): 1.4 MB | 0.3/1.1 MB | 262/674 kB | 143/373 kB | 0.1/2.0 MB
Progress (5): 1.4 MB | 0.3/1.1 MB | 279/674 kB | 143/373 kB | 0.1/2.0 MB
Progress (5): 1.4 MB | 0.3/1.1 MB | 295/674 kB | 143/373 kB | 0.1/2.0 MB
Progress (5): 1.4 MB | 0.3/1.1 MB | 311/674 kB | 143/373 kB | 0.1/2.0 MB
Progress (5): 1.4 MB | 0.3/1.1 MB | 328/674 kB | 143/373 kB | 0.1/2.0 MB
Progress (5): 1.4 MB | 0.3/1.1 MB | 328/674 kB | 160/373 kB | 0.1/2.0 MB
Progress (5): 1.4 MB | 0.3/1.1 MB | 328/674 kB | 160/373 kB | 0.2/2.0 MB
                                                                        
Downloaded from central: https://repo.maven.apache.org/maven2/net/java/dev/jna/jna-platform/5.17.0/jna-platform-5.17.0.jar (1.4 MB at 7.1 MB/s)
Downloading from central: https://repo.maven.apache.org/maven2/org/apache/httpcomponents/client5/httpclient5/5.5.2/httpclient5-5.5.2.jar
Progress (4): 0.3/1.1 MB | 328/674 kB | 160/373 kB | 0.2/2.0 MB
Progress (4): 0.3/1.1 MB | 328/674 kB | 160/373 kB | 0.2/2.0 MB
Progress (4): 0.3/1.1 MB | 328/674 kB | 160/373 kB | 0.2/2.0 MB
Progress (4): 0.3/1.1 MB | 328/674 kB | 160/373 kB | 0.2/2.0 MB
Progress (4): 0.4/1.1 MB | 328/674 kB | 160/373 kB | 0.2/2.0 MB
Progress (4): 0.4/1.1 MB | 328/674 kB | 176/373 kB | 0.2/2.0 MB
Progress (4): 0.4/1.1 MB | 328/674 kB | 176/373 kB | 0.2/2.0 MB
Progress (4): 0.4/1.1 MB | 328/674 kB | 176/373 kB | 0.2/2.0 MB
Progress (4): 0.4/1.1 MB | 328/674 kB | 193/373 kB | 0.2/2.0 MB
Progress (4): 0.4/1.1 MB | 328/674 kB | 209/373 kB | 0.2/2.0 MB
Progress (4): 0.4/1.1 MB | 328/674 kB | 209/373 kB | 0.2/2.0 MB
Progress (4): 0.4/1.1 MB | 328/674 kB | 225/373 kB | 0.2/2.0 MB
Progress (4): 0.4/1.1 MB | 328/674 kB | 242/373 kB | 0.2/2.0 MB
Progress (4): 0.4/1.1 MB | 328/674 kB | 242/373 kB | 0.2/2.0 MB
Progress (4): 0.4/1.1 MB | 328/674 kB | 242/373 kB | 0.3/2.0 MB
Progress (4): 0.4/1.1 MB | 328/674 kB | 258/373 kB | 0.3/2.0 MB
Progress (4): 0.4/1.1 MB | 328/674 kB | 258/373 kB | 0.3/2.0 MB
Progress (4): 0.4/1.1 MB | 328/674 kB | 258/373 kB | 0.3/2.0 MB
Progress (4): 0.4/1.1 MB | 344/674 kB | 258/373 kB | 0.3/2.0 MB
Progress (4): 0.4/1.1 MB | 344/674 kB | 258/373 kB | 0.3/2.0 MB
Progress (4): 0.4/1.1 MB | 344/674 kB | 258/373 kB | 0.3/2.0 MB
Progress (4): 0.4/1.1 MB | 352/674 kB | 258/373 kB | 0.3/2.0 MB
Progress (4): 0.4/1.1 MB | 352/674 kB | 274/373 kB | 0.3/2.0 MB
Progress (4): 0.4/1.1 MB | 352/674 kB | 274/373 kB | 0.3/2.0 MB
Progress (4): 0.4/1.1 MB | 352/674 kB | 274/373 kB | 0.3/2.0 MB
Progress (4): 0.4/1.1 MB | 369/674 kB | 274/373 kB | 0.3/2.0 MB
Progress (4): 0.4/1.1 MB | 385/674 kB | 274/373 kB | 0.3/2.0 MB
Progress (4): 0.4/1.1 MB | 385/674 kB | 274/373 kB | 0.3/2.0 MB
Progress (4): 0.4/1.1 MB | 385/674 kB | 274/373 kB | 0.3/2.0 MB
Progress (4): 0.4/1.1 MB | 385/674 kB | 291/373 kB | 0.3/2.0 MB
Progress (4): 0.5/1.1 MB | 385/674 kB | 291/373 kB | 0.3/2.0 MB
Progress (4): 0.5/1.1 MB | 401/674 kB | 291/373 kB | 0.3/2.0 MB
Progress (4): 0.5/1.1 MB | 401/674 kB | 291/373 kB | 0.3/2.0 MB
Progress (4): 0.5/1.1 MB | 401/674 kB | 291/373 kB | 0.3/2.0 MB
Progress (4): 0.5/1.1 MB | 418/674 kB | 291/373 kB | 0.3/2.0 MB
Progress (4): 0.5/1.1 MB | 418/674 kB | 291/373 kB | 0.3/2.0 MB
Progress (4): 0.5/1.1 MB | 418/674 kB | 307/373 kB | 0.3/2.0 MB
Progress (4): 0.5/1.1 MB | 434/674 kB | 307/373 kB | 0.3/2.0 MB
Progress (4): 0.5/1.1 MB | 434/674 kB | 307/373 kB | 0.3/2.0 MB
Progress (4): 0.5/1.1 MB | 434/674 kB | 307/373 kB | 0.3/2.0 MB
Progress (4): 0.5/1.1 MB | 451/674 kB | 307/373 kB | 0.3/2.0 MB
Progress (4): 0.5/1.1 MB | 451/674 kB | 307/373 kB | 0.3/2.0 MB
Progress (4): 0.5/1.1 MB | 451/674 kB | 307/373 kB | 0.3/2.0 MB
Progress (4): 0.5/1.1 MB | 467/674 kB | 307/373 kB | 0.3/2.0 MB
Progress (4): 0.5/1.1 MB | 467/674 kB | 324/373 kB | 0.3/2.0 MB
Progress (4): 0.5/1.1 MB | 483/674 kB | 324/373 kB | 0.3/2.0 MB
Progress (4): 0.5/1.1 MB | 483/674 kB | 324/373 kB | 0.3/2.0 MB
Progress (4): 0.5/1.1 MB | 500/674 kB | 324/373 kB | 0.3/2.0 MB
Progress (4): 0.5/1.1 MB | 516/674 kB | 324/373 kB | 0.3/2.0 MB
Progress (4): 0.5/1.1 MB | 516/674 kB | 340/373 kB | 0.3/2.0 MB
Progress (5): 0.5/1.1 MB | 516/674 kB | 340/373 kB | 0.3/2.0 MB | 7.7/961 kB
Progress (5): 0.5/1.1 MB | 516/674 kB | 340/373 kB | 0.3/2.0 MB | 16/961 kB 
Progress (5): 0.5/1.1 MB | 516/674 kB | 340/373 kB | 0.3/2.0 MB | 25/961 kB
Progress (5): 0.5/1.1 MB | 516/674 kB | 340/373 kB | 0.3/2.0 MB | 41/961 kB
Progress (5): 0.5/1.1 MB | 516/674 kB | 340/373 kB | 0.4/2.0 MB | 41/961 kB
Progress (5): 0.5/1.1 MB | 516/674 kB | 340/373 kB | 0.4/2.0 MB | 57/961 kB
Progress (5): 0.5/1.1 MB | 516/674 kB | 340/373 kB | 0.4/2.0 MB | 57/961 kB
Progress (5): 0.5/1.1 MB | 516/674 kB | 340/373 kB | 0.4/2.0 MB | 74/961 kB
Progress (5): 0.5/1.1 MB | 516/674 kB | 340/373 kB | 0.4/2.0 MB | 90/961 kB
Progress (5): 0.5/1.1 MB | 516/674 kB | 356/373 kB | 0.4/2.0 MB | 90/961 kB
Progress (5): 0.6/1.1 MB | 516/674 kB | 356/373 kB | 0.4/2.0 MB | 90/961 kB
Progress (5): 0.6/1.1 MB | 516/674 kB | 356/373 kB | 0.4/2.0 MB | 106/961 kB
Progress (5): 0.6/1.1 MB | 516/674 kB | 356/373 kB | 0.4/2.0 MB | 123/961 kB
Progress (5): 0.6/1.1 MB | 516/674 kB | 356/373 kB | 0.4/2.0 MB | 123/961 kB
Progress (5): 0.6/1.1 MB | 516/674 kB | 356/373 kB | 0.4/2.0 MB | 139/961 kB
Progress (5): 0.6/1.1 MB | 516/674 kB | 356/373 kB | 0.4/2.0 MB | 156/961 kB
Progress (5): 0.6/1.1 MB | 516/674 kB | 356/373 kB | 0.4/2.0 MB | 172/961 kB
Progress (5): 0.6/1.1 MB | 532/674 kB | 356/373 kB | 0.4/2.0 MB | 172/961 kB
Progress (5): 0.6/1.1 MB | 532/674 kB | 356/373 kB | 0.4/2.0 MB | 172/961 kB
Progress (5): 0.6/1.1 MB | 532/674 kB | 356/373 kB | 0.4/2.0 MB | 188/961 kB
Progress (5): 0.6/1.1 MB | 532/674 kB | 356/373 kB | 0.4/2.0 MB | 188/961 kB
Progress (5): 0.6/1.1 MB | 532/674 kB | 356/373 kB | 0.4/2.0 MB | 205/961 kB
Progress (5): 0.6/1.1 MB | 532/674 kB | 356/373 kB | 0.4/2.0 MB | 205/961 kB
Progress (5): 0.6/1.1 MB | 532/674 kB | 356/373 kB | 0.4/2.0 MB | 221/961 kB
Progress (5): 0.6/1.1 MB | 532/674 kB | 356/373 kB | 0.4/2.0 MB | 221/961 kB
Progress (5): 0.6/1.1 MB | 532/674 kB | 356/373 kB | 0.4/2.0 MB | 238/961 kB
Progress (5): 0.6/1.1 MB | 532/674 kB | 356/373 kB | 0.4/2.0 MB | 254/961 kB
Progress (5): 0.6/1.1 MB | 532/674 kB | 356/373 kB | 0.4/2.0 MB | 254/961 kB
Progress (5): 0.6/1.1 MB | 532/674 kB | 373 kB | 0.4/2.0 MB | 254/961 kB    
Progress (5): 0.6/1.1 MB | 532/674 kB | 373 kB | 0.4/2.0 MB | 270/961 kB
Progress (5): 0.7/1.1 MB | 532/674 kB | 373 kB | 0.4/2.0 MB | 270/961 kB
Progress (5): 0.7/1.1 MB | 532/674 kB | 373 kB | 0.4/2.0 MB | 270/961 kB
Progress (5): 0.7/1.1 MB | 532/674 kB | 373 kB | 0.4/2.0 MB | 287/961 kB
Progress (5): 0.7/1.1 MB | 532/674 kB | 373 kB | 0.4/2.0 MB | 303/961 kB
Progress (5): 0.7/1.1 MB | 532/674 kB | 373 kB | 0.4/2.0 MB | 303/961 kB
Progress (5): 0.7/1.1 MB | 532/674 kB | 373 kB | 0.4/2.0 MB | 319/961 kB
Progress (5): 0.7/1.1 MB | 532/674 kB | 373 kB | 0.4/2.0 MB | 319/961 kB
Progress (5): 0.7/1.1 MB | 532/674 kB | 373 kB | 0.4/2.0 MB | 336/961 kB
Progress (5): 0.7/1.1 MB | 532/674 kB | 373 kB | 0.4/2.0 MB | 352/961 kB
Progress (5): 0.7/1.1 MB | 532/674 kB | 373 kB | 0.4/2.0 MB | 352/961 kB
Progress (5): 0.7/1.1 MB | 532/674 kB | 373 kB | 0.4/2.0 MB | 369/961 kB
Progress (5): 0.7/1.1 MB | 532/674 kB | 373 kB | 0.4/2.0 MB | 369/961 kB
Progress (5): 0.7/1.1 MB | 532/674 kB | 373 kB | 0.4/2.0 MB | 369/961 kB
Progress (5): 0.7/1.1 MB | 532/674 kB | 373 kB | 0.4/2.0 MB | 385/961 kB
Progress (5): 0.7/1.1 MB | 532/674 kB | 373 kB | 0.4/2.0 MB | 401/961 kB
Progress (5): 0.7/1.1 MB | 532/674 kB | 373 kB | 0.4/2.0 MB | 418/961 kB
Progress (5): 0.7/1.1 MB | 532/674 kB | 373 kB | 0.4/2.0 MB | 434/961 kB
                                                                        
Downloaded from central: https://repo.maven.apache.org/maven2/commons-codec/commons-codec/1.17.1/commons-codec-1.17.1.jar (373 kB at 1.2 MB/s)
Downloading from central: https://repo.maven.apache.org/maven2/org/apache/httpcomponents/core5/httpcore5/5.3.6/httpcore5-5.3.6.jar
Progress (4): 0.7/1.1 MB | 549/674 kB | 0.4/2.0 MB | 434/961 kB
Progress (4): 0.7/1.1 MB | 549/674 kB | 0.4/2.0 MB | 434/961 kB
Progress (4): 0.7/1.1 MB | 549/674 kB | 0.4/2.0 MB | 451/961 kB
Progress (4): 0.7/1.1 MB | 565/674 kB | 0.4/2.0 MB | 451/961 kB
Progress (4): 0.7/1.1 MB | 565/674 kB | 0.4/2.0 MB | 467/961 kB
Progress (4): 0.7/1.1 MB | 565/674 kB | 0.4/2.0 MB | 483/961 kB
Progress (4): 0.7/1.1 MB | 565/674 kB | 0.4/2.0 MB | 500/961 kB
Progress (4): 0.7/1.1 MB | 565/674 kB | 0.4/2.0 MB | 516/961 kB
Progress (4): 0.7/1.1 MB | 565/674 kB | 0.4/2.0 MB | 532/961 kB
Progress (4): 0.7/1.1 MB | 565/674 kB | 0.4/2.0 MB | 549/961 kB
Progress (4): 0.7/1.1 MB | 565/674 kB | 0.4/2.0 MB | 565/961 kB
Progress (4): 0.7/1.1 MB | 565/674 kB | 0.5/2.0 MB | 565/961 kB
Progress (4): 0.7/1.1 MB | 565/674 kB | 0.5/2.0 MB | 582/961 kB
Progress (4): 0.7/1.1 MB | 565/674 kB | 0.5/2.0 MB | 598/961 kB
Progress (4): 0.7/1.1 MB | 565/674 kB | 0.5/2.0 MB | 598/961 kB
Progress (4): 0.7/1.1 MB | 565/674 kB | 0.5/2.0 MB | 614/961 kB
Progress (4): 0.8/1.1 MB | 565/674 kB | 0.5/2.0 MB | 614/961 kB
Progress (4): 0.8/1.1 MB | 565/674 kB | 0.5/2.0 MB | 631/961 kB
Progress (4): 0.8/1.1 MB | 565/674 kB | 0.5/2.0 MB | 631/961 kB
Progress (4): 0.8/1.1 MB | 582/674 kB | 0.5/2.0 MB | 631/961 kB
Progress (4): 0.8/1.1 MB | 582/674 kB | 0.5/2.0 MB | 631/961 kB
Progress (4): 0.8/1.1 MB | 582/674 kB | 0.5/2.0 MB | 647/961 kB
Progress (4): 0.8/1.1 MB | 582/674 kB | 0.5/2.0 MB | 647/961 kB
Progress (4): 0.8/1.1 MB | 582/674 kB | 0.5/2.0 MB | 664/961 kB
Progress (4): 0.8/1.1 MB | 582/674 kB | 0.5/2.0 MB | 680/961 kB
Progress (4): 0.8/1.1 MB | 582/674 kB | 0.5/2.0 MB | 696/961 kB
Progress (4): 0.8/1.1 MB | 598/674 kB | 0.5/2.0 MB | 696/961 kB
Progress (4): 0.8/1.1 MB | 598/674 kB | 0.5/2.0 MB | 713/961 kB
Progress (4): 0.8/1.1 MB | 614/674 kB | 0.5/2.0 MB | 713/961 kB
Progress (4): 0.8/1.1 MB | 614/674 kB | 0.5/2.0 MB | 729/961 kB
Progress (4): 0.8/1.1 MB | 614/674 kB | 0.5/2.0 MB | 729/961 kB
Progress (4): 0.8/1.1 MB | 614/674 kB | 0.5/2.0 MB | 745/961 kB
Progress (4): 0.8/1.1 MB | 631/674 kB | 0.5/2.0 MB | 745/961 kB
Progress (4): 0.8/1.1 MB | 631/674 kB | 0.5/2.0 MB | 762/961 kB
Progress (4): 0.8/1.1 MB | 631/674 kB | 0.5/2.0 MB | 778/961 kB
Progress (4): 0.8/1.1 MB | 631/674 kB | 0.5/2.0 MB | 795/961 kB
Progress (4): 0.8/1.1 MB | 631/674 kB | 0.5/2.0 MB | 811/961 kB
Progress (4): 0.8/1.1 MB | 631/674 kB | 0.5/2.0 MB | 811/961 kB
Progress (4): 0.8/1.1 MB | 631/674 kB | 0.5/2.0 MB | 827/961 kB
Progress (4): 0.8/1.1 MB | 631/674 kB | 0.5/2.0 MB | 827/961 kB
Progress (4): 0.8/1.1 MB | 631/674 kB | 0.5/2.0 MB | 844/961 kB
Progress (4): 0.8/1.1 MB | 631/674 kB | 0.5/2.0 MB | 844/961 kB
Progress (4): 0.8/1.1 MB | 631/674 kB | 0.5/2.0 MB | 844/961 kB
Progress (4): 0.8/1.1 MB | 631/674 kB | 0.5/2.0 MB | 860/961 kB
Progress (4): 0.8/1.1 MB | 631/674 kB | 0.5/2.0 MB | 860/961 kB
Progress (4): 0.8/1.1 MB | 631/674 kB | 0.5/2.0 MB | 877/961 kB
Progress (4): 0.8/1.1 MB | 647/674 kB | 0.5/2.0 MB | 877/961 kB
Progress (4): 0.9/1.1 MB | 647/674 kB | 0.5/2.0 MB | 877/961 kB
Progress (4): 0.9/1.1 MB | 647/674 kB | 0.5/2.0 MB | 893/961 kB
Progress (4): 0.9/1.1 MB | 647/674 kB | 0.5/2.0 MB | 909/961 kB
Progress (4): 0.9/1.1 MB | 647/674 kB | 0.5/2.0 MB | 909/961 kB
Progress (4): 0.9/1.1 MB | 664/674 kB | 0.5/2.0 MB | 909/961 kB
Progress (4): 0.9/1.1 MB | 664/674 kB | 0.5/2.0 MB | 909/961 kB
Progress (4): 0.9/1.1 MB | 664/674 kB | 0.5/2.0 MB | 926/961 kB
Progress (4): 0.9/1.1 MB | 664/674 kB | 0.5/2.0 MB | 942/961 kB
Progress (4): 0.9/1.1 MB | 664/674 kB | 0.5/2.0 MB | 942/961 kB
Progress (4): 0.9/1.1 MB | 664/674 kB | 0.5/2.0 MB | 942/961 kB
Progress (4): 0.9/1.1 MB | 664/674 kB | 0.5/2.0 MB | 958/961 kB
Progress (4): 0.9/1.1 MB | 664/674 kB | 0.5/2.0 MB | 958/961 kB
Progress (4): 0.9/1.1 MB | 674 kB | 0.5/2.0 MB | 958/961 kB    
Progress (4): 0.9/1.1 MB | 674 kB | 0.5/2.0 MB | 961 kB    
Progress (4): 0.9/1.1 MB | 674 kB | 0.5/2.0 MB | 961 kB
Progress (4): 1.0/1.1 MB | 674 kB | 0.5/2.0 MB | 961 kB
Progress (4): 1.0/1.1 MB | 674 kB | 0.5/2.0 MB | 961 kB
Progress (4): 1.0/1.1 MB | 674 kB | 0.5/2.0 MB | 961 kB
Progress (4): 1.0/1.1 MB | 674 kB | 0.5/2.0 MB | 961 kB
Progress (4): 1.0/1.1 MB | 674 kB | 0.5/2.0 MB | 961 kB
Progress (4): 1.0/1.1 MB | 674 kB | 0.6/2.0 MB | 961 kB
Progress (4): 1.0/1.1 MB | 674 kB | 0.6/2.0 MB | 961 kB
Progress (4): 1.0/1.1 MB | 674 kB | 0.6/2.0 MB | 961 kB
Progress (4): 1.0/1.1 MB | 674 kB | 0.6/2.0 MB | 961 kB
Progress (4): 1.1/1.1 MB | 674 kB | 0.6/2.0 MB | 961 kB
Progress (4): 1.1/1.1 MB | 674 kB | 0.6/2.0 MB | 961 kB
Progress (4): 1.1 MB | 674 kB | 0.6/2.0 MB | 961 kB    
                                                   
Downloaded from central: https://repo.maven.apache.org/maven2/org/apache/commons/commons-lang3/3.16.0/commons-lang3-3.16.0.jar (674 kB at 1.9 MB/s)
Downloading from central: https://repo.maven.apache.org/maven2/org/apache/httpcomponents/core5/httpcore5-h2/5.3.6/httpcore5-h2-5.3.6.jar
Downloaded from central: https://repo.maven.apache.org/maven2/org/apache/httpcomponents/client5/httpclient5/5.5.2/httpclient5-5.5.2.jar (961 kB at 2.7 MB/s)
Downloading from central: https://repo.maven.apache.org/maven2/org/tomlj/tomlj/1.0.0/tomlj-1.0.0.jar
Progress (2): 1.1 MB | 0.6/2.0 MB
                                 
Downloaded from central: https://repo.maven.apache.org/maven2/org/apache/commons/commons-compress/1.27.1/commons-compress-1.27.1.jar (1.1 MB at 3.0 MB/s)
Downloading from central: https://repo.maven.apache.org/maven2/org/antlr/antlr4-runtime/4.7.2/antlr4-runtime-4.7.2.jar
Progress (1): 0.6/2.0 MB
Progress (2): 0.6/2.0 MB | 7.7/909 kB
Progress (2): 0.6/2.0 MB | 16/909 kB 
Progress (2): 0.6/2.0 MB | 16/909 kB
Progress (2): 0.6/2.0 MB | 32/909 kB
Progress (2): 0.6/2.0 MB | 32/909 kB
Progress (2): 0.6/2.0 MB | 49/909 kB
Progress (2): 0.7/2.0 MB | 49/909 kB
Progress (2): 0.7/2.0 MB | 65/909 kB
Progress (2): 0.7/2.0 MB | 65/909 kB
Progress (3): 0.7/2.0 MB | 65/909 kB | 7.7/243 kB
Progress (3): 0.7/2.0 MB | 65/909 kB | 16/243 kB 
Progress (4): 0.7/2.0 MB | 65/909 kB | 16/243 kB | 7.7/157 kB
Progress (4): 0.7/2.0 MB | 65/909 kB | 16/243 kB | 12/157 kB 
Progress (4): 0.7/2.0 MB | 65/909 kB | 24/243 kB | 12/157 kB
Progress (4): 0.7/2.0 MB | 65/909 kB | 24/243 kB | 29/157 kB
Progress (4): 0.7/2.0 MB | 65/909 kB | 40/243 kB | 29/157 kB
Progress (4): 0.7/2.0 MB | 65/909 kB | 40/243 kB | 45/157 kB
Progress (4): 0.7/2.0 MB | 65/909 kB | 57/243 kB | 45/157 kB
Progress (4): 0.7/2.0 MB | 65/909 kB | 73/243 kB | 45/157 kB
Progress (4): 0.7/2.0 MB | 65/909 kB | 90/243 kB | 45/157 kB
Progress (4): 0.7/2.0 MB | 65/909 kB | 106/243 kB | 45/157 kB
Progress (4): 0.7/2.0 MB | 65/909 kB | 106/243 kB | 61/157 kB
Progress (4): 0.7/2.0 MB | 65/909 kB | 122/243 kB | 61/157 kB
Progress (4): 0.7/2.0 MB | 65/909 kB | 131/243 kB | 61/157 kB
Progress (4): 0.7/2.0 MB | 65/909 kB | 131/243 kB | 78/157 kB
Progress (4): 0.7/2.0 MB | 65/909 kB | 147/243 kB | 78/157 kB
Progress (4): 0.7/2.0 MB | 65/909 kB | 147/243 kB | 94/157 kB
Progress (4): 0.7/2.0 MB | 81/909 kB | 147/243 kB | 94/157 kB
Progress (4): 0.7/2.0 MB | 81/909 kB | 147/243 kB | 94/157 kB
Progress (4): 0.7/2.0 MB | 81/909 kB | 164/243 kB | 94/157 kB
Progress (4): 0.7/2.0 MB | 81/909 kB | 164/243 kB | 111/157 kB
Progress (4): 0.7/2.0 MB | 81/909 kB | 164/243 kB | 127/157 kB
Progress (4): 0.7/2.0 MB | 81/909 kB | 180/243 kB | 127/157 kB
Progress (4): 0.7/2.0 MB | 81/909 kB | 197/243 kB | 127/157 kB
Progress (4): 0.7/2.0 MB | 81/909 kB | 213/243 kB | 127/157 kB
Progress (4): 0.7/2.0 MB | 81/909 kB | 213/243 kB | 143/157 kB
Progress (4): 0.7/2.0 MB | 81/909 kB | 229/243 kB | 143/157 kB
Progress (4): 0.7/2.0 MB | 81/909 kB | 243 kB | 143/157 kB    
Progress (4): 0.7/2.0 MB | 81/909 kB | 243 kB | 157 kB    
Progress (4): 0.7/2.0 MB | 81/909 kB | 243 kB | 157 kB
Progress (4): 0.7/2.0 MB | 98/909 kB | 243 kB | 157 kB
Progress (4): 0.7/2.0 MB | 114/909 kB | 243 kB | 157 kB
Progress (4): 0.7/2.0 MB | 114/909 kB | 243 kB | 157 kB
Progress (4): 0.7/2.0 MB | 114/909 kB | 243 kB | 157 kB
                                                       
Downloaded from central: https://repo.maven.apache.org/maven2/org/tomlj/tomlj/1.0.0/tomlj-1.0.0.jar (157 kB at 352 kB/s)
Downloading from central: https://repo.maven.apache.org/maven2/com/google/code/findbugs/jsr305/3.0.2/jsr305-3.0.2.jar
Downloaded from central: https://repo.maven.apache.org/maven2/org/apache/httpcomponents/core5/httpcore5-h2/5.3.6/httpcore5-h2-5.3.6.jar (243 kB at 543 kB/s)
Downloading from central: https://repo.maven.apache.org/maven2/org/springframework/boot/spring-boot-loader-tools/4.0.5/spring-boot-loader-tools-4.0.5.jar
Progress (2): 0.7/2.0 MB | 130/909 kB
Progress (2): 0.7/2.0 MB | 130/909 kB
Progress (3): 0.7/2.0 MB | 130/909 kB | 7.7/338 kB
Progress (3): 0.7/2.0 MB | 130/909 kB | 8.2/338 kB
Progress (3): 0.7/2.0 MB | 130/909 kB | 25/338 kB 
Progress (3): 0.7/2.0 MB | 130/909 kB | 41/338 kB
Progress (3): 0.7/2.0 MB | 147/909 kB | 41/338 kB
Progress (3): 0.7/2.0 MB | 147/909 kB | 57/338 kB
Progress (3): 0.8/2.0 MB | 147/909 kB | 57/338 kB
Progress (3): 0.8/2.0 MB | 147/909 kB | 57/338 kB
Progress (3): 0.8/2.0 MB | 163/909 kB | 57/338 kB
Progress (3): 0.8/2.0 MB | 163/909 kB | 74/338 kB
Progress (3): 0.8/2.0 MB | 179/909 kB | 74/338 kB
Progress (3): 0.8/2.0 MB | 179/909 kB | 90/338 kB
Progress (3): 0.8/2.0 MB | 179/909 kB | 90/338 kB
Progress (3): 0.8/2.0 MB | 179/909 kB | 106/338 kB
Progress (3): 0.8/2.0 MB | 179/909 kB | 123/338 kB
Progress (3): 0.8/2.0 MB | 179/909 kB | 139/338 kB
Progress (3): 0.8/2.0 MB | 179/909 kB | 156/338 kB
Progress (3): 0.8/2.0 MB | 179/909 kB | 156/338 kB
Progress (3): 0.8/2.0 MB | 196/909 kB | 156/338 kB
Progress (3): 0.8/2.0 MB | 196/909 kB | 172/338 kB
Progress (3): 0.8/2.0 MB | 196/909 kB | 172/338 kB
Progress (3): 0.8/2.0 MB | 196/909 kB | 188/338 kB
Progress (3): 0.8/2.0 MB | 196/909 kB | 188/338 kB
Progress (3): 0.8/2.0 MB | 212/909 kB | 188/338 kB
Progress (3): 0.8/2.0 MB | 212/909 kB | 205/338 kB
Progress (3): 0.8/2.0 MB | 229/909 kB | 205/338 kB
Progress (3): 0.8/2.0 MB | 229/909 kB | 221/338 kB
Progress (3): 0.8/2.0 MB | 229/909 kB | 238/338 kB
Progress (3): 0.8/2.0 MB | 245/909 kB | 238/338 kB
Progress (3): 0.9/2.0 MB | 245/909 kB | 238/338 kB
Progress (3): 0.9/2.0 MB | 245/909 kB | 254/338 kB
Progress (3): 0.9/2.0 MB | 245/909 kB | 254/338 kB
Progress (3): 0.9/2.0 MB | 261/909 kB | 254/338 kB
Progress (3): 0.9/2.0 MB | 261/909 kB | 270/338 kB
Progress (3): 0.9/2.0 MB | 261/909 kB | 270/338 kB
Progress (3): 0.9/2.0 MB | 261/909 kB | 287/338 kB
Progress (3): 0.9/2.0 MB | 261/909 kB | 303/338 kB
Progress (3): 0.9/2.0 MB | 278/909 kB | 303/338 kB
Progress (3): 0.9/2.0 MB | 278/909 kB | 319/338 kB
Progress (3): 0.9/2.0 MB | 294/909 kB | 319/338 kB
Progress (3): 0.9/2.0 MB | 294/909 kB | 336/338 kB
Progress (3): 0.9/2.0 MB | 294/909 kB | 338 kB    
Progress (3): 0.9/2.0 MB | 294/909 kB | 338 kB
Progress (4): 0.9/2.0 MB | 294/909 kB | 338 kB | 7.4/20 kB
Progress (4): 0.9/2.0 MB | 294/909 kB | 338 kB | 20 kB    
                                                      
Downloaded from central: https://repo.maven.apache.org/maven2/com/google/code/findbugs/jsr305/3.0.2/jsr305-3.0.2.jar (20 kB at 38 kB/s)
Downloading from central: https://repo.maven.apache.org/maven2/commons-logging/commons-logging/1.3.5/commons-logging-1.3.5.jar
Progress (3): 0.9/2.0 MB | 311/909 kB | 338 kB
Progress (3): 0.9/2.0 MB | 311/909 kB | 338 kB
                                              
Downloaded from central: https://repo.maven.apache.org/maven2/org/antlr/antlr4-runtime/4.7.2/antlr4-runtime-4.7.2.jar (338 kB at 640 kB/s)
Downloading from central: https://repo.maven.apache.org/maven2/org/apache/maven/plugins/maven-shade-plugin/3.6.0/maven-shade-plugin-3.6.0.jar
Progress (3): 0.9/2.0 MB | 311/909 kB | 7.7/340 kB
Progress (3): 0.9/2.0 MB | 311/909 kB | 16/340 kB 
Progress (3): 0.9/2.0 MB | 311/909 kB | 29/340 kB
Progress (3): 0.9/2.0 MB | 311/909 kB | 45/340 kB
Progress (3): 0.9/2.0 MB | 311/909 kB | 61/340 kB
Progress (3): 0.9/2.0 MB | 311/909 kB | 78/340 kB
Progress (3): 0.9/2.0 MB | 311/909 kB | 94/340 kB
Progress (3): 0.9/2.0 MB | 311/909 kB | 111/340 kB
Progress (3): 0.9/2.0 MB | 311/909 kB | 127/340 kB
Progress (3): 0.9/2.0 MB | 311/909 kB | 143/340 kB
Progress (3): 0.9/2.0 MB | 311/909 kB | 160/340 kB
Progress (3): 0.9/2.0 MB | 311/909 kB | 160/340 kB
Progress (3): 0.9/2.0 MB | 311/909 kB | 176/340 kB
Progress (3): 0.9/2.0 MB | 327/909 kB | 176/340 kB
Progress (3): 0.9/2.0 MB | 327/909 kB | 193/340 kB
Progress (3): 0.9/2.0 MB | 327/909 kB | 209/340 kB
Progress (3): 0.9/2.0 MB | 327/909 kB | 213/340 kB
Progress (3): 0.9/2.0 MB | 327/909 kB | 225/340 kB
Progress (3): 1.0/2.0 MB | 327/909 kB | 225/340 kB
Progress (3): 1.0/2.0 MB | 327/909 kB | 242/340 kB
Progress (3): 1.0/2.0 MB | 327/909 kB | 258/340 kB
Progress (3): 1.0/2.0 MB | 327/909 kB | 258/340 kB
Progress (3): 1.0/2.0 MB | 327/909 kB | 258/340 kB
Progress (3): 1.0/2.0 MB | 327/909 kB | 258/340 kB
Progress (3): 1.0/2.0 MB | 343/909 kB | 258/340 kB
Progress (3): 1.0/2.0 MB | 343/909 kB | 274/340 kB
Progress (3): 1.0/2.0 MB | 343/909 kB | 291/340 kB
Progress (3): 1.0/2.0 MB | 343/909 kB | 307/340 kB
Progress (3): 1.0/2.0 MB | 343/909 kB | 324/340 kB
Progress (3): 1.0/2.0 MB | 343/909 kB | 340/340 kB
Progress (3): 1.0/2.0 MB | 360/909 kB | 340/340 kB
Progress (3): 1.0/2.0 MB | 360/909 kB | 340 kB    
Progress (3): 1.0/2.0 MB | 360/909 kB | 340 kB
Progress (3): 1.0/2.0 MB | 376/909 kB | 340 kB
Progress (3): 1.0/2.0 MB | 392/909 kB | 340 kB
Progress (3): 1.0/2.0 MB | 409/909 kB | 340 kB
Progress (3): 1.0/2.0 MB | 409/909 kB | 340 kB
Progress (3): 1.0/2.0 MB | 425/909 kB | 340 kB
Progress (3): 1.0/2.0 MB | 442/909 kB | 340 kB
Progress (3): 1.1/2.0 MB | 442/909 kB | 340 kB
Progress (3): 1.1/2.0 MB | 458/909 kB | 340 kB
Progress (3): 1.1/2.0 MB | 458/909 kB | 340 kB
Progress (3): 1.1/2.0 MB | 474/909 kB | 340 kB
Progress (3): 1.1/2.0 MB | 474/909 kB | 340 kB
Progress (3): 1.1/2.0 MB | 474/909 kB | 340 kB
Progress (3): 1.1/2.0 MB | 474/909 kB | 340 kB
                                              
Downloaded from central: https://repo.maven.apache.org/maven2/org/springframework/boot/spring-boot-loader-tools/4.0.5/spring-boot-loader-tools-4.0.5.jar (340 kB at 564 kB/s)
Downloading from central: https://repo.maven.apache.org/maven2/org/ow2/asm/asm/9.7/asm-9.7.jar
Progress (2): 1.1/2.0 MB | 491/909 kB
Progress (2): 1.1/2.0 MB | 491/909 kB
Progress (3): 1.1/2.0 MB | 491/909 kB | 7.7/74 kB
Progress (3): 1.1/2.0 MB | 491/909 kB | 16/74 kB 
Progress (3): 1.1/2.0 MB | 491/909 kB | 32/74 kB
Progress (3): 1.1/2.0 MB | 491/909 kB | 48/74 kB
Progress (3): 1.1/2.0 MB | 491/909 kB | 65/74 kB
Progress (3): 1.1/2.0 MB | 491/909 kB | 74 kB   
Progress (3): 1.1/2.0 MB | 507/909 kB | 74 kB
Progress (3): 1.1/2.0 MB | 524/909 kB | 74 kB
Progress (3): 1.2/2.0 MB | 524/909 kB | 74 kB
Progress (3): 1.2/2.0 MB | 540/909 kB | 74 kB
Progress (3): 1.2/2.0 MB | 556/909 kB | 74 kB
Progress (4): 1.2/2.0 MB | 556/909 kB | 74 kB | 7.7/150 kB
Progress (4): 1.2/2.0 MB | 556/909 kB | 74 kB | 12/150 kB 
Progress (4): 1.2/2.0 MB | 556/909 kB | 74 kB | 28/150 kB
Progress (4): 1.2/2.0 MB | 556/909 kB | 74 kB | 44/150 kB
Progress (4): 1.2/2.0 MB | 556/909 kB | 74 kB | 61/150 kB
Progress (4): 1.2/2.0 MB | 556/909 kB | 74 kB | 77/150 kB
                                                         
Downloaded from central: https://repo.maven.apache.org/maven2/commons-logging/commons-logging/1.3.5/commons-logging-1.3.5.jar (74 kB at 117 kB/s)
Downloading from central: https://repo.maven.apache.org/maven2/org/ow2/asm/asm-commons/9.7/asm-commons-9.7.jar
Progress (3): 1.2/2.0 MB | 556/909 kB | 77/150 kB
Progress (3): 1.2/2.0 MB | 573/909 kB | 77/150 kB
Progress (3): 1.2/2.0 MB | 573/909 kB | 93/150 kB
Progress (3): 1.2/2.0 MB | 573/909 kB | 110/150 kB
Progress (3): 1.2/2.0 MB | 573/909 kB | 110/150 kB
Progress (3): 1.2/2.0 MB | 589/909 kB | 110/150 kB
Progress (3): 1.2/2.0 MB | 589/909 kB | 126/150 kB
Progress (3): 1.2/2.0 MB | 589/909 kB | 143/150 kB
Progress (3): 1.2/2.0 MB | 589/909 kB | 150 kB    
Progress (3): 1.2/2.0 MB | 605/909 kB | 150 kB
Progress (3): 1.2/2.0 MB | 605/909 kB | 150 kB
Progress (4): 1.2/2.0 MB | 605/909 kB | 150 kB | 7.7/125 kB
Progress (4): 1.2/2.0 MB | 605/909 kB | 150 kB | 12/125 kB 
Progress (4): 1.2/2.0 MB | 605/909 kB | 150 kB | 29/125 kB
Progress (4): 1.2/2.0 MB | 605/909 kB | 150 kB | 45/125 kB
Progress (4): 1.2/2.0 MB | 605/909 kB | 150 kB | 61/125 kB
                                                          
Downloaded from central: https://repo.maven.apache.org/maven2/org/apache/maven/plugins/maven-shade-plugin/3.6.0/maven-shade-plugin-3.6.0.jar (150 kB at 228 kB/s)
Downloading from central: https://repo.maven.apache.org/maven2/org/ow2/asm/asm-tree/9.7/asm-tree-9.7.jar
Progress (3): 1.2/2.0 MB | 605/909 kB | 78/125 kB
Progress (3): 1.2/2.0 MB | 605/909 kB | 94/125 kB
Progress (3): 1.2/2.0 MB | 605/909 kB | 98/125 kB
Progress (3): 1.2/2.0 MB | 605/909 kB | 114/125 kB
Progress (3): 1.2/2.0 MB | 605/909 kB | 114/125 kB
Progress (3): 1.2/2.0 MB | 605/909 kB | 125 kB    
Progress (3): 1.2/2.0 MB | 622/909 kB | 125 kB
Progress (3): 1.2/2.0 MB | 622/909 kB | 125 kB
Progress (3): 1.2/2.0 MB | 638/909 kB | 125 kB
Progress (3): 1.3/2.0 MB | 638/909 kB | 125 kB
Progress (3): 1.3/2.0 MB | 655/909 kB | 125 kB
Progress (3): 1.3/2.0 MB | 671/909 kB | 125 kB
Progress (3): 1.3/2.0 MB | 671/909 kB | 125 kB
                                              
Downloaded from central: https://repo.maven.apache.org/maven2/org/ow2/asm/asm/9.7/asm-9.7.jar (125 kB at 187 kB/s)
Downloading from central: https://repo.maven.apache.org/maven2/org/jdom/jdom2/2.0.6.1/jdom2-2.0.6.1.jar
Progress (2): 1.3/2.0 MB | 671/909 kB
Progress (3): 1.3/2.0 MB | 671/909 kB | 7.7/73 kB
Progress (3): 1.3/2.0 MB | 671/909 kB | 16/73 kB 
Progress (3): 1.3/2.0 MB | 687/909 kB | 16/73 kB
Progress (3): 1.3/2.0 MB | 687/909 kB | 29/73 kB
Progress (3): 1.3/2.0 MB | 687/909 kB | 45/73 kB
Progress (3): 1.3/2.0 MB | 687/909 kB | 61/73 kB
Progress (3): 1.3/2.0 MB | 687/909 kB | 73 kB   
Progress (3): 1.3/2.0 MB | 687/909 kB | 73 kB
Progress (3): 1.3/2.0 MB | 704/909 kB | 73 kB
Progress (3): 1.3/2.0 MB | 720/909 kB | 73 kB
Progress (3): 1.3/2.0 MB | 720/909 kB | 73 kB
Progress (3): 1.3/2.0 MB | 720/909 kB | 73 kB
Progress (3): 1.3/2.0 MB | 737/909 kB | 73 kB
                                             
Downloaded from central: https://repo.maven.apache.org/maven2/org/ow2/asm/asm-commons/9.7/asm-commons-9.7.jar (73 kB at 104 kB/s)
Downloading from central: https://repo.maven.apache.org/maven2/org/vafer/jdependency/2.10/jdependency-2.10.jar
Progress (2): 1.4/2.0 MB | 737/909 kB
Progress (2): 1.4/2.0 MB | 753/909 kB
Progress (2): 1.4/2.0 MB | 753/909 kB
Progress (3): 1.4/2.0 MB | 753/909 kB | 7.7/328 kB
Progress (3): 1.4/2.0 MB | 753/909 kB | 16/328 kB 
Progress (4): 1.4/2.0 MB | 753/909 kB | 16/328 kB | 3.4/52 kB
Progress (4): 1.4/2.0 MB | 753/909 kB | 29/328 kB | 3.4/52 kB
Progress (4): 1.4/2.0 MB | 753/909 kB | 29/328 kB | 12/52 kB 
Progress (4): 1.4/2.0 MB | 753/909 kB | 45/328 kB | 12/52 kB
Progress (4): 1.4/2.0 MB | 753/909 kB | 61/328 kB | 12/52 kB
Progress (4): 1.4/2.0 MB | 753/909 kB | 78/328 kB | 12/52 kB
Progress (4): 1.4/2.0 MB | 753/909 kB | 94/328 kB | 12/52 kB
Progress (4): 1.4/2.0 MB | 753/909 kB | 111/328 kB | 12/52 kB
Progress (4): 1.4/2.0 MB | 753/909 kB | 111/328 kB | 28/52 kB
Progress (4): 1.4/2.0 MB | 753/909 kB | 127/328 kB | 28/52 kB
Progress (4): 1.4/2.0 MB | 753/909 kB | 143/328 kB | 28/52 kB
Progress (4): 1.4/2.0 MB | 769/909 kB | 143/328 kB | 28/52 kB
Progress (4): 1.4/2.0 MB | 769/909 kB | 160/328 kB | 28/52 kB
Progress (4): 1.4/2.0 MB | 769/909 kB | 176/328 kB | 28/52 kB
Progress (4): 1.4/2.0 MB | 769/909 kB | 193/328 kB | 28/52 kB
Progress (4): 1.4/2.0 MB | 769/909 kB | 193/328 kB | 44/52 kB
Progress (4): 1.4/2.0 MB | 769/909 kB | 209/328 kB | 44/52 kB
Progress (4): 1.4/2.0 MB | 769/909 kB | 209/328 kB | 44/52 kB
Progress (4): 1.4/2.0 MB | 769/909 kB | 225/328 kB | 44/52 kB
Progress (4): 1.4/2.0 MB | 769/909 kB | 225/328 kB | 52 kB   
Progress (4): 1.4/2.0 MB | 769/909 kB | 242/328 kB | 52 kB
Progress (4): 1.4/2.0 MB | 769/909 kB | 258/328 kB | 52 kB
Progress (4): 1.4/2.0 MB | 786/909 kB | 258/328 kB | 52 kB
Progress (4): 1.4/2.0 MB | 786/909 kB | 274/328 kB | 52 kB
Progress (4): 1.4/2.0 MB | 786/909 kB | 291/328 kB | 52 kB
                                                          
Downloaded from central: https://repo.maven.apache.org/maven2/org/ow2/asm/asm-tree/9.7/asm-tree-9.7.jar (52 kB at 69 kB/s)
Progress (3): 1.4/2.0 MB | 786/909 kB | 307/328 kB
Progress (3): 1.4/2.0 MB | 786/909 kB | 324/328 kB
Progress (3): 1.4/2.0 MB | 786/909 kB | 328 kB    
                                              
Downloaded from central: https://repo.maven.apache.org/maven2/org/jdom/jdom2/2.0.6.1/jdom2-2.0.6.1.jar (328 kB at 423 kB/s)
Progress (2): 1.4/2.0 MB | 786/909 kB
Progress (2): 1.4/2.0 MB | 802/909 kB
Progress (2): 1.4/2.0 MB | 802/909 kB
Progress (2): 1.4/2.0 MB | 802/909 kB
Progress (2): 1.4/2.0 MB | 818/909 kB
Progress (2): 1.4/2.0 MB | 835/909 kB
Progress (2): 1.5/2.0 MB | 835/909 kB
Progress (2): 1.5/2.0 MB | 851/909 kB
Progress (2): 1.5/2.0 MB | 851/909 kB
Progress (2): 1.5/2.0 MB | 851/909 kB
Progress (2): 1.5/2.0 MB | 868/909 kB
Progress (2): 1.5/2.0 MB | 884/909 kB
Progress (2): 1.5/2.0 MB | 884/909 kB
Progress (2): 1.5/2.0 MB | 900/909 kB
Progress (2): 1.5/2.0 MB | 900/909 kB
Progress (2): 1.5/2.0 MB | 909 kB    
Progress (3): 1.5/2.0 MB | 909 kB | 7.7/416 kB
Progress (3): 1.5/2.0 MB | 909 kB | 12/416 kB 
Progress (3): 1.5/2.0 MB | 909 kB | 29/416 kB
Progress (3): 1.5/2.0 MB | 909 kB | 45/416 kB
Progress (3): 1.5/2.0 MB | 909 kB | 61/416 kB
Progress (3): 1.5/2.0 MB | 909 kB | 61/416 kB
Progress (3): 1.5/2.0 MB | 909 kB | 78/416 kB
Progress (3): 1.5/2.0 MB | 909 kB | 94/416 kB
                                             
Downloaded from central: https://repo.maven.apache.org/maven2/org/apache/httpcomponents/core5/httpcore5/5.3.6/httpcore5-5.3.6.jar (909 kB at 1.1 MB/s)
Progress (2): 1.5/2.0 MB | 111/416 kB
Progress (2): 1.6/2.0 MB | 111/416 kB
Progress (2): 1.6/2.0 MB | 127/416 kB
Progress (2): 1.6/2.0 MB | 143/416 kB
Progress (2): 1.6/2.0 MB | 160/416 kB
Progress (2): 1.6/2.0 MB | 176/416 kB
Progress (2): 1.6/2.0 MB | 193/416 kB
Progress (2): 1.6/2.0 MB | 209/416 kB
Progress (2): 1.6/2.0 MB | 209/416 kB
Progress (2): 1.6/2.0 MB | 225/416 kB
Progress (2): 1.6/2.0 MB | 225/416 kB
Progress (2): 1.6/2.0 MB | 242/416 kB
Progress (2): 1.6/2.0 MB | 258/416 kB
Progress (2): 1.6/2.0 MB | 274/416 kB
Progress (2): 1.6/2.0 MB | 291/416 kB
Progress (2): 1.6/2.0 MB | 307/416 kB
Progress (2): 1.6/2.0 MB | 324/416 kB
Progress (2): 1.6/2.0 MB | 340/416 kB
Progress (2): 1.6/2.0 MB | 356/416 kB
Progress (2): 1.6/2.0 MB | 356/416 kB
Progress (2): 1.6/2.0 MB | 373/416 kB
Progress (2): 1.6/2.0 MB | 389/416 kB
Progress (2): 1.6/2.0 MB | 406/416 kB
Progress (2): 1.6/2.0 MB | 416 kB    
Progress (2): 1.6/2.0 MB | 416 kB
Progress (2): 1.6/2.0 MB | 416 kB
Progress (2): 1.6/2.0 MB | 416 kB
Progress (2): 1.7/2.0 MB | 416 kB
Progress (2): 1.7/2.0 MB | 416 kB
Progress (2): 1.7/2.0 MB | 416 kB
Progress (2): 1.7/2.0 MB | 416 kB
                                 
Downloaded from central: https://repo.maven.apache.org/maven2/org/vafer/jdependency/2.10/jdependency-2.10.jar (416 kB at 485 kB/s)
Progress (1): 1.7/2.0 MB
Progress (1): 1.7/2.0 MB
Progress (1): 1.8/2.0 MB
Progress (1): 1.8/2.0 MB
Progress (1): 1.8/2.0 MB
Progress (1): 1.8/2.0 MB
Progress (1): 1.8/2.0 MB
Progress (1): 1.8/2.0 MB
Progress (1): 1.9/2.0 MB
Progress (1): 1.9/2.0 MB
Progress (1): 1.9/2.0 MB
Progress (1): 1.9/2.0 MB
Progress (1): 1.9/2.0 MB
Progress (1): 1.9/2.0 MB
Progress (1): 2.0/2.0 MB
Progress (1): 2.0/2.0 MB
Progress (1): 2.0/2.0 MB
Progress (1): 2.0 MB    
                    
Downloaded from central: https://repo.maven.apache.org/maven2/net/java/dev/jna/jna/5.17.0/jna-5.17.0.jar (2.0 MB at 2.0 MB/s)
[INFO] Replacing main artifact D:\PROJECTS\pharma label designer\backend\target\api-0.0.1-SNAPSHOT.jar with repackaged archive, adding nested dependencies in BOOT-INF/.
[INFO] The original artifact has been renamed to D:\PROJECTS\pharma label designer\backend\target\api-0.0.1-SNAPSHOT.jar.original
[INFO] 
[INFO] --- install:3.1.4:install (default-install) @ api ---
Downloading from central: https://repo.maven.apache.org/maven2/org/apache/maven/resolver/maven-resolver-util/1.9.22/maven-resolver-util-1.9.22.pom
Progress (1): 838 B
Progress (1): 2.2 kB
                    
Downloaded from central: https://repo.maven.apache.org/maven2/org/apache/maven/resolver/maven-resolver-util/1.9.22/maven-resolver-util-1.9.22.pom (2.2 kB at 24 kB/s)
Downloading from central: https://repo.maven.apache.org/maven2/org/apache/maven/resolver/maven-resolver/1.9.22/maven-resolver-1.9.22.pom
Progress (1): 756 B
Progress (1): 2.3 kB
Progress (1): 4.0 kB
Progress (1): 9.2 kB
Progress (1): 12 kB 
Progress (1): 16 kB
Progress (1): 19 kB
Progress (1): 22 kB
Progress (1): 23 kB
                   
Downloaded from central: https://repo.maven.apache.org/maven2/org/apache/maven/resolver/maven-resolver/1.9.22/maven-resolver-1.9.22.pom (23 kB at 398 kB/s)
Downloading from central: https://repo.maven.apache.org/maven2/org/apache/maven/resolver/maven-resolver-api/1.9.22/maven-resolver-api-1.9.22.pom
Progress (1): 834 B
Progress (1): 2.2 kB
                    
Downloaded from central: https://repo.maven.apache.org/maven2/org/apache/maven/resolver/maven-resolver-api/1.9.22/maven-resolver-api-1.9.22.pom (2.2 kB at 35 kB/s)
Downloading from central: https://repo.maven.apache.org/maven2/org/apache/maven/resolver/maven-resolver-util/1.9.22/maven-resolver-util-1.9.22.jar
Progress (1): 7.7/196 kB
Progress (1): 16/196 kB 
Progress (1): 29/196 kB
Progress (1): 45/196 kB
Progress (1): 61/196 kB
Progress (1): 78/196 kB
Progress (1): 94/196 kB
Progress (1): 111/196 kB
Progress (1): 127/196 kB
Progress (1): 143/196 kB
Progress (1): 160/196 kB
Progress (1): 176/196 kB
Progress (1): 193/196 kB
Progress (1): 196 kB    
                    
Downloaded from central: https://repo.maven.apache.org/maven2/org/apache/maven/resolver/maven-resolver-util/1.9.22/maven-resolver-util-1.9.22.jar (196 kB at 1.4 MB/s)
Downloading from central: https://repo.maven.apache.org/maven2/org/apache/maven/resolver/maven-resolver-api/1.9.22/maven-resolver-api-1.9.22.jar
Progress (1): 7.7/157 kB
Progress (1): 16/157 kB 
Progress (1): 32/157 kB
Progress (1): 49/157 kB
Progress (1): 65/157 kB
Progress (1): 81/157 kB
Progress (1): 98/157 kB
Progress (1): 114/157 kB
Progress (1): 130/157 kB
Progress (1): 147/157 kB
Progress (1): 157 kB    
                    
Downloaded from central: https://repo.maven.apache.org/maven2/org/apache/maven/resolver/maven-resolver-api/1.9.22/maven-resolver-api-1.9.22.jar (157 kB at 1.3 MB/s)
[INFO] Installing D:\PROJECTS\pharma label designer\backend\pom.xml to C:\Users\gutta\.m2\repository\com\pharmalabel\api\0.0.1-SNAPSHOT\api-0.0.1-SNAPSHOT.pom
[INFO] Installing D:\PROJECTS\pharma label designer\backend\target\api-0.0.1-SNAPSHOT.jar to C:\Users\gutta\.m2\repository\com\pharmalabel\api\0.0.1-SNAPSHOT\api-0.0.1-SNAPSHOT.jar
[INFO] ------------------------------------------------------------------------
[INFO] BUILD SUCCESS
[INFO] ------------------------------------------------------------------------
[INFO] Total time:  22.612 s
[INFO] Finished at: 2026-03-27T21:11:52+05:30
[INFO] ------------------------------------------------------------------------
