[INFO] Scanning for projects...
[INFO] 
[INFO] ------------------------< com.pharmalabel:api >-------------------------
[INFO] Building api 0.0.1-SNAPSHOT
[INFO]   from pom.xml
[INFO] --------------------------------[ jar ]---------------------------------
[INFO] 
[INFO] --- clean:3.5.0:clean (default-clean) @ api ---
[INFO] Deleting D:\PROJECTS\pharma label designer\backend\target
[INFO] 
[INFO] --- resources:3.3.1:resources (default-resources) @ api ---
[INFO] Copying 2 resources from src\main\resources to target\classes
[INFO] Copying 0 resource from src\main\resources to target\classes
[INFO] 
[INFO] --- compiler:3.14.1:compile (default-compile) @ api ---
[INFO] Recompiling the module because of changed source code.
[INFO] Compiling 50 source files with javac [debug parameters release 17] to target\classes
[INFO] -------------------------------------------------------------
[WARNING] COMPILATION WARNING : 
[INFO] -------------------------------------------------------------
[WARNING] /D:/PROJECTS/pharma label designer/backend/src/main/java/com/pharmalabel/api/models/UserAuthToken.java:[35,21] @Builder will ignore the initializing expression entirely. If you want the initializing expression to serve as default, add @Builder.Default. If it is not supposed to be settable during building, make the field final.
[WARNING] /D:/PROJECTS/pharma label designer/backend/src/main/java/com/pharmalabel/api/models/Permission.java:[33,21] @Builder will ignore the initializing expression entirely. If you want the initializing expression to serve as default, add @Builder.Default. If it is not supposed to be settable during building, make the field final.
[WARNING] /D:/PROJECTS/pharma label designer/backend/src/main/java/com/pharmalabel/api/models/User.java:[38,20] @Builder will ignore the initializing expression entirely. If you want the initializing expression to serve as default, add @Builder.Default. If it is not supposed to be settable during building, make the field final.
[WARNING] /D:/PROJECTS/pharma label designer/backend/src/main/java/com/pharmalabel/api/models/User.java:[41,21] @Builder will ignore the initializing expression entirely. If you want the initializing expression to serve as default, add @Builder.Default. If it is not supposed to be settable during building, make the field final.
[WARNING] /D:/PROJECTS/pharma label designer/backend/src/main/java/com/pharmalabel/api/models/User.java:[44,21] @Builder will ignore the initializing expression entirely. If you want the initializing expression to serve as default, add @Builder.Default. If it is not supposed to be settable during building, make the field final.
[WARNING] /D:/PROJECTS/pharma label designer/backend/src/main/java/com/pharmalabel/api/models/User.java:[53,21] @Builder will ignore the initializing expression entirely. If you want the initializing expression to serve as default, add @Builder.Default. If it is not supposed to be settable during building, make the field final.
[INFO] 6 warnings 
[INFO] -------------------------------------------------------------
[INFO] -------------------------------------------------------------
[ERROR] COMPILATION ERROR : 
[INFO] -------------------------------------------------------------
[ERROR] /D:/PROJECTS/pharma label designer/backend/src/main/java/com/pharmalabel/api/models/SavedTemplate.java:[64,6] cannot find symbol
  symbol:   class ManyToOne
  location: class com.pharmalabel.api.models.SavedTemplate
[ERROR] /D:/PROJECTS/pharma label designer/backend/src/main/java/com/pharmalabel/api/models/SavedTemplate.java:[64,24] cannot find symbol
  symbol:   variable FetchType
  location: class com.pharmalabel.api.models.SavedTemplate
[ERROR] /D:/PROJECTS/pharma label designer/backend/src/main/java/com/pharmalabel/api/models/SavedTemplate.java:[65,6] cannot find symbol
  symbol:   class JoinColumn
  location: class com.pharmalabel.api.models.SavedTemplate
[ERROR] /D:/PROJECTS/pharma label designer/backend/src/main/java/com/pharmalabel/api/models/SavedTemplate.java:[68,6] cannot find symbol
  symbol:   class ManyToOne
  location: class com.pharmalabel.api.models.SavedTemplate
[ERROR] /D:/PROJECTS/pharma label designer/backend/src/main/java/com/pharmalabel/api/models/SavedTemplate.java:[68,24] cannot find symbol
  symbol:   variable FetchType
  location: class com.pharmalabel.api.models.SavedTemplate
[ERROR] /D:/PROJECTS/pharma label designer/backend/src/main/java/com/pharmalabel/api/models/SavedTemplate.java:[69,6] cannot find symbol
  symbol:   class JoinColumn
  location: class com.pharmalabel.api.models.SavedTemplate
[ERROR] /D:/PROJECTS/pharma label designer/backend/src/main/java/com/pharmalabel/api/models/SavedTemplate.java:[72,6] cannot find symbol
  symbol:   class ManyToOne
  location: class com.pharmalabel.api.models.SavedTemplate
[ERROR] /D:/PROJECTS/pharma label designer/backend/src/main/java/com/pharmalabel/api/models/SavedTemplate.java:[72,24] cannot find symbol
  symbol:   variable FetchType
  location: class com.pharmalabel.api.models.SavedTemplate
[ERROR] /D:/PROJECTS/pharma label designer/backend/src/main/java/com/pharmalabel/api/models/SavedTemplate.java:[73,6] cannot find symbol
  symbol:   class JoinColumn
  location: class com.pharmalabel.api.models.SavedTemplate
[ERROR] /D:/PROJECTS/pharma label designer/backend/src/main/java/com/pharmalabel/api/services/impl/UserServiceImpl.java:[43,6] cannot find symbol
  symbol:   class Transactional
  location: class com.pharmalabel.api.services.impl.UserServiceImpl
[ERROR] /D:/PROJECTS/pharma label designer/backend/src/main/java/com/pharmalabel/api/services/impl/UserServiceImpl.java:[52,6] cannot find symbol
  symbol:   class Transactional
  location: class com.pharmalabel.api.services.impl.UserServiceImpl
[INFO] 11 errors 
[INFO] -------------------------------------------------------------
[INFO] ------------------------------------------------------------------------
[INFO] BUILD FAILURE
[INFO] ------------------------------------------------------------------------
[INFO] Total time:  4.047 s
[INFO] Finished at: 2026-03-28T13:10:21+05:30
[INFO] ------------------------------------------------------------------------
[ERROR] Failed to execute goal org.apache.maven.plugins:maven-compiler-plugin:3.14.1:compile (default-compile) on project api: Compilation failure: Compilation failure: 
[ERROR] /D:/PROJECTS/pharma label designer/backend/src/main/java/com/pharmalabel/api/models/SavedTemplate.java:[64,6] cannot find symbol
[ERROR]   symbol:   class ManyToOne
[ERROR]   location: class com.pharmalabel.api.models.SavedTemplate
[ERROR] /D:/PROJECTS/pharma label designer/backend/src/main/java/com/pharmalabel/api/models/SavedTemplate.java:[64,24] cannot find symbol
[ERROR]   symbol:   variable FetchType
[ERROR]   location: class com.pharmalabel.api.models.SavedTemplate
[ERROR] /D:/PROJECTS/pharma label designer/backend/src/main/java/com/pharmalabel/api/models/SavedTemplate.java:[65,6] cannot find symbol
[ERROR]   symbol:   class JoinColumn
[ERROR]   location: class com.pharmalabel.api.models.SavedTemplate
[ERROR] /D:/PROJECTS/pharma label designer/backend/src/main/java/com/pharmalabel/api/models/SavedTemplate.java:[68,6] cannot find symbol
[ERROR]   symbol:   class ManyToOne
[ERROR]   location: class com.pharmalabel.api.models.SavedTemplate
[ERROR] /D:/PROJECTS/pharma label designer/backend/src/main/java/com/pharmalabel/api/models/SavedTemplate.java:[68,24] cannot find symbol
[ERROR]   symbol:   variable FetchType
[ERROR]   location: class com.pharmalabel.api.models.SavedTemplate
[ERROR] /D:/PROJECTS/pharma label designer/backend/src/main/java/com/pharmalabel/api/models/SavedTemplate.java:[69,6] cannot find symbol
[ERROR]   symbol:   class JoinColumn
[ERROR]   location: class com.pharmalabel.api.models.SavedTemplate
[ERROR] /D:/PROJECTS/pharma label designer/backend/src/main/java/com/pharmalabel/api/models/SavedTemplate.java:[72,6] cannot find symbol
[ERROR]   symbol:   class ManyToOne
[ERROR]   location: class com.pharmalabel.api.models.SavedTemplate
[ERROR] /D:/PROJECTS/pharma label designer/backend/src/main/java/com/pharmalabel/api/models/SavedTemplate.java:[72,24] cannot find symbol
[ERROR]   symbol:   variable FetchType
[ERROR]   location: class com.pharmalabel.api.models.SavedTemplate
[ERROR] /D:/PROJECTS/pharma label designer/backend/src/main/java/com/pharmalabel/api/models/SavedTemplate.java:[73,6] cannot find symbol
[ERROR]   symbol:   class JoinColumn
[ERROR]   location: class com.pharmalabel.api.models.SavedTemplate
[ERROR] /D:/PROJECTS/pharma label designer/backend/src/main/java/com/pharmalabel/api/services/impl/UserServiceImpl.java:[43,6] cannot find symbol
[ERROR]   symbol:   class Transactional
[ERROR]   location: class com.pharmalabel.api.services.impl.UserServiceImpl
[ERROR] /D:/PROJECTS/pharma label designer/backend/src/main/java/com/pharmalabel/api/services/impl/UserServiceImpl.java:[52,6] cannot find symbol
[ERROR]   symbol:   class Transactional
[ERROR]   location: class com.pharmalabel.api.services.impl.UserServiceImpl
[ERROR] -> [Help 1]
[ERROR] 
[ERROR] To see the full stack trace of the errors, re-run Maven with the -e switch.
[ERROR] Re-run Maven using the -X switch to enable full debug logging.
[ERROR] 
[ERROR] For more information about the errors and possible solutions, please read the following articles:
[ERROR] [Help 1] http://cwiki.apache.org/confluence/display/MAVEN/MojoFailureException
